Archive member included because of file (symbol)

/usr/lib/gcc/avr/4.3.4/../../../avr/lib/avr51/libprintf_flt.a(vfprintf_flt.o)
                              (vfprintf)
/usr/lib/gcc/avr/4.3.4/../../../avr/lib/avr51/libm.a(addsf3.o)
                              ../../../src/drivers/platform/micaZ/source/mda100_driver.o (__subsf3)
/usr/lib/gcc/avr/4.3.4/../../../avr/lib/avr51/libm.a(addsf3x.o)
                              /usr/lib/gcc/avr/4.3.4/../../../avr/lib/avr51/libm.a(addsf3.o) (__addsf3x)
/usr/lib/gcc/avr/4.3.4/../../../avr/lib/avr51/libm.a(divsf3.o)
                              ../../../src/drivers/platform/micaZ/source/adc_driver.o (__divsf3)
/usr/lib/gcc/avr/4.3.4/../../../avr/lib/avr51/libm.a(divsf3x.o)
                              /usr/lib/gcc/avr/4.3.4/../../../avr/lib/avr51/libm.a(divsf3.o) (__divsf3x)
/usr/lib/gcc/avr/4.3.4/../../../avr/lib/avr51/libm.a(fixunssfsi.o)
                              ../../../src/drivers/platform/micaZ/source/TUM_LKN_Sensorboard_driver.o (__fixunssfsi)
/usr/lib/gcc/avr/4.3.4/../../../avr/lib/avr51/libm.a(floatsisf.o)
                              ../../../src/drivers/platform/micaZ/source/adc_driver.o (__floatunsisf)
/usr/lib/gcc/avr/4.3.4/../../../avr/lib/avr51/libm.a(fp_inf.o)
                              /usr/lib/gcc/avr/4.3.4/../../../avr/lib/avr51/libm.a(addsf3x.o) (__fp_inf)
/usr/lib/gcc/avr/4.3.4/../../../avr/lib/avr51/libm.a(fp_nan.o)
                              /usr/lib/gcc/avr/4.3.4/../../../avr/lib/avr51/libm.a(addsf3x.o) (__fp_nan)
/usr/lib/gcc/avr/4.3.4/../../../avr/lib/avr51/libm.a(fp_pscA.o)
                              /usr/lib/gcc/avr/4.3.4/../../../avr/lib/avr51/libm.a(addsf3x.o) (__fp_pscA)
/usr/lib/gcc/avr/4.3.4/../../../avr/lib/avr51/libm.a(fp_pscB.o)
                              /usr/lib/gcc/avr/4.3.4/../../../avr/lib/avr51/libm.a(addsf3x.o) (__fp_pscB)
/usr/lib/gcc/avr/4.3.4/../../../avr/lib/avr51/libm.a(fp_round.o)
                              /usr/lib/gcc/avr/4.3.4/../../../avr/lib/avr51/libm.a(addsf3.o) (__fp_round)
/usr/lib/gcc/avr/4.3.4/../../../avr/lib/avr51/libm.a(fp_split3.o)
                              /usr/lib/gcc/avr/4.3.4/../../../avr/lib/avr51/libm.a(addsf3x.o) (__fp_split3)
/usr/lib/gcc/avr/4.3.4/../../../avr/lib/avr51/libm.a(fp_zero.o)
                              /usr/lib/gcc/avr/4.3.4/../../../avr/lib/avr51/libm.a(addsf3x.o) (__fp_zero)
/usr/lib/gcc/avr/4.3.4/../../../avr/lib/avr51/libm.a(gesf2.o)
                              ../../../src/drivers/platform/micaZ/source/TUM_LKN_Sensorboard_driver.o (__gesf2)
/usr/lib/gcc/avr/4.3.4/../../../avr/lib/avr51/libm.a(log.o)
                              ../../../src/drivers/platform/micaZ/source/mda100_driver.o (log)
/usr/lib/gcc/avr/4.3.4/../../../avr/lib/avr51/libm.a(mulsf3.o)
                              ../../../src/drivers/platform/micaZ/source/mda100_driver.o (__mulsf3)
/usr/lib/gcc/avr/4.3.4/../../../avr/lib/avr51/libm.a(mulsf3x.o)
                              /usr/lib/gcc/avr/4.3.4/../../../avr/lib/avr51/libm.a(log.o) (__mulsf3x)
/usr/lib/gcc/avr/4.3.4/../../../avr/lib/avr51/libm.a(pow.o)
                              ../../../src/drivers/platform/micaZ/source/mda100_driver.o (pow)
/usr/lib/gcc/avr/4.3.4/../../../avr/lib/avr51/libm.a(exp.o)
                              /usr/lib/gcc/avr/4.3.4/../../../avr/lib/avr51/libm.a(pow.o) (exp)
/usr/lib/gcc/avr/4.3.4/../../../avr/lib/avr51/libm.a(fp_cmp.o)
                              /usr/lib/gcc/avr/4.3.4/../../../avr/lib/avr51/libm.a(gesf2.o) (__fp_cmp)
/usr/lib/gcc/avr/4.3.4/../../../avr/lib/avr51/libm.a(fp_mpack.o)
                              /usr/lib/gcc/avr/4.3.4/../../../avr/lib/avr51/libm.a(log.o) (__fp_mpack)
/usr/lib/gcc/avr/4.3.4/../../../avr/lib/avr51/libm.a(fp_powser.o)
                              /usr/lib/gcc/avr/4.3.4/../../../avr/lib/avr51/libm.a(log.o) (__fp_powser)
/usr/lib/gcc/avr/4.3.4/../../../avr/lib/avr51/libm.a(inverse.o)
                              /usr/lib/gcc/avr/4.3.4/../../../avr/lib/avr51/libm.a(exp.o) (inverse)
/usr/lib/gcc/avr/4.3.4/../../../avr/lib/avr51/libm.a(ldexp.o)
                              /usr/lib/gcc/avr/4.3.4/../../../avr/lib/avr51/libm.a(exp.o) (ldexp)
/usr/lib/gcc/avr/4.3.4/../../../avr/lib/avr51/libm.a(modf.o)
                              /usr/lib/gcc/avr/4.3.4/../../../avr/lib/avr51/libm.a(exp.o) (modf)
/usr/lib/gcc/avr/4.3.4/avr51/libgcc.a(_mulsi3.o)
                              ../../../src/kernel/source/nrk_stats.o (__mulsi3)
/usr/lib/gcc/avr/4.3.4/avr51/libgcc.a(_udivmodhi4.o)
                              ../../../src/kernel/source/nrk_scheduler.o (__udivmodhi4)
/usr/lib/gcc/avr/4.3.4/avr51/libgcc.a(_udivmodsi4.o)
                              ../../../src/kernel/source/nrk_stats.o (__udivmodsi4)
/usr/lib/gcc/avr/4.3.4/avr51/libgcc.a(_exit.o)
                              /usr/lib/gcc/avr/4.3.4/../../../avr/lib/avr51/crtm128.o (exit)
/usr/lib/gcc/avr/4.3.4/avr51/libgcc.a(_clear_bss.o)
                              main.o (__do_clear_bss)
[...]
Memory Configuration

Name             Origin             Length             Attributes
text             0x00000000         0x00020000         xr
data             0x00800060         0x0000ffa0         rw !x
eeprom           0x00810000         0x00010000         rw !x
fuse             0x00820000         0x00000400         rw !x
lock             0x00830000         0x00000400         rw !x
signature        0x00840000         0x00000400         rw !x
*default*        0x00000000         0xffffffff

Linker script and memory map

Address of section .data set to 0x800100
LOAD /usr/lib/gcc/avr/4.3.4/../../../avr/lib/avr51/crtm128.o
LOAD main.o
LOAD ../../../src/radio/cc2420/source/hal_rf_set_channel.o
LOAD ../../../src/radio/cc2420/source/hal_rf_wait_for_crystal_oscillator.o
LOAD ../../../src/radio/cc2420/source/basic_rf.o
LOAD ../../../src/platform/micaZ/source/ulib.o
LOAD ../../../src/platform/micaZ/source/hal_wait.o
LOAD ../../../src/platform/micaZ/source/nrk_eeprom.o
LOAD ../../../src/kernel/source/nrk.o
LOAD ../../../src/kernel/source/nrk_stats.o
LOAD ../../../src/kernel/source/nrk_error.o
LOAD ../../../src/kernel/source/nrk_stack_check.o
LOAD ../../../src/kernel/source/nrk_events.o
LOAD ../../../src/kernel/source/nrk_task.o
LOAD ../../../src/kernel/source/nrk_time.o
LOAD ../../../src/kernel/source/nrk_idle_task.o
LOAD ../../../src/kernel/source/nrk_scheduler.o
LOAD ../../../src/kernel/source/nrk_driver.o
LOAD ../../../src/kernel/source/nrk_reserve.o
LOAD ../../../src/kernel/source/nrk_sw_wdt.o
LOAD ../../../src/kernel/hal/atmega128/nrk_timer.o
LOAD ../../../src/kernel/hal/atmega128/nrk_status.o
LOAD ../../../src/kernel/hal/atmega128/nrk_ext_int.o
LOAD ../../../src/kernel/hal/atmega128/nrk_watchdog.o
LOAD ../../../src/kernel/hal/atmega128/nrk_cpu.o
LOAD ../../../src/drivers/platform/micaZ/source/ad5242.o
LOAD ../../../src/drivers/platform/micaZ/source/adc_driver.o
LOAD ../../../src/drivers/platform/micaZ/source/i2c_driver.o
LOAD ../../../src/drivers/platform/micaZ/source/mda100_driver.o
LOAD ../../../src/drivers/platform/micaZ/source/mts310cb_driver.o
LOAD ../../../src/drivers/platform/micaZ/source/DS2401.o
LOAD ../../../src/drivers/platform/micaZ/source/DOGM128-6_Graphicdisplay_driver.o
LOAD ../../../src/drivers/platform/micaZ/source/eDIP240-7_TouchPanel_driver.o
LOAD ../../../src/drivers/platform/micaZ/source/TUM_LKN_Sensorboard_driver.o
LOAD ../../../src/kernel/hal/atmega128/atmel_hw_specific.o
LOAD /usr/lib/gcc/avr/4.3.4/../../../avr/lib/avr51/libprintf_flt.a
LOAD /usr/lib/gcc/avr/4.3.4/../../../avr/lib/avr51/libm.a
LOAD /usr/lib/gcc/avr/4.3.4/avr51/libgcc.a
LOAD /usr/lib/gcc/avr/4.3.4/../../../avr/lib/avr51/libc.a
LOAD /usr/lib/gcc/avr/4.3.4/avr51/libgcc.a

.hash
 *(.hash)

.dynsym
 *(.dynsym)

.dynstr
 *(.dynstr)

.gnu.version
 *(.gnu.version)

.gnu.version_d
 *(.gnu.version_d)

.gnu.version_r
 *(.gnu.version_r)

.rel.init
 *(.rel.init)

.rela.init
 *(.rela.init)

.rel.text
 *(.rel.text)
 *(.rel.text.*)
 *(.rel.gnu.linkonce.t*)

.rela.text
 *(.rela.text)
 *(.rela.text.*)
 *(.rela.gnu.linkonce.t*)

.rel.fini
 *(.rel.fini)

.rela.fini
 *(.rela.fini)

.rel.rodata
 *(.rel.rodata)
 *(.rel.rodata.*)
 *(.rel.gnu.linkonce.r*)

.rela.rodata
 *(.rela.rodata)
 *(.rela.rodata.*)
 *(.rela.gnu.linkonce.r*)

.rel.data
 *(.rel.data)
 *(.rel.data.*)
 *(.rel.gnu.linkonce.d*)

.rela.data
 *(.rela.data)
 *(.rela.data.*)
 *(.rela.gnu.linkonce.d*)

.rel.ctors
 *(.rel.ctors)

.rela.ctors
 *(.rela.ctors)

.rel.dtors
 *(.rel.dtors)

.rela.dtors
 *(.rela.dtors)

.rel.got
 *(.rel.got)

.rela.got
 *(.rela.got)

.rel.bss
 *(.rel.bss)

.rela.bss
 *(.rela.bss)

.rel.plt
 *(.rel.plt)

.rela.plt
 *(.rela.plt)

.text           0x00000000     0x9de2
 *(.vectors)
 .vectors       0x00000000       0x8c /usr/lib/gcc/avr/4.3.4/../../../avr/lib/avr51/crtm128.o
                0x00000000                __vectors
 *(.vectors)
 *(.progmem.gcc*)
 .progmem.gcc_sw_table
                0x0000008c       0x2c ../../../src/kernel/source/nrk_error.o
 .progmem.gcc_fplib
                0x000000b8       0x5a /usr/lib/gcc/avr/4.3.4/../../../avr/lib/avr51/libm.a(log.o)
 .progmem.gcc_fplib
                0x00000112       0x28 /usr/lib/gcc/avr/4.3.4/../../../avr/lib/avr51/libm.a(exp.o)
 *(.progmem*)
 .progmem.data  0x0000013a       0x11 main.o
 .progmem.data  0x0000014b       0xec ../../../src/kernel/source/nrk_stats.o
 .progmem.data  0x00000237      0x238 ../../../src/kernel/source/nrk_error.o
 .progmem.data  0x0000046f        0xf ../../../src/kernel/source/nrk_stack_check.o
 .progmem.data  0x0000047e      0x500 ../../../src/drivers/platform/micaZ/source/DOGM128-6_Graphicdisplay_driver.o
                0x0000047e                font5x7
 .progmem.data  0x0000097e        0x8 /usr/lib/gcc/avr/4.3.4/../../../avr/lib/avr51/libprintf_flt.a(vfprintf_flt.o)
 .progmem.data  0x00000986       0xfa /usr/lib/gcc/avr/4.3.4/../../../avr/lib/avr51/libc.a(ftoa_engine.o)
                0x00000a80                . = ALIGN (0x2)
                0x00000a80                __trampolines_start = .
 *(.trampolines)
 .trampolines   0x00000a80        0x0 linker stubs
 *(.trampolines*)
                0x00000a80                __trampolines_end = .
 *(.jumptables)
 *(.jumptables*)
 *(.lowtext)
 *(.lowtext*)
                0x00000a80                __ctors_start = .
 *(.ctors)
                0x00000a80                __ctors_end = .
                0x00000a80                __dtors_start = .
 *(.dtors)
                0x00000a80                __dtors_end = .
 SORT(*)(.ctors)
 SORT(*)(.dtors)
 *(.init0)
 .init0         0x00000a80        0x0 /usr/lib/gcc/avr/4.3.4/../../../avr/lib/avr51/crtm128.o
                0x00000a80                __init
 *(.init0)
 *(.init1)
 *(.init1)
 *(.init2)
 .init2         0x00000a80        0xc /usr/lib/gcc/avr/4.3.4/../../../avr/lib/avr51/crtm128.o
 *(.init2)
 *(.init3)
 *(.init3)
 *(.init4)
 .init4         0x00000a8c       0x1a /usr/lib/gcc/avr/4.3.4/../../../avr/lib/avr51/crtm128.o
                0x00000a8c                __do_copy_data
 .init4         0x00000aa6       0x10 /usr/lib/gcc/avr/4.3.4/avr51/libgcc.a(_clear_bss.o)
                0x00000aa6                __do_clear_bss
 *(.init4)
 *(.init5)
 *(.init5)
 *(.init6)
 *(.init6)
 *(.init7)
 *(.init7)
 *(.init8)
 *(.init8)
 *(.init9)
 .init9         0x00000ab6        0x8 /usr/lib/gcc/avr/4.3.4/../../../avr/lib/avr51/crtm128.o
 *(.init9)
 *(.text)
 .text          0x00000abe        0x4 /usr/lib/gcc/avr/4.3.4/../../../avr/lib/avr51/crtm128.o
                0x00000abe                __vector_22
                0x00000abe                __vector_28
                0x00000abe                __vector_32
                0x00000abe                __vector_34
                0x00000abe                __vector_24
                0x00000abe                __vector_12
                0x00000abe                __bad_interrupt
                0x00000abe                __vector_6
                0x00000abe                __vector_31
                0x00000abe                __vector_3
                0x00000abe                __vector_23
                0x00000abe                __vector_30
                0x00000abe                __vector_25
                0x00000abe                __vector_11
                0x00000abe                __vector_13
                0x00000abe                __vector_17
                0x00000abe                __vector_19
                0x00000abe                __vector_7
                0x00000abe                __vector_27
                0x00000abe                __vector_5
                0x00000abe                __vector_33
                0x00000abe                __vector_4
                0x00000abe                __vector_2
                0x00000abe                __vector_21
                0x00000abe                __vector_29
                0x00000abe                __vector_8
                0x00000abe                __vector_26
                0x00000abe                __vector_14
                0x00000abe                __vector_10
                0x00000abe                __vector_18
                0x00000abe                __vector_20
 .text          0x00000ac2      0x63e main.o
                0x00000ac2                kill_stack
                0x00000b9a                nrk_create_taskset
                0x00000e52                Task4
                0x00000ebc                Task3
                0x00000f26                Task2
                0x00000f90                Task1
                0x000010ae                main
 .text          0x00001100       0x34 ../../../src/radio/cc2420/source/hal_rf_set_channel.o
                0x00001100                halRfSetChannel
 .text          0x00001134       0x16 ../../../src/radio/cc2420/source/hal_rf_wait_for_crystal_oscillator.o
                0x00001134                halRfWaitForCrystalOscillator
 .text          0x0000114a     0x11a0 ../../../src/radio/cc2420/source/basic_rf.o
                0x0000114a                rf_power_down
                0x00001168                rf_security_last_pkt_status
                0x0000116e                rf_security_set_ctr_counter
                0x000011e8                rf_security_enable
                0x00001228                rf_security_disable
                0x0000124a                rf_get_sem
                0x00001254                rf_tx_power
                0x0000127a                rf_addr_decode_enable
                0x000012a6                rf_addr_decode_disable
                0x000012d2                rf_auto_ack_enable
                0x00001304                rf_auto_ack_disable
                0x00001334                rf_rx_on
                0x00001358                rf_polling_rx_on
                0x0000137c                rf_rx_off
                0x00001392                rf_busy
                0x000013a4                rf_rx_check_fifop
                0x000013b6                rf_rx_check_sfd
                0x000013c8                rf_polling_rx_packet
                0x00001790                rf_rx_packet
                0x000017a2                rf_flush_rx_fifo
                0x000017bc                rf_set_cca_thresh
                0x000017e2                rf_test_mode
                0x0000182a                rf_data_mode
                0x0000186e                rf_rx_set_serial
                0x0000189c                rf_tx_set_serial
                0x000018be                rf_set_preamble_length
                0x000018f6                rf_set_cca_mode
                0x00001936                rf_carrier_on
                0x00001944                rf_carrier_off
                0x00001952                rf_tx_packet
                0x00001c44                rf_tx_tdma_packet
                0x00001ef8                rf_addr_decode_set_my_mac
                0x00001f56                rf_security_set_key
                0x00002106                rf_power_up
                0x00002120                rf_set_rx
                0x00002152                rf_set_channel
                0x00002158                rf_init
                0x000022c6                cc259x_tx
                0x000022d8                cc259x_rx
 .text          0x000022ea      0x538 ../../../src/platform/micaZ/source/ulib.o
                0x000022ea                nrk_uart_rx_signal_get
                0x000022ee                nrk_uart_data_ready
                0x00002310                getc0
                0x0000231a                nrk_gpio_set
                0x000023aa                nrk_gpio_clr
                0x0000243c                nrk_gpio_get
                0x000024a0                nrk_gpio_pullups
                0x000024b4                nrk_gpio_toggle
                0x00002544                nrk_gpio_direction
                0x00002660                nrk_get_button
                0x00002664                nrk_led_toggle
                0x0000268e                nrk_led_clr
                0x000026b8                nrk_setup_ports
                0x00002700                nrk_led_set
                0x0000272a                putc0
                0x00002734                putc1
                0x0000274e                setup_uart0
                0x00002766                setup_uart1
                0x00002790                getc1
                0x000027a8                nrk_setup_uart
                0x000027fc                nrk_kprintf
 .text          0x00002822        0xe ../../../src/platform/micaZ/source/hal_wait.o
                0x00002822                halWait
 .text          0x00002830      0x13a ../../../src/platform/micaZ/source/nrk_eeprom.o
                0x00002830                write_eeprom_current_image_checksum
                0x00002840                write_eeprom_aes_key
                0x0000286e                write_eeprom_load_img_pages
                0x0000287e                nrk_eeprom_write_byte
                0x00002886                read_eeprom_current_image_checksum
                0x000028a0                read_eeprom_aes_key
                0x000028ce                read_eeprom_load_img_pages
                0x000028e8                read_eeprom_channel
                0x00002902                read_eeprom_mac_address
                0x00002964                nrk_eeprom_read_byte
 .text          0x0000296a      0x450 ../../../src/kernel/source/nrk.o
                0x0000296a                nrk_int_disable
                0x0000296e                nrk_int_enable
                0x00002972                nrk_halt
                0x00002976                nrk_version
                0x0000297c                _nrk_timer_tick
                0x00002982                nrk_TCB_init
                0x00002bc2                nrk_start
                0x00002c7c                nrk_init
 .text          0x00002dba      0xd0a ../../../src/kernel/source/nrk_stats.o
                0x00002dba                nrk_stats_reset
                0x00002e1e                nrk_stats_get_deep_sleep
                0x00002e52                _nrk_stats_add_violation
                0x00002ed8                _nrk_stats_task_start
                0x00002f9c                _nrk_stats_task_preempted
                0x00003110                _nrk_stats_task_suspend
                0x00003302                nrk_stats_get
                0x0000348c                nrk_stats_display_pid
                0x00003a60                nrk_stats_display_all
                0x00003a7c                _nrk_stats_sleep
 .text          0x00003ac4      0x482 ../../../src/kernel/source/nrk_error.o
                0x00003ac4                _nrk_errno_set
                0x00003ad0                nrk_errno_get
                0x00003adc                nrk_error_get
                0x00003af4                pause
                0x00003b1e                blink_dot
                0x00003b38                blink_dash
                0x00003b5a                blink_morse_code_error
                0x00003cbc                nrk_error_print
                0x00003e00                _nrk_log_error
                0x00003efc                nrk_kernel_error_add
                0x00003f2a                nrk_error_add
 .text          0x00003f46      0x23e ../../../src/kernel/source/nrk_stack_check.o
                0x00003f46                nrk_stack_check_pid
                0x00003f8a                dump_stack_info
                0x0000413e                nrk_stack_check
 .text          0x00004184      0x518 ../../../src/kernel/source/nrk_events.o
                0x00004184                nrk_signal_create
                0x000041f6                nrk_signal_get_registered_mask
                0x00004208                nrk_signal_unregister
                0x0000428a                nrk_signal_register
                0x000042f8                nrk_sem_create
                0x000042fe                nrk_get_resource_index
                0x0000430c                nrk_sem_delete
                0x00004336                nrk_sem_query
                0x0000434e                nrk_sem_post
                0x000043c4                nrk_event_signal
                0x0000449e                nrk_signal_delete
                0x000045b6                nrk_sem_pend
                0x00004622                nrk_event_wait
 .text          0x0000469c      0x6b4 ../../../src/kernel/source/nrk_task.o
                0x0000469c                nrk_get_high_ready_task_ID
                0x000046a8                nrk_print_readyQ
                0x000046be                nrk_add_to_readyQ
                0x00004822                nrk_rem_from_readyQ
                0x000048e0                nrk_get_pid
                0x000048ec                _nrk_wait_for_scheduler
                0x00004900                nrk_wait
                0x000049ac                nrk_wait_until
                0x00004a54                nrk_wait_until_nw
                0x00004aa0                nrk_set_next_wakeup
                0x00004b0c                nrk_wait_until_ticks
                0x00004b60                nrk_wait_ticks
                0x00004bcc                nrk_wait_until_next_n_periods
                0x00004c30                nrk_wait_until_next_period
                0x00004c86                nrk_terminate_task
                0x00004ca8                nrk_activate_task
 .text          0x00004d50      0x5f2 ../../../src/kernel/source/nrk_time.o
                0x00004d50                nrk_time_sub
                0x00004e68                nrk_time_add
                0x00004f5a                nrk_time_compact_nanos
                0x00004f9e                nrk_time_set
                0x00004fc0                _nrk_time_to_ticks
                0x000050f0                _nrk_ticks_to_time
                0x00005164                _nrk_time_to_ticks_long
                0x00005284                nrk_time_get
 .text          0x00005342       0x4c ../../../src/kernel/source/nrk_idle_task.o
                0x00005342                nrk_idle_task
 .text          0x0000538e      0x4a2 ../../../src/kernel/source/nrk_scheduler.o
                0x0000538e                _nrk_scheduler
 .text          0x00005830        0x0 ../../../src/kernel/source/nrk_driver.o
 .text          0x00005830        0x0 ../../../src/kernel/source/nrk_reserve.o
 .text          0x00005830      0x2e2 ../../../src/kernel/source/nrk_sw_wdt.o
                0x00005830                _nrk_sw_wdt_init
                0x0000583e                nrk_sw_wdt_init
                0x00005894                nrk_sw_wdt_stop
                0x000058bc                nrk_sw_wdt_start
                0x00005956                nrk_sw_wdt_update
                0x00005a1a                _nrk_sw_wdt_check
 .text          0x00005b12      0x2fe ../../../src/kernel/hal/atmega128/nrk_timer.o
                0x00005b12                nrk_spin_wait_us
                0x00005b20                _nrk_setup_timer
                0x00005b60                _nrk_high_speed_timer_stop
                0x00005b64                _nrk_high_speed_timer_start
                0x00005b6a                _nrk_high_speed_timer_reset
                0x00005b76                nrk_high_speed_timer_wait
                0x00005be8                _nrk_high_speed_timer_get
                0x00005c0a                _nrk_os_timer_set
                0x00005c0e                _nrk_os_timer_stop
                0x00005c1e                _nrk_os_timer_start
                0x00005c2a                _nrk_os_timer_reset
                0x00005c3c                _nrk_precision_os_timer_reset
                0x00005c3e                _nrk_get_next_wakeup
                0x00005c44                _nrk_set_next_wakeup
                0x00005c4a                _nrk_os_timer_get
                0x00005c4e                __vector_15
                0x00005c4e                __vector_16
                0x00005cb4                nrk_timer_int_stop
                0x00005cc2                nrk_timer_int_reset
                0x00005cd0                nrk_timer_int_read
                0x00005ce4                nrk_timer_int_start
                0x00005cf6                nrk_timer_int_configure
                0x00005d58                __vector_9
                0x00005dbc                __vector_default
 .text          0x00005e10       0x4a ../../../src/kernel/hal/atmega128/nrk_status.o
                0x00005e10                _nrk_startup_error
 .text          0x00005e5a       0x60 ../../../src/kernel/hal/atmega128/nrk_ext_int.o
                0x00005e5a                nrk_ext_int_enable
                0x00005e5e                nrk_ext_int_disable
                0x00005e62                nrk_ext_int_configure
                0x00005e66                __vector_1
 .text          0x00005eba       0x48 ../../../src/kernel/hal/atmega128/nrk_watchdog.o
                0x00005eba                nrk_watchdog_check
                0x00005ec8                nrk_watchdog_reset
                0x00005ecc                nrk_watchdog_enable
                0x00005ee8                nrk_watchdog_disable
 .text          0x00005f02      0x100 ../../../src/kernel/hal/atmega128/nrk_cpu.o
                0x00005f02                nrk_battery_save
                0x00005f04                nrk_task_set_entry_function
                0x00005f0c                nrk_sleep
                0x00005f24                nrk_idle
                0x00005f3a                nrk_task_stk_init
                0x00005f90                nrk_stack_pointer_restore
                0x00005f9e                nrk_stack_pointer_init
                0x00005fbc                nrk_target_start
                0x00005fc6                nrk_task_set_stk
 .text          0x00006002       0x34 ../../../src/drivers/platform/micaZ/source/ad5242.o
                0x00006002                ad5242_set
                0x00006030                ad5242_init
 .text          0x00006036       0x74 ../../../src/drivers/platform/micaZ/source/adc_driver.o
                0x00006036                adc_init
                0x00006062                adc_Powersave
                0x00006066                adc_GetChannel
                0x0000607e                adc_GetBatteryVoltage
 .text          0x000060aa      0x178 ../../../src/drivers/platform/micaZ/source/i2c_driver.o
                0x000060aa                i2c_init
                0x000060c0                i2c_waitForInterruptFlag
                0x000060ca                i2c_actionStart
                0x000060d6                i2c_start
                0x000060fe                i2c_stop
                0x0000611c                i2c_send
                0x00006152                i2c_receive
                0x00006180                i2c_controlByte_RX
                0x000061d2                i2c_controlByte_TX
 .text          0x00006222      0x16e ../../../src/drivers/platform/micaZ/source/mda100_driver.o
                0x00006222                mda100_init
                0x0000622e                mda100_TemperatureSensor_Power
                0x00006254                mda100_TemperatureSensor_GetCounts
                0x0000626e                mda100_TemperatureSensor_GetKelvin
                0x0000632c                mda100_TemperatureSensor_GetDegreeCelsius
                0x0000633e                mda100_LightSensor_Power
                0x00006364                mda100_LightSensor_GetCounts
                0x0000637e                mda100_Powersave
 .text          0x00006390      0x1fe ../../../src/drivers/platform/micaZ/source/mts310cb_driver.o
                0x00006390                mts310cb_init
                0x000063a0                mts310cb_Magnetometer_y_GetCounts
                0x000063b4                mts310cb_Magnetometer_x_GetCounts
                0x000063c8                mts310cb_Accelerometer_y_GetCounts
                0x000063dc                mts310cb_Accelerometer_x_GetCounts
                0x000063f0                mts310cb_Microphone_GetCounts
                0x00006404                mts310cb_Microphone_SetMode
                0x00006426                mts310cb_Microphone_SetGain
                0x00006444                mts310cb_Magnetometer_y_SetOffset
                0x00006462                mts310cb_Magnetometer_x_SetOffset
                0x00006480                mts310cb_Microphone_Power
                0x0000649e                mts310cb_Sounder_Power
                0x000064bc                mts310cb_TemperatureSensor_Power
                0x000064e4                mts310cb_LightSensor_Power
                0x0000650c                mts310cb_LightSensor_GetCounts
                0x00006526                mts310cb_TemperatureSensor_GetCounts
                0x00006540                mts310cb_Magnetometer_Power
                0x0000655e                mts310cb_Accelerometer_Power
                0x0000657c                mts310cb_Powersave
 .text          0x0000658e      0x1be ../../../src/drivers/platform/micaZ/source/DS2401.o
                0x0000658e                Maxim_1Wire_ResetPulse
                0x000065ce                Maxim_1Wire_WriteBit
                0x000065fa                Maxim_1Wire_ReadBit
                0x00006628                Maxim_1Wire_WriteByte
                0x00006664                Maxim_1Wire_ReadByte
                0x00006696                Maxim_1Wire_CommandReadRom
                0x0000669e                DS2401_init
                0x000066b0                DS2401_getSerialNumber
 .text          0x0000674c      0x20a ../../../src/drivers/platform/micaZ/source/DOGM128-6_Graphicdisplay_driver.o
                0x0000674c                DOGM128_6_usart1_sendByte
                0x000067c4                DOGM128_6_clear_display
                0x00006826                DOGM128_6_display_init
                0x000068cc                DOGM128_6_display_backlight
                0x000068d8                DOGM128_6_LCD_print
 .text          0x00006956      0x828 ../../../src/drivers/platform/micaZ/source/eDIP240-7_TouchPanel_driver.o
                0x00006956                USART0_getchar
                0x0000697a                USART0_putchar
                0x0000698a                eDIP240_7_Display_deselect
                0x00006a52                eDIP240_7_Display_select
                0x00006b1a                eDIP240_7_Display_repeat_last_packet
                0x00006c1a                eDIP240_7_Display_get_protocoll_info
                0x00006d56                eDIP240_7_Display_set_protocol
                0x00006e26                eDIP240_7_Display_request_buffer_info
                0x00006f52                eDIP240_7_Display_get_buffer
                0x0000707a                eDIP240_7_Display_send_packet
                0x00007156                eDIP240_7_Display_send_string_with_NULL
                0x00007168                eDIP240_7_Display_send_string
 .text          0x0000717e      0x8aa ../../../src/drivers/platform/micaZ/source/TUM_LKN_Sensorboard_driver.o
                0x0000717e                setLedMode
                0x000071ac                getLedMode
                0x000071d8                S2V
                0x00007208                V2S
                0x00007232                setBits
                0x0000723a                prescalerSec2Hex
                0x0000729e                pwmFrac2Hex
                0x000072f6                TUM_LKN_Sensorboard_getCurrentStep
                0x000072fc                TUM_LKN_Sensorboard_setControl0
                0x000073be                TUM_LKN_Sensorboard_setControl1
                0x00007480                TUM_LKN_Sensorboard_setBrightness0
                0x000074de                TUM_LKN_Sensorboard_setBrightness1
                0x0000753c                TWI_write
                0x000075a0                TWI_read
                0x0000761e                i2cAction
                0x0000764a                setLeds
                0x00007694                TUM_LKN_Sensorboard_greenBlink
                0x000076ae                TUM_LKN_Sensorboard_greenToggle
                0x000076dc                TUM_LKN_Sensorboard_greenOff
                0x000076ec                TUM_LKN_Sensorboard_greenOn
                0x000076fe                TUM_LKN_Sensorboard_yellowBlink
                0x00007718                TUM_LKN_Sensorboard_yellowToggle
                0x00007744                TUM_LKN_Sensorboard_yellowOff
                0x00007754                TUM_LKN_Sensorboard_yellowOn
                0x00007766                TUM_LKN_Sensorboard_redBlink
                0x0000777c                TUM_LKN_Sensorboard_redToggle
                0x00007796                TUM_LKN_Sensorboard_redOff
                0x000077a6                TUM_LKN_Sensorboard_redOn
                0x000077b8                TUM_LKN_Sensorboard_laserBlink
                0x000077d6                TUM_LKN_Sensorboard_laserToggle
                0x000077fe                TUM_LKN_Sensorboard_laserOff
                0x0000780e                TUM_LKN_Sensorboard_laserOn
                0x00007820                readADC
                0x0000786c                TUM_LKN_Sensorboard_readChannel
                0x00007872                TUM_LKN_Sensorboard_readChannel3
                0x0000787a                TUM_LKN_Sensorboard_readChannel2
                0x00007882                TUM_LKN_Sensorboard_readChannel1
                0x0000788a                TUM_LKN_Sensorboard_readPhotoVoltage
                0x00007892                writeDAC
                0x000078b8                TUM_LKN_Sensorboard_writeValue
                0x000078e6                readIOs
                0x00007902                writeIOs
                0x00007926                TUM_LKN_Sensorboard_halfStepCW
                0x0000794e                TUM_LKN_Sensorboard_halfStepCCW
                0x00007976                TUM_LKN_Sensorboard_stepCW
                0x0000799e                TUM_LKN_Sensorboard_stepCCW
                0x000079c6                TUM_LKN_Sensorboard_StepperIdle
                0x000079d2                TUM_LKN_Sensorboard_setBeeper
                0x000079ea                TUM_LKN_Sensorboard_writeIO
                0x00007a14                TUM_LKN_Sensorboard_writeIOs
                0x00007a1a                TUM_LKN_Sensorboard_init
 .text          0x00007a28       0x56 ../../../src/kernel/hal/atmega128/atmel_hw_specific.o
                0x00007a28                nrk_start_high_ready_task
 .text          0x00007a7e        0x0 /usr/lib/gcc/avr/4.3.4/../../../avr/lib/avr51/libprintf_flt.a(vfprintf_flt.o)
 .text          0x00007a7e        0x0 /usr/lib/gcc/avr/4.3.4/../../../avr/lib/avr51/libm.a(addsf3.o)
 .text          0x00007a7e        0x0 /usr/lib/gcc/avr/4.3.4/../../../avr/lib/avr51/libm.a(addsf3x.o)
 .text          0x00007a7e        0x0 /usr/lib/gcc/avr/4.3.4/../../../avr/lib/avr51/libm.a(divsf3.o)
 .text          0x00007a7e        0x0 /usr/lib/gcc/avr/4.3.4/../../../avr/lib/avr51/libm.a(divsf3x.o)
 .text          0x00007a7e        0x0 /usr/lib/gcc/avr/4.3.4/../../../avr/lib/avr51/libm.a(fixunssfsi.o)
 .text          0x00007a7e        0x0 /usr/lib/gcc/avr/4.3.4/../../../avr/lib/avr51/libm.a(floatsisf.o)
 .text          0x00007a7e        0x0 /usr/lib/gcc/avr/4.3.4/../../../avr/lib/avr51/libm.a(fp_inf.o)
 .text          0x00007a7e        0x0 /usr/lib/gcc/avr/4.3.4/../../../avr/lib/avr51/libm.a(fp_nan.o)
 .text          0x00007a7e        0x0 /usr/lib/gcc/avr/4.3.4/../../../avr/lib/avr51/libm.a(fp_pscA.o)
 .text          0x00007a7e        0x0 /usr/lib/gcc/avr/4.3.4/../../../avr/lib/avr51/libm.a(fp_pscB.o)
 .text          0x00007a7e        0x0 /usr/lib/gcc/avr/4.3.4/../../../avr/lib/avr51/libm.a(fp_round.o)
 .text          0x00007a7e        0x0 /usr/lib/gcc/avr/4.3.4/../../../avr/lib/avr51/libm.a(fp_split3.o)
 .text          0x00007a7e        0x0 /usr/lib/gcc/avr/4.3.4/../../../avr/lib/avr51/libm.a(fp_zero.o)
 .text          0x00007a7e        0x0 /usr/lib/gcc/avr/4.3.4/../../../avr/lib/avr51/libm.a(gesf2.o)
 .text          0x00007a7e        0x0 /usr/lib/gcc/avr/4.3.4/../../../avr/lib/avr51/libm.a(log.o)
 .text          0x00007a7e        0x0 /usr/lib/gcc/avr/4.3.4/../../../avr/lib/avr51/libm.a(mulsf3.o)
 .text          0x00007a7e        0x0 /usr/lib/gcc/avr/4.3.4/../../../avr/lib/avr51/libm.a(mulsf3x.o)
 .text          0x00007a7e        0x0 /usr/lib/gcc/avr/4.3.4/../../../avr/lib/avr51/libm.a(pow.o)
 .text          0x00007a7e        0x0 /usr/lib/gcc/avr/4.3.4/../../../avr/lib/avr51/libm.a(exp.o)
 .text          0x00007a7e        0x0 /usr/lib/gcc/avr/4.3.4/../../../avr/lib/avr51/libm.a(fp_cmp.o)
 .text          0x00007a7e        0x0 /usr/lib/gcc/avr/4.3.4/../../../avr/lib/avr51/libm.a(fp_mpack.o)
 .text          0x00007a7e        0x0 /usr/lib/gcc/avr/4.3.4/../../../avr/lib/avr51/libm.a(fp_powser.o)
 .text          0x00007a7e        0x0 /usr/lib/gcc/avr/4.3.4/../../../avr/lib/avr51/libm.a(inverse.o)
 .text          0x00007a7e        0x0 /usr/lib/gcc/avr/4.3.4/../../../avr/lib/avr51/libm.a(ldexp.o)
 .text          0x00007a7e        0x0 /usr/lib/gcc/avr/4.3.4/../../../avr/lib/avr51/libm.a(modf.o)
 .text          0x00007a7e        0x0 /usr/lib/gcc/avr/4.3.4/avr51/libgcc.a(_mulsi3.o)
 .text          0x00007a7e        0x0 /usr/lib/gcc/avr/4.3.4/avr51/libgcc.a(_udivmodhi4.o)
 .text          0x00007a7e        0x0 /usr/lib/gcc/avr/4.3.4/avr51/libgcc.a(_udivmodsi4.o)
 .text          0x00007a7e        0x0 /usr/lib/gcc/avr/4.3.4/avr51/libgcc.a(_exit.o)
 .text          0x00007a7e        0x0 /usr/lib/gcc/avr/4.3.4/avr51/libgcc.a(_clear_bss.o)
 .text          0x00007a7e      0xcea /usr/lib/gcc/avr/4.3.4/avr51/libgcc.a(_udivdi3.o)
                0x00007a7e                __udivdi3
 .text          0x00008768        0x0 /usr/lib/gcc/avr/4.3.4/avr51/libgcc.a(_prologue.o)
 .text          0x00008768        0x0 /usr/lib/gcc/avr/4.3.4/avr51/libgcc.a(_epilogue.o)
 .text          0x00008768        0x0 /usr/lib/gcc/avr/4.3.4/avr51/libgcc.a(_clz.o)
 .text          0x00008768        0x0 /usr/lib/gcc/avr/4.3.4/../../../avr/lib/avr51/libc.a(ftoa_engine.o)
 .text          0x00008768        0x0 /usr/lib/gcc/avr/4.3.4/../../../avr/lib/avr51/libc.a(strnlen_P.o)
 .text          0x00008768        0x0 /usr/lib/gcc/avr/4.3.4/../../../avr/lib/avr51/libc.a(strnlen.o)
 .text          0x00008768        0x0 /usr/lib/gcc/avr/4.3.4/../../../avr/lib/avr51/libc.a(fdevopen.o)
 .text          0x00008768        0x0 /usr/lib/gcc/avr/4.3.4/../../../avr/lib/avr51/libc.a(fgetc.o)
 .text          0x00008768        0x0 /usr/lib/gcc/avr/4.3.4/../../../avr/lib/avr51/libc.a(fputc.o)
 .text          0x00008768        0x0 /usr/lib/gcc/avr/4.3.4/../../../avr/lib/avr51/libc.a(iob.o)
 .text          0x00008768        0x0 /usr/lib/gcc/avr/4.3.4/../../../avr/lib/avr51/libc.a(printf.o)
 .text          0x00008768        0x0 /usr/lib/gcc/avr/4.3.4/../../../avr/lib/avr51/libc.a(sprintf.o)
 .text          0x00008768        0x0 /usr/lib/gcc/avr/4.3.4/../../../avr/lib/avr51/libc.a(ultoa_invert.o)
 .text          0x00008768        0x0 /usr/lib/gcc/avr/4.3.4/../../../avr/lib/avr51/libc.a(eerd_byte_atmega128.o)
 .text          0x00008768        0x0 /usr/lib/gcc/avr/4.3.4/../../../avr/lib/avr51/libc.a(eewr_byte_atmega128.o)
 .text          0x00008768        0x0 /usr/lib/gcc/avr/4.3.4/../../../avr/lib/avr51/libc.a(calloc.o)
 .text          0x00008768        0x0 /usr/lib/gcc/avr/4.3.4/../../../avr/lib/avr51/libc.a(malloc.o)
 .text          0x00008768        0x0 /usr/lib/gcc/avr/4.3.4/../../../avr/lib/avr51/libc.a(memset.o)
                0x00008768                . = ALIGN (0x2)
 *(.text.*)
 .text.avr-libc
                0x00008768      0x764 /usr/lib/gcc/avr/4.3.4/../../../avr/lib/avr51/libprintf_flt.a(vfprintf_flt.o)
                0x00008768                vfprintf
 .text.avr-libc.fplib
                0x00008ecc        0xa /usr/lib/gcc/avr/4.3.4/../../../avr/lib/avr51/libm.a(addsf3.o)
                0x00008ecc                __subsf3
                0x00008ece                __addsf3
 .text.avr-libc.fplib
                0x00008ed6       0xc0 /usr/lib/gcc/avr/4.3.4/../../../avr/lib/avr51/libm.a(addsf3x.o)
                0x00008ef0                __addsf3x
 .text.avr-libc.fplib
                0x00008f96        0x4 /usr/lib/gcc/avr/4.3.4/../../../avr/lib/avr51/libm.a(divsf3.o)
                0x00008f96                __divsf3
 .text.avr-libc.fplib
                0x00008f9a       0xcc /usr/lib/gcc/avr/4.3.4/../../../avr/lib/avr51/libm.a(divsf3x.o)
                0x00008fb0                __divsf3x
                0x00008fb4                __divsf3_pse
 .text.avr-libc.fplib
                0x00009066       0x58 /usr/lib/gcc/avr/4.3.4/../../../avr/lib/avr51/libm.a(fixunssfsi.o)
                0x00009066                __fixunssfsi
 .text.avr-libc.fplib
                0x000090be       0x7a /usr/lib/gcc/avr/4.3.4/../../../avr/lib/avr51/libm.a(floatsisf.o)
                0x000090be                __floatunsisf
                0x000090c2                __floatsisf
 .text.avr-libc.fplib
                0x00009138        0xc /usr/lib/gcc/avr/4.3.4/../../../avr/lib/avr51/libm.a(fp_inf.o)
                0x00009138                __fp_inf
 .text.avr-libc.fplib
                0x00009144        0x6 /usr/lib/gcc/avr/4.3.4/../../../avr/lib/avr51/libm.a(fp_nan.o)
                0x00009144                __fp_nan
 .text.avr-libc.fplib
                0x0000914a        0xe /usr/lib/gcc/avr/4.3.4/../../../avr/lib/avr51/libm.a(fp_pscA.o)
                0x0000914a                __fp_pscA
 .text.avr-libc.fplib
                0x00009158        0xe /usr/lib/gcc/avr/4.3.4/../../../avr/lib/avr51/libm.a(fp_pscB.o)
                0x00009158                __fp_pscB
 .text.avr-libc.fplib
                0x00009166       0x22 /usr/lib/gcc/avr/4.3.4/../../../avr/lib/avr51/libm.a(fp_round.o)
                0x00009166                __fp_round
 .text.avr-libc.fplib
                0x00009188       0x44 /usr/lib/gcc/avr/4.3.4/../../../avr/lib/avr51/libm.a(fp_split3.o)
                0x00009188                __fp_split3
                0x00009198                __fp_splitA
 .text.avr-libc.fplib
                0x000091cc        0xe /usr/lib/gcc/avr/4.3.4/../../../avr/lib/avr51/libm.a(fp_zero.o)
                0x000091cc                __fp_zero
                0x000091ce                __fp_szero
 .text.avr-libc.fplib
                0x000091da        0x8 /usr/lib/gcc/avr/4.3.4/../../../avr/lib/avr51/libm.a(gesf2.o)
                0x000091da                __gtsf2
                0x000091da                __gesf2
 .text.avr-libc.fplib
                0x000091e2       0x8a /usr/lib/gcc/avr/4.3.4/../../../avr/lib/avr51/libm.a(log.o)
                0x000091ec                log
 .text.avr-libc.fplib
                0x0000926c        0x4 /usr/lib/gcc/avr/4.3.4/../../../avr/lib/avr51/libm.a(mulsf3.o)
                0x0000926c                __mulsf3
 .text.avr-libc.fplib
                0x00009270       0xc2 /usr/lib/gcc/avr/4.3.4/../../../avr/lib/avr51/libm.a(mulsf3x.o)
                0x00009284                __mulsf3x
                0x00009288                __mulsf3_pse
 .text.avr-libc.fplib
                0x00009332       0x98 /usr/lib/gcc/avr/4.3.4/../../../avr/lib/avr51/libm.a(pow.o)
                0x00009332                pow
 .text.avr-libc.fplib
                0x000093ca       0x62 /usr/lib/gcc/avr/4.3.4/../../../avr/lib/avr51/libm.a(exp.o)
                0x000093d4                exp
 .text.avr-libc.fplib
                0x0000942c       0x48 /usr/lib/gcc/avr/4.3.4/../../../avr/lib/avr51/libm.a(fp_cmp.o)
                0x0000942c                __fp_cmp
 .text.avr-libc.fplib
                0x00009474       0x1c /usr/lib/gcc/avr/4.3.4/../../../avr/lib/avr51/libm.a(fp_mpack.o)
                0x00009474                __fp_mpack
                0x00009478                __fp_mpack_finite
 .text.avr-libc.fplib
                0x00009490       0x4a /usr/lib/gcc/avr/4.3.4/../../../avr/lib/avr51/libm.a(fp_powser.o)
                0x00009490                __fp_powser
 .text.avr-libc.fplib
                0x000094da        0xe /usr/lib/gcc/avr/4.3.4/../../../avr/lib/avr51/libm.a(inverse.o)
                0x000094da                inverse
 .text.avr-libc.fplib
                0x000094e8       0x6c /usr/lib/gcc/avr/4.3.4/../../../avr/lib/avr51/libm.a(ldexp.o)
                0x000094ec                ldexp
 .text.avr-libc.fplib
                0x00009554       0x66 /usr/lib/gcc/avr/4.3.4/../../../avr/lib/avr51/libm.a(modf.o)
                0x00009554                modf
 .text.libgcc   0x000095ba       0x3e /usr/lib/gcc/avr/4.3.4/avr51/libgcc.a(_mulsi3.o)
                0x000095ba                __mulsi3
 .text.libgcc   0x000095f8       0x28 /usr/lib/gcc/avr/4.3.4/avr51/libgcc.a(_udivmodhi4.o)
                0x000095f8                __udivmodhi4
 .text.libgcc   0x00009620       0x44 /usr/lib/gcc/avr/4.3.4/avr51/libgcc.a(_udivmodsi4.o)
                0x00009620                __udivmodsi4
 .text.libgcc   0x00009664        0x0 /usr/lib/gcc/avr/4.3.4/avr51/libgcc.a(_exit.o)
 .text.libgcc   0x00009664        0x0 /usr/lib/gcc/avr/4.3.4/avr51/libgcc.a(_clear_bss.o)
 .text.libgcc   0x00009664       0x38 /usr/lib/gcc/avr/4.3.4/avr51/libgcc.a(_prologue.o)
                0x00009664                __prologue_saves__
 .text.libgcc   0x0000969c       0x36 /usr/lib/gcc/avr/4.3.4/avr51/libgcc.a(_epilogue.o)
                0x0000969c                __epilogue_restores__
 .text.avr-libc
                0x000096d2      0x1b0 /usr/lib/gcc/avr/4.3.4/../../../avr/lib/avr51/libc.a(ftoa_engine.o)
                0x000096d2                __ftoa_engine
 .text.avr-libc
                0x00009882       0x16 /usr/lib/gcc/avr/4.3.4/../../../avr/lib/avr51/libc.a(strnlen_P.o)
                0x00009882                strnlen_P
 .text.avr-libc
                0x00009898       0x16 /usr/lib/gcc/avr/4.3.4/../../../avr/lib/avr51/libc.a(strnlen.o)
                0x00009898                strnlen
 .text.avr-libc
                0x000098ae       0x98 /usr/lib/gcc/avr/4.3.4/../../../avr/lib/avr51/libc.a(fdevopen.o)
                0x000098ae                fdevopen
 .text.avr-libc
                0x00009946       0x84 /usr/lib/gcc/avr/4.3.4/../../../avr/lib/avr51/libc.a(fgetc.o)
                0x00009946                fgetc
 .text.avr-libc
                0x000099ca       0x58 /usr/lib/gcc/avr/4.3.4/../../../avr/lib/avr51/libc.a(fputc.o)
                0x000099ca                fputc
 .text.avr-libc
                0x00009a22       0x24 /usr/lib/gcc/avr/4.3.4/../../../avr/lib/avr51/libc.a(printf.o)
                0x00009a22                printf
 .text.avr-libc
                0x00009a46       0x62 /usr/lib/gcc/avr/4.3.4/../../../avr/lib/avr51/libc.a(sprintf.o)
                0x00009a46                sprintf
 .text.avr-libc
                0x00009aa8       0xbc /usr/lib/gcc/avr/4.3.4/../../../avr/lib/avr51/libc.a(ultoa_invert.o)
                0x00009aa8                __ultoa_invert
 .text.avr-libc
                0x00009b64       0x10 /usr/lib/gcc/avr/4.3.4/../../../avr/lib/avr51/libc.a(eerd_byte_atmega128.o)
                0x00009b64                __eerd_byte_m128
 .text.avr-libc
                0x00009b74       0x1a /usr/lib/gcc/avr/4.3.4/../../../avr/lib/avr51/libc.a(eewr_byte_atmega128.o)
                0x00009b74                __eewr_byte_m128
                0x00009b76                __eewr_r18_m128
 .text.avr-libc
                0x00009b8e       0x38 /usr/lib/gcc/avr/4.3.4/../../../avr/lib/avr51/libc.a(calloc.o)
                0x00009b8e                calloc
 .text.avr-libc
                0x00009bc6      0x20a /usr/lib/gcc/avr/4.3.4/../../../avr/lib/avr51/libc.a(malloc.o)
                0x00009bc6                malloc
                0x00009d20                free
 .text.avr-libc
                0x00009dd0        0xe /usr/lib/gcc/avr/4.3.4/../../../avr/lib/avr51/libc.a(memset.o)
                0x00009dd0                memset
                0x00009dde                . = ALIGN (0x2)
 *(.fini9)
 .fini9         0x00009dde        0x0 /usr/lib/gcc/avr/4.3.4/avr51/libgcc.a(_exit.o)
                0x00009dde                exit
                0x00009dde                _exit
 *(.fini9)
 *(.fini8)
 *(.fini8)
 *(.fini7)
 *(.fini7)
 *(.fini6)
 *(.fini6)
 *(.fini5)
 *(.fini5)
 *(.fini4)
 *(.fini4)
 *(.fini3)
 *(.fini3)
 *(.fini2)
 *(.fini2)
 *(.fini1)
 *(.fini1)
 *(.fini0)
 .fini0         0x00009dde        0x4 /usr/lib/gcc/avr/4.3.4/avr51/libgcc.a(_exit.o)
 *(.fini0)
                0x00009de2                _etext = .

.data           0x00800100      0x278 load address 0x00009de2
                0x00800100                PROVIDE (__data_start, .)
 *(.data)
 .data          0x00800100        0x0 /usr/lib/gcc/avr/4.3.4/../../../avr/lib/avr51/crtm128.o
 .data          0x00800100       0xc1 main.o
 .data          0x008001c1        0x0 ../../../src/radio/cc2420/source/hal_rf_set_channel.o
 .data          0x008001c1        0x0 ../../../src/radio/cc2420/source/hal_rf_wait_for_crystal_oscillator.o
 .data          0x008001c1        0x0 ../../../src/radio/cc2420/source/basic_rf.o
 .data          0x008001c1       0x23 ../../../src/platform/micaZ/source/ulib.o
                0x008001c1                NRK_LED_0
                0x008001c2                NRK_LED_1
                0x008001c3                NRK_LED_2
                0x008001c4                NRK_VREG_EN
                0x008001c5                NRK_RESET_N
                0x008001c6                NRK_CSN
                0x008001c7                NRK_SCK
                0x008001c8                NRK_MOSI
                0x008001c9                NRK_MISO
                0x008001ca                NRK_FIFO
                0x008001cb                NRK_UART1_RXD
                0x008001cc                NRK_UART1_TXD
                0x008001cd                NRK_SFD
                0x008001ce                NRK_UART1_RTS
                0x008001cf                NRK_CCA
                0x008001d0                NRK_UART1_CTS
                0x008001d1                NRK_UART0_RXD
                0x008001d2                NRK_UART0_TXD
                0x008001d3                NRK_FIFOP
                0x008001d4                NRK_ADC_INPUT_0
                0x008001d5                NRK_ADC_INPUT_1
                0x008001d6                NRK_ADC_INPUT_2
                0x008001d7                NRK_ADC_INPUT_3
                0x008001d8                NRK_ADC_INPUT_6
                0x008001d9                NRK_ADC_INPUT_7
                0x008001da                NRK_DEBUG_0
                0x008001db                NRK_DEBUG_1
                0x008001dc                NRK_DEBUG_2
                0x008001dd                NRK_DEBUG_3
                0x008001de                NRK_LED_3
                0x008001df                NRK_BLED
                0x008001e0                NRK_SPI_SS
                0x008001e1                NRK_GPIO26
                0x008001e2                NRK_GPIO28
                0x008001e3                NRK_GPIO34
 .data          0x008001e4        0x0 ../../../src/platform/micaZ/source/hal_wait.o
 .data          0x008001e4        0x0 ../../../src/platform/micaZ/source/nrk_eeprom.o
 .data          0x008001e4        0x0 ../../../src/kernel/source/nrk.o
 .data          0x008001e4       0x2c ../../../src/kernel/source/nrk_stats.o
 .data          0x00800210        0x3 ../../../src/kernel/source/nrk_error.o
 .data          0x00800213       0x4e ../../../src/kernel/source/nrk_stack_check.o
 .data          0x00800261        0x0 ../../../src/kernel/source/nrk_events.o
 .data          0x00800261        0x0 ../../../src/kernel/source/nrk_task.o
 .data          0x00800261        0x0 ../../../src/kernel/source/nrk_time.o
 .data          0x00800261        0x0 ../../../src/kernel/source/nrk_idle_task.o
 .data          0x00800261        0x0 ../../../src/kernel/source/nrk_scheduler.o
 .data          0x00800261        0x0 ../../../src/kernel/source/nrk_driver.o
 .data          0x00800261        0x0 ../../../src/kernel/source/nrk_reserve.o
 .data          0x00800261        0x0 ../../../src/kernel/source/nrk_sw_wdt.o
 .data          0x00800261        0x0 ../../../src/kernel/hal/atmega128/nrk_timer.o
 .data          0x00800261        0x0 ../../../src/kernel/hal/atmega128/nrk_status.o
 .data          0x00800261        0x0 ../../../src/kernel/hal/atmega128/nrk_ext_int.o
 .data          0x00800261        0x0 ../../../src/kernel/hal/atmega128/nrk_watchdog.o
 .data          0x00800261        0x0 ../../../src/kernel/hal/atmega128/nrk_cpu.o
 .data          0x00800261        0x0 ../../../src/drivers/platform/micaZ/source/ad5242.o
 .data          0x00800261        0x0 ../../../src/drivers/platform/micaZ/source/adc_driver.o
 .data          0x00800261        0x0 ../../../src/drivers/platform/micaZ/source/i2c_driver.o
 .data          0x00800261        0x0 ../../../src/drivers/platform/micaZ/source/mda100_driver.o
 .data          0x00800261        0x0 ../../../src/drivers/platform/micaZ/source/mts310cb_driver.o
 .data          0x00800261        0x0 ../../../src/drivers/platform/micaZ/source/DS2401.o
 .data          0x00800261        0x0 ../../../src/drivers/platform/micaZ/source/DOGM128-6_Graphicdisplay_driver.o
 .data          0x00800261        0x0 ../../../src/drivers/platform/micaZ/source/eDIP240-7_TouchPanel_driver.o
 .data          0x00800261       0x10 ../../../src/drivers/platform/micaZ/source/TUM_LKN_Sensorboard_driver.o
                0x00800261                steppertimeout
                0x00800263                steps
                0x0080026b                m_vbatt
                0x0080026f                m_pwm
 .data          0x00800271        0x0 ../../../src/kernel/hal/atmega128/atmel_hw_specific.o
 .data          0x00800271        0x0 /usr/lib/gcc/avr/4.3.4/../../../avr/lib/avr51/libprintf_flt.a(vfprintf_flt.o)
 .data          0x00800271        0x0 /usr/lib/gcc/avr/4.3.4/../../../avr/lib/avr51/libm.a(addsf3.o)
 .data          0x00800271        0x0 /usr/lib/gcc/avr/4.3.4/../../../avr/lib/avr51/libm.a(addsf3x.o)
 .data          0x00800271        0x0 /usr/lib/gcc/avr/4.3.4/../../../avr/lib/avr51/libm.a(divsf3.o)
 .data          0x00800271        0x0 /usr/lib/gcc/avr/4.3.4/../../../avr/lib/avr51/libm.a(divsf3x.o)
 .data          0x00800271        0x0 /usr/lib/gcc/avr/4.3.4/../../../avr/lib/avr51/libm.a(fixunssfsi.o)
 .data          0x00800271        0x0 /usr/lib/gcc/avr/4.3.4/../../../avr/lib/avr51/libm.a(floatsisf.o)
 .data          0x00800271        0x0 /usr/lib/gcc/avr/4.3.4/../../../avr/lib/avr51/libm.a(fp_inf.o)
 .data          0x00800271        0x0 /usr/lib/gcc/avr/4.3.4/../../../avr/lib/avr51/libm.a(fp_nan.o)
 .data          0x00800271        0x0 /usr/lib/gcc/avr/4.3.4/../../../avr/lib/avr51/libm.a(fp_pscA.o)
 .data          0x00800271        0x0 /usr/lib/gcc/avr/4.3.4/../../../avr/lib/avr51/libm.a(fp_pscB.o)
 .data          0x00800271        0x0 /usr/lib/gcc/avr/4.3.4/../../../avr/lib/avr51/libm.a(fp_round.o)
 .data          0x00800271        0x0 /usr/lib/gcc/avr/4.3.4/../../../avr/lib/avr51/libm.a(fp_split3.o)
 .data          0x00800271        0x0 /usr/lib/gcc/avr/4.3.4/../../../avr/lib/avr51/libm.a(fp_zero.o)
 .data          0x00800271        0x0 /usr/lib/gcc/avr/4.3.4/../../../avr/lib/avr51/libm.a(gesf2.o)
 .data          0x00800271        0x0 /usr/lib/gcc/avr/4.3.4/../../../avr/lib/avr51/libm.a(log.o)
 .data          0x00800271        0x0 /usr/lib/gcc/avr/4.3.4/../../../avr/lib/avr51/libm.a(mulsf3.o)
 .data          0x00800271        0x0 /usr/lib/gcc/avr/4.3.4/../../../avr/lib/avr51/libm.a(mulsf3x.o)
 .data          0x00800271        0x0 /usr/lib/gcc/avr/4.3.4/../../../avr/lib/avr51/libm.a(pow.o)
 .data          0x00800271        0x0 /usr/lib/gcc/avr/4.3.4/../../../avr/lib/avr51/libm.a(exp.o)
 .data          0x00800271        0x0 /usr/lib/gcc/avr/4.3.4/../../../avr/lib/avr51/libm.a(fp_cmp.o)
 .data          0x00800271        0x0 /usr/lib/gcc/avr/4.3.4/../../../avr/lib/avr51/libm.a(fp_mpack.o)
 .data          0x00800271        0x0 /usr/lib/gcc/avr/4.3.4/../../../avr/lib/avr51/libm.a(fp_powser.o)
 .data          0x00800271        0x0 /usr/lib/gcc/avr/4.3.4/../../../avr/lib/avr51/libm.a(inverse.o)
 .data          0x00800271        0x0 /usr/lib/gcc/avr/4.3.4/../../../avr/lib/avr51/libm.a(ldexp.o)
 .data          0x00800271        0x0 /usr/lib/gcc/avr/4.3.4/../../../avr/lib/avr51/libm.a(modf.o)
 .data          0x00800271        0x0 /usr/lib/gcc/avr/4.3.4/avr51/libgcc.a(_mulsi3.o)
 .data          0x00800271        0x0 /usr/lib/gcc/avr/4.3.4/avr51/libgcc.a(_udivmodhi4.o)
 .data          0x00800271        0x0 /usr/lib/gcc/avr/4.3.4/avr51/libgcc.a(_udivmodsi4.o)
 .data          0x00800271        0x0 /usr/lib/gcc/avr/4.3.4/avr51/libgcc.a(_exit.o)
 .data          0x00800271        0x0 /usr/lib/gcc/avr/4.3.4/avr51/libgcc.a(_clear_bss.o)
 .data          0x00800271        0x0 /usr/lib/gcc/avr/4.3.4/avr51/libgcc.a(_udivdi3.o)
 .data          0x00800271        0x0 /usr/lib/gcc/avr/4.3.4/avr51/libgcc.a(_prologue.o)
 .data          0x00800271        0x0 /usr/lib/gcc/avr/4.3.4/avr51/libgcc.a(_epilogue.o)
 .data          0x00800271      0x100 /usr/lib/gcc/avr/4.3.4/avr51/libgcc.a(_clz.o)
                0x00800271                __clz_tab
 .data          0x00800371        0x0 /usr/lib/gcc/avr/4.3.4/../../../avr/lib/avr51/libc.a(ftoa_engine.o)
 .data          0x00800371        0x0 /usr/lib/gcc/avr/4.3.4/../../../avr/lib/avr51/libc.a(strnlen_P.o)
 .data          0x00800371        0x0 /usr/lib/gcc/avr/4.3.4/../../../avr/lib/avr51/libc.a(strnlen.o)
 .data          0x00800371        0x0 /usr/lib/gcc/avr/4.3.4/../../../avr/lib/avr51/libc.a(fdevopen.o)
 .data          0x00800371        0x0 /usr/lib/gcc/avr/4.3.4/../../../avr/lib/avr51/libc.a(fgetc.o)
 .data          0x00800371        0x0 /usr/lib/gcc/avr/4.3.4/../../../avr/lib/avr51/libc.a(fputc.o)
 .data          0x00800371        0x0 /usr/lib/gcc/avr/4.3.4/../../../avr/lib/avr51/libc.a(iob.o)
 .data          0x00800371        0x0 /usr/lib/gcc/avr/4.3.4/../../../avr/lib/avr51/libc.a(printf.o)
 .data          0x00800371        0x0 /usr/lib/gcc/avr/4.3.4/../../../avr/lib/avr51/libc.a(sprintf.o)
 .data          0x00800371        0x0 /usr/lib/gcc/avr/4.3.4/../../../avr/lib/avr51/libc.a(ultoa_invert.o)
 .data          0x00800371        0x0 /usr/lib/gcc/avr/4.3.4/../../../avr/lib/avr51/libc.a(eerd_byte_atmega128.o)
 .data          0x00800371        0x0 /usr/lib/gcc/avr/4.3.4/../../../avr/lib/avr51/libc.a(eewr_byte_atmega128.o)
 .data          0x00800371        0x0 /usr/lib/gcc/avr/4.3.4/../../../avr/lib/avr51/libc.a(calloc.o)
 .data          0x00800371        0x6 /usr/lib/gcc/avr/4.3.4/../../../avr/lib/avr51/libc.a(malloc.o)
                0x00800371                __malloc_margin
                0x00800373                __malloc_heap_start
                0x00800375                __malloc_heap_end
 .data          0x00800377        0x0 /usr/lib/gcc/avr/4.3.4/../../../avr/lib/avr51/libc.a(memset.o)
 *(.data*)
 *(.rodata)
 *(.rodata*)
 *(.gnu.linkonce.d*)
                0x00800378                . = ALIGN (0x2)
 *fill*         0x00800377        0x1 00
                0x00800378                _edata = .
                0x00800378                PROVIDE (__data_end, .)

.bss            0x00800378      0x511
                0x00800378                PROVIDE (__bss_start, .)
 *(.bss)
 .bss           0x00800378        0x0 /usr/lib/gcc/avr/4.3.4/../../../avr/lib/avr51/crtm128.o
 .bss           0x00800378        0x0 main.o
 .bss           0x00800378        0x0 ../../../src/radio/cc2420/source/hal_rf_set_channel.o
 .bss           0x00800378        0x0 ../../../src/radio/cc2420/source/hal_rf_wait_for_crystal_oscillator.o
 .bss           0x00800378        0x0 ../../../src/radio/cc2420/source/basic_rf.o
 .bss           0x00800378        0x0 ../../../src/platform/micaZ/source/ulib.o
 .bss           0x00800378        0x0 ../../../src/platform/micaZ/source/hal_wait.o
 .bss           0x00800378        0x0 ../../../src/platform/micaZ/source/nrk_eeprom.o
 .bss           0x00800378        0x0 ../../../src/kernel/source/nrk.o
 .bss           0x00800378        0x0 ../../../src/kernel/source/nrk_stats.o
 .bss           0x00800378        0x1 ../../../src/kernel/source/nrk_error.o
 .bss           0x00800379        0x0 ../../../src/kernel/source/nrk_stack_check.o
 .bss           0x00800379        0x0 ../../../src/kernel/source/nrk_events.o
 .bss           0x00800379        0x0 ../../../src/kernel/source/nrk_task.o
 .bss           0x00800379        0x0 ../../../src/kernel/source/nrk_time.o
 .bss           0x00800379        0x0 ../../../src/kernel/source/nrk_idle_task.o
 .bss           0x00800379        0x0 ../../../src/kernel/source/nrk_scheduler.o
 .bss           0x00800379        0x0 ../../../src/kernel/source/nrk_driver.o
 .bss           0x00800379        0x0 ../../../src/kernel/source/nrk_reserve.o
 .bss           0x00800379        0x0 ../../../src/kernel/source/nrk_sw_wdt.o
 .bss           0x00800379        0x0 ../../../src/kernel/hal/atmega128/nrk_timer.o
 .bss           0x00800379        0x0 ../../../src/kernel/hal/atmega128/nrk_status.o
 .bss           0x00800379        0x0 ../../../src/kernel/hal/atmega128/nrk_ext_int.o
 .bss           0x00800379        0x0 ../../../src/kernel/hal/atmega128/nrk_watchdog.o
 .bss           0x00800379        0x0 ../../../src/kernel/hal/atmega128/nrk_cpu.o
 .bss           0x00800379        0x0 ../../../src/drivers/platform/micaZ/source/ad5242.o
 .bss           0x00800379        0x0 ../../../src/drivers/platform/micaZ/source/adc_driver.o
 .bss           0x00800379        0x0 ../../../src/drivers/platform/micaZ/source/i2c_driver.o
 .bss           0x00800379        0x1 ../../../src/drivers/platform/micaZ/source/mda100_driver.o
                0x00800379                mda100_initDone
 .bss           0x0080037a        0x1 ../../../src/drivers/platform/micaZ/source/mts310cb_driver.o
                0x0080037a                mts310cb_initDone
 .bss           0x0080037b        0x0 ../../../src/drivers/platform/micaZ/source/DS2401.o
 .bss           0x0080037b        0x0 ../../../src/drivers/platform/micaZ/source/DOGM128-6_Graphicdisplay_driver.o
 .bss           0x0080037b        0x0 ../../../src/drivers/platform/micaZ/source/eDIP240-7_TouchPanel_driver.o
 .bss           0x0080037b        0xd ../../../src/drivers/platform/micaZ/source/TUM_LKN_Sensorboard_driver.o
                0x0080037b                m_currentstep
                0x0080037c                i2cData
                0x00800384                m_lastxs
                0x00800385                m_ledstate
                0x00800386                m_prescaler
 .bss           0x00800388        0x0 ../../../src/kernel/hal/atmega128/atmel_hw_specific.o
 .bss           0x00800388        0x0 /usr/lib/gcc/avr/4.3.4/../../../avr/lib/avr51/libprintf_flt.a(vfprintf_flt.o)
 .bss           0x00800388        0x0 /usr/lib/gcc/avr/4.3.4/../../../avr/lib/avr51/libm.a(addsf3.o)
 .bss           0x00800388        0x0 /usr/lib/gcc/avr/4.3.4/../../../avr/lib/avr51/libm.a(addsf3x.o)
 .bss           0x00800388        0x0 /usr/lib/gcc/avr/4.3.4/../../../avr/lib/avr51/libm.a(divsf3.o)
 .bss           0x00800388        0x0 /usr/lib/gcc/avr/4.3.4/../../../avr/lib/avr51/libm.a(divsf3x.o)
 .bss           0x00800388        0x0 /usr/lib/gcc/avr/4.3.4/../../../avr/lib/avr51/libm.a(fixunssfsi.o)
 .bss           0x00800388        0x0 /usr/lib/gcc/avr/4.3.4/../../../avr/lib/avr51/libm.a(floatsisf.o)
 .bss           0x00800388        0x0 /usr/lib/gcc/avr/4.3.4/../../../avr/lib/avr51/libm.a(fp_inf.o)
 .bss           0x00800388        0x0 /usr/lib/gcc/avr/4.3.4/../../../avr/lib/avr51/libm.a(fp_nan.o)
 .bss           0x00800388        0x0 /usr/lib/gcc/avr/4.3.4/../../../avr/lib/avr51/libm.a(fp_pscA.o)
 .bss           0x00800388        0x0 /usr/lib/gcc/avr/4.3.4/../../../avr/lib/avr51/libm.a(fp_pscB.o)
 .bss           0x00800388        0x0 /usr/lib/gcc/avr/4.3.4/../../../avr/lib/avr51/libm.a(fp_round.o)
 .bss           0x00800388        0x0 /usr/lib/gcc/avr/4.3.4/../../../avr/lib/avr51/libm.a(fp_split3.o)
 .bss           0x00800388        0x0 /usr/lib/gcc/avr/4.3.4/../../../avr/lib/avr51/libm.a(fp_zero.o)
 .bss           0x00800388        0x0 /usr/lib/gcc/avr/4.3.4/../../../avr/lib/avr51/libm.a(gesf2.o)
 .bss           0x00800388        0x0 /usr/lib/gcc/avr/4.3.4/../../../avr/lib/avr51/libm.a(log.o)
 .bss           0x00800388        0x0 /usr/lib/gcc/avr/4.3.4/../../../avr/lib/avr51/libm.a(mulsf3.o)
 .bss           0x00800388        0x0 /usr/lib/gcc/avr/4.3.4/../../../avr/lib/avr51/libm.a(mulsf3x.o)
 .bss           0x00800388        0x0 /usr/lib/gcc/avr/4.3.4/../../../avr/lib/avr51/libm.a(pow.o)
 .bss           0x00800388        0x0 /usr/lib/gcc/avr/4.3.4/../../../avr/lib/avr51/libm.a(exp.o)
 .bss           0x00800388        0x0 /usr/lib/gcc/avr/4.3.4/../../../avr/lib/avr51/libm.a(fp_cmp.o)
 .bss           0x00800388        0x0 /usr/lib/gcc/avr/4.3.4/../../../avr/lib/avr51/libm.a(fp_mpack.o)
 .bss           0x00800388        0x0 /usr/lib/gcc/avr/4.3.4/../../../avr/lib/avr51/libm.a(fp_powser.o)
 .bss           0x00800388        0x0 /usr/lib/gcc/avr/4.3.4/../../../avr/lib/avr51/libm.a(inverse.o)
 .bss           0x00800388        0x0 /usr/lib/gcc/avr/4.3.4/../../../avr/lib/avr51/libm.a(ldexp.o)
 .bss           0x00800388        0x0 /usr/lib/gcc/avr/4.3.4/../../../avr/lib/avr51/libm.a(modf.o)
 .bss           0x00800388        0x0 /usr/lib/gcc/avr/4.3.4/avr51/libgcc.a(_mulsi3.o)
 .bss           0x00800388        0x0 /usr/lib/gcc/avr/4.3.4/avr51/libgcc.a(_udivmodhi4.o)
 .bss           0x00800388        0x0 /usr/lib/gcc/avr/4.3.4/avr51/libgcc.a(_udivmodsi4.o)
 .bss           0x00800388        0x0 /usr/lib/gcc/avr/4.3.4/avr51/libgcc.a(_exit.o)
 .bss           0x00800388        0x0 /usr/lib/gcc/avr/4.3.4/avr51/libgcc.a(_clear_bss.o)
 .bss           0x00800388        0x0 /usr/lib/gcc/avr/4.3.4/avr51/libgcc.a(_udivdi3.o)
 .bss           0x00800388        0x0 /usr/lib/gcc/avr/4.3.4/avr51/libgcc.a(_prologue.o)
 .bss           0x00800388        0x0 /usr/lib/gcc/avr/4.3.4/avr51/libgcc.a(_epilogue.o)
 .bss           0x00800388        0x0 /usr/lib/gcc/avr/4.3.4/avr51/libgcc.a(_clz.o)
 .bss           0x00800388        0x0 /usr/lib/gcc/avr/4.3.4/../../../avr/lib/avr51/libc.a(ftoa_engine.o)
 .bss           0x00800388        0x0 /usr/lib/gcc/avr/4.3.4/../../../avr/lib/avr51/libc.a(strnlen_P.o)
 .bss           0x00800388        0x0 /usr/lib/gcc/avr/4.3.4/../../../avr/lib/avr51/libc.a(strnlen.o)
 .bss           0x00800388        0x0 /usr/lib/gcc/avr/4.3.4/../../../avr/lib/avr51/libc.a(fdevopen.o)
 .bss           0x00800388        0x0 /usr/lib/gcc/avr/4.3.4/../../../avr/lib/avr51/libc.a(fgetc.o)
 .bss           0x00800388        0x0 /usr/lib/gcc/avr/4.3.4/../../../avr/lib/avr51/libc.a(fputc.o)
 .bss           0x00800388        0x0 /usr/lib/gcc/avr/4.3.4/../../../avr/lib/avr51/libc.a(iob.o)
 .bss           0x00800388        0x0 /usr/lib/gcc/avr/4.3.4/../../../avr/lib/avr51/libc.a(printf.o)
 .bss           0x00800388        0x0 /usr/lib/gcc/avr/4.3.4/../../../avr/lib/avr51/libc.a(sprintf.o)
 .bss           0x00800388        0x0 /usr/lib/gcc/avr/4.3.4/../../../avr/lib/avr51/libc.a(ultoa_invert.o)
 .bss           0x00800388        0x0 /usr/lib/gcc/avr/4.3.4/../../../avr/lib/avr51/libc.a(eerd_byte_atmega128.o)
 .bss           0x00800388        0x0 /usr/lib/gcc/avr/4.3.4/../../../avr/lib/avr51/libc.a(eewr_byte_atmega128.o)
 .bss           0x00800388        0x0 /usr/lib/gcc/avr/4.3.4/../../../avr/lib/avr51/libc.a(calloc.o)
 .bss           0x00800388        0x0 /usr/lib/gcc/avr/4.3.4/../../../avr/lib/avr51/libc.a(malloc.o)
 .bss           0x00800388        0x0 /usr/lib/gcc/avr/4.3.4/../../../avr/lib/avr51/libc.a(memset.o)
 *(.bss*)
 *(COMMON)
 COMMON         0x00800388      0x3b7 main.o
                0x00800388                TaskFour
                0x008003ab                app_timer0_callback
                0x008003ad                Stack3
                0x0080042d                error_task
                0x0080042e                _nrk_time_trigger
                0x0080042f                TaskOne
                0x00800452                _nrk_stats_sleep_time
                0x0080045a                Stack2
                0x008004da                _nrk_signal_list
                0x008004de                TaskThree
                0x00800501                Stack1
                0x00800581                nrk_kernel_stk_ptr
                0x00800583                app_timer0_prescale
                0x00800584                _nrk_prev_timer_val
                0x00800585                cur_task_stats
                0x0080061b                error_num
                0x0080061c                nrk_idle_task_stk
                0x0080069c                Stack4
                0x0080071c                TaskTwo
 COMMON         0x0080073f       0x1b ../../../src/radio/cc2420/source/basic_rf.o
                0x0080073f                rx_ctr
                0x00800743                radio_sem
                0x00800745                security_enable
                0x00800746                mdmctrl0
                0x00800748                rfSettings
                0x00800751                tmp_blah
                0x00800753                auto_ack_enable
                0x00800754                last_pkt_encrypted
                0x00800755                tx_ctr
                0x00800759                rx_ready
 COMMON         0x0080075a      0x117 ../../../src/kernel/source/nrk.o
                0x0080075a                _free_node
                0x0080075c                nrk_task_TCB
                0x00800801                next_next_wakeup
                0x00800803                nrk_sem_list
                0x00800806                nrk_task_init_cnt
                0x00800807                nrk_wakeup_signal
                0x00800808                nrk_high_ready_TCB
                0x0080080a                nrk_cur_task_prio
                0x0080080b                _nrk_cpu_state
                0x0080080c                _head_node
                0x0080080e                nrk_system_time
                0x00800816                _nrk_resource_cnt
                0x00800817                nrk_cur_task_TCB
                0x00800819                nrk_high_ready_prio
                0x0080081a                sw_wdts
                0x00800853                _nrk_readyQ
 COMMON         0x00800871        0x1 ../../../src/kernel/source/nrk_scheduler.o
                0x00800871                t
 COMMON         0x00800872        0x8 ../../../src/kernel/hal/atmega128/nrk_ext_int.o
                0x00800872                ext_int1_callback
                0x00800874                ext_int0_callback
                0x00800876                ext_int2_callback
                0x00800878                pc_int0_callback
 COMMON         0x0080087a        0x5 ../../../src/drivers/platform/micaZ/source/TUM_LKN_Sensorboard_driver.o
                0x0080087a                i2cDataLen
                0x0080087b                i2cDataDirection
                0x0080087c                m_channel
                0x0080087d                i2cDestination
 COMMON         0x0080087f        0x6 /usr/lib/gcc/avr/4.3.4/../../../avr/lib/avr51/libc.a(iob.o)
                0x0080087f                __iob
 COMMON         0x00800885        0x4 /usr/lib/gcc/avr/4.3.4/../../../avr/lib/avr51/libc.a(malloc.o)
                0x00800885                __brkval
                0x00800887                __flp
                0x00800889                PROVIDE (__bss_end, .)
                0x00009de2                __data_load_start = LOADADDR (.data)
                0x0000a05a                __data_load_end = (__data_load_start + SIZEOF (.data))

.noinit         0x00800889        0x0
                0x00800889                PROVIDE (__noinit_start, .)
 *(.noinit*)
                0x00800889                PROVIDE (__noinit_end, .)
                0x00800889                _end = .
                0x00800889                PROVIDE (__heap_start, .)

.eeprom         0x00810000        0x0
 *(.eeprom*)
                0x00810000                __eeprom_end = .

.fuse
 *(.fuse)
 *(.lfuse)
 *(.hfuse)
 *(.efuse)

.lock
 *(.lock*)

.signature
 *(.signature*)

.stab           0x00000000    0x17fc4
 *(.stab)
 .stab          0x00000000      0x750 /usr/lib/gcc/avr/4.3.4/../../../avr/lib/avr51/crtm128.o
 .stab          0x00000750      0xe40 main.o
                                0xe4c (size before relaxing)
 .stab          0x00001590      0x240 ../../../src/radio/cc2420/source/hal_rf_set_channel.o
                                0x5a0 (size before relaxing)
 .stab          0x000017d0      0x240 ../../../src/radio/cc2420/source/hal_rf_wait_for_crystal_oscillator.o
                                0x5a0 (size before relaxing)
 .stab          0x00001a10     0x1e78 ../../../src/radio/cc2420/source/basic_rf.o
                               0x228c (size before relaxing)
 .stab          0x00003888      0xfb4 ../../../src/platform/micaZ/source/ulib.o
                               0x132c (size before relaxing)
 .stab          0x0000483c      0x234 ../../../src/platform/micaZ/source/hal_wait.o
                                0x594 (size before relaxing)
 .stab          0x00004a70      0x660 ../../../src/platform/micaZ/source/nrk_eeprom.o
                                0x9c0 (size before relaxing)
 .stab          0x000050d0      0x990 ../../../src/kernel/source/nrk.o
                                0xd98 (size before relaxing)
 .stab          0x00005a60      0xa38 ../../../src/kernel/source/nrk_stats.o
                                0xe64 (size before relaxing)
 .stab          0x00006498      0xc78 ../../../src/kernel/source/nrk_error.o
                               0x108c (size before relaxing)
 .stab          0x00007110      0x45c ../../../src/kernel/source/nrk_stack_check.o
                                0x864 (size before relaxing)
 .stab          0x0000756c      0xc18 ../../../src/kernel/source/nrk_events.o
                               0x1038 (size before relaxing)
 .stab          0x00008184      0xff0 ../../../src/kernel/source/nrk_task.o
                               0x1410 (size before relaxing)
 .stab          0x00009174      0x774 ../../../src/kernel/source/nrk_time.o
                                0xb94 (size before relaxing)
 .stab          0x000098e8      0x318 ../../../src/kernel/source/nrk_idle_task.o
                                0x738 (size before relaxing)
 .stab          0x00009c00      0x810 ../../../src/kernel/source/nrk_scheduler.o
                                0xc78 (size before relaxing)
 .stab          0x0000a410       0xe4 ../../../src/kernel/source/nrk_driver.o
                                 0xf0 (size before relaxing)
 .stab          0x0000a4f4       0xe4 ../../../src/kernel/source/nrk_reserve.o
                                 0xf0 (size before relaxing)
 .stab          0x0000a5d8      0x5c4 ../../../src/kernel/source/nrk_sw_wdt.o
                                0x9f0 (size before relaxing)
 .stab          0x0000ab9c      0xd68 ../../../src/kernel/hal/atmega128/nrk_timer.o
                               0x117c (size before relaxing)
 .stab          0x0000b904      0x2a0 ../../../src/kernel/hal/atmega128/nrk_status.o
                                0x600 (size before relaxing)
 .stab          0x0000bba4      0x360 ../../../src/kernel/hal/atmega128/nrk_ext_int.o
                                0x6d8 (size before relaxing)
 .stab          0x0000bf04      0x3c0 ../../../src/kernel/hal/atmega128/nrk_watchdog.o
                                0x7bc (size before relaxing)
 .stab          0x0000c2c4      0x75c ../../../src/kernel/hal/atmega128/nrk_cpu.o
                                0xb70 (size before relaxing)
 .stab          0x0000ca20      0x1ec ../../../src/drivers/platform/micaZ/source/ad5242.o
                                0x1f8 (size before relaxing)
 .stab          0x0000cc0c      0x348 ../../../src/drivers/platform/micaZ/source/adc_driver.o
                                0x504 (size before relaxing)
 .stab          0x0000cf54      0x5b8 ../../../src/drivers/platform/micaZ/source/i2c_driver.o
                                0x774 (size before relaxing)
 .stab          0x0000d50c      0x540 ../../../src/drivers/platform/micaZ/source/mda100_driver.o
                                0x6fc (size before relaxing)
 .stab          0x0000da4c      0x9e4 ../../../src/drivers/platform/micaZ/source/mts310cb_driver.o
                                0xba0 (size before relaxing)
 .stab          0x0000e430      0x834 ../../../src/drivers/platform/micaZ/source/DS2401.o
                                0xc24 (size before relaxing)
 .stab          0x0000ec64      0x858 ../../../src/drivers/platform/micaZ/source/DOGM128-6_Graphicdisplay_driver.o
                                0xabc (size before relaxing)
 .stab          0x0000f4bc      0xcfc ../../../src/drivers/platform/micaZ/source/eDIP240-7_TouchPanel_driver.o
                               0x10ec (size before relaxing)
 .stab          0x000101b8     0x1980 ../../../src/drivers/platform/micaZ/source/TUM_LKN_Sensorboard_driver.o
                               0x1db8 (size before relaxing)
 .stab          0x00011b38      0x204 ../../../src/kernel/hal/atmega128/atmel_hw_specific.o
                                0x210 (size before relaxing)
 .stab          0x00011d3c      0xfe4 /usr/lib/gcc/avr/4.3.4/../../../avr/lib/avr51/libprintf_flt.a(vfprintf_flt.o)
                               0x1044 (size before relaxing)
 .stab          0x00012d20       0x78 /usr/lib/gcc/avr/4.3.4/../../../avr/lib/avr51/libm.a(addsf3.o)
                                 0x84 (size before relaxing)
 .stab          0x00012d98      0x4bc /usr/lib/gcc/avr/4.3.4/../../../avr/lib/avr51/libm.a(addsf3x.o)
                                0x4c8 (size before relaxing)
 .stab          0x00013254       0x48 /usr/lib/gcc/avr/4.3.4/../../../avr/lib/avr51/libm.a(divsf3.o)
                                 0x54 (size before relaxing)
 .stab          0x0001329c      0x510 /usr/lib/gcc/avr/4.3.4/../../../avr/lib/avr51/libm.a(divsf3x.o)
                                0x51c (size before relaxing)
 .stab          0x000137ac      0x240 /usr/lib/gcc/avr/4.3.4/../../../avr/lib/avr51/libm.a(fixunssfsi.o)
                                0x24c (size before relaxing)
 .stab          0x000139ec      0x318 /usr/lib/gcc/avr/4.3.4/../../../avr/lib/avr51/libm.a(floatsisf.o)
                                0x324 (size before relaxing)
 .stab          0x00013d04       0x78 /usr/lib/gcc/avr/4.3.4/../../../avr/lib/avr51/libm.a(fp_inf.o)
                                 0x84 (size before relaxing)
 .stab          0x00013d7c       0x54 /usr/lib/gcc/avr/4.3.4/../../../avr/lib/avr51/libm.a(fp_nan.o)
                                 0x60 (size before relaxing)
 .stab          0x00013dd0       0x84 /usr/lib/gcc/avr/4.3.4/../../../avr/lib/avr51/libm.a(fp_pscA.o)
                                 0x90 (size before relaxing)
 .stab          0x00013e54       0x84 /usr/lib/gcc/avr/4.3.4/../../../avr/lib/avr51/libm.a(fp_pscB.o)
                                 0x90 (size before relaxing)
 .stab          0x00013ed8       0xfc /usr/lib/gcc/avr/4.3.4/../../../avr/lib/avr51/libm.a(fp_round.o)
                                0x108 (size before relaxing)
 .stab          0x00013fd4      0x1d4 /usr/lib/gcc/avr/4.3.4/../../../avr/lib/avr51/libm.a(fp_split3.o)
                                0x1e0 (size before relaxing)
 .stab          0x000141a8       0x90 /usr/lib/gcc/avr/4.3.4/../../../avr/lib/avr51/libm.a(fp_zero.o)
                                 0x9c (size before relaxing)
 .stab          0x00014238       0x6c /usr/lib/gcc/avr/4.3.4/../../../avr/lib/avr51/libm.a(gesf2.o)
                                 0x78 (size before relaxing)
 .stab          0x000142a4      0x378 /usr/lib/gcc/avr/4.3.4/../../../avr/lib/avr51/libm.a(log.o)
                                0x384 (size before relaxing)
 .stab          0x0001461c       0x48 /usr/lib/gcc/avr/4.3.4/../../../avr/lib/avr51/libm.a(mulsf3.o)
                                 0x54 (size before relaxing)
 .stab          0x00014664      0x4d4 /usr/lib/gcc/avr/4.3.4/../../../avr/lib/avr51/libm.a(mulsf3x.o)
                                0x4e0 (size before relaxing)
 .stab          0x00014b38      0x3c0 /usr/lib/gcc/avr/4.3.4/../../../avr/lib/avr51/libm.a(pow.o)
                                0x3cc (size before relaxing)
 .stab          0x00014ef8      0x288 /usr/lib/gcc/avr/4.3.4/../../../avr/lib/avr51/libm.a(exp.o)
                                0x294 (size before relaxing)
 .stab          0x00015180      0x1e0 /usr/lib/gcc/avr/4.3.4/../../../avr/lib/avr51/libm.a(fp_cmp.o)
                                0x1ec (size before relaxing)
 .stab          0x00015360       0xe4 /usr/lib/gcc/avr/4.3.4/../../../avr/lib/avr51/libm.a(fp_mpack.o)
                                 0xf0 (size before relaxing)
 .stab          0x00015444      0x1ec /usr/lib/gcc/avr/4.3.4/../../../avr/lib/avr51/libm.a(fp_powser.o)
                                0x1f8 (size before relaxing)
 .stab          0x00015630       0x84 /usr/lib/gcc/avr/4.3.4/../../../avr/lib/avr51/libm.a(inverse.o)
                                 0x90 (size before relaxing)
 .stab          0x000156b4      0x2c4 /usr/lib/gcc/avr/4.3.4/../../../avr/lib/avr51/libm.a(ldexp.o)
                                0x2d0 (size before relaxing)
 .stab          0x00015978      0x294 /usr/lib/gcc/avr/4.3.4/../../../avr/lib/avr51/libm.a(modf.o)
                                0x2a0 (size before relaxing)
 .stab          0x00015c0c      0xa38 /usr/lib/gcc/avr/4.3.4/../../../avr/lib/avr51/libc.a(ftoa_engine.o)
                                0xa44 (size before relaxing)
 .stab          0x00016644       0x9c /usr/lib/gcc/avr/4.3.4/../../../avr/lib/avr51/libc.a(strnlen_P.o)
                                 0xa8 (size before relaxing)
 .stab          0x000166e0       0x9c /usr/lib/gcc/avr/4.3.4/../../../avr/lib/avr51/libc.a(strnlen.o)
                                 0xa8 (size before relaxing)
 .stab          0x0001677c      0x270 /usr/lib/gcc/avr/4.3.4/../../../avr/lib/avr51/libc.a(fdevopen.o)
                                0x498 (size before relaxing)
 .stab          0x000169ec      0x24c /usr/lib/gcc/avr/4.3.4/../../../avr/lib/avr51/libc.a(fgetc.o)
                                0x42c (size before relaxing)
 .stab          0x00016c38      0x1d4 /usr/lib/gcc/avr/4.3.4/../../../avr/lib/avr51/libc.a(fputc.o)
                                0x3b4 (size before relaxing)
 .stab          0x00016e0c      0x12c /usr/lib/gcc/avr/4.3.4/../../../avr/lib/avr51/libc.a(iob.o)
                                0x30c (size before relaxing)
 .stab          0x00016f38      0x18c /usr/lib/gcc/avr/4.3.4/../../../avr/lib/avr51/libc.a(printf.o)
                                0x36c (size before relaxing)
 .stab          0x000170c4      0x1f8 /usr/lib/gcc/avr/4.3.4/../../../avr/lib/avr51/libc.a(sprintf.o)
                                0x3d8 (size before relaxing)
 .stab          0x000172bc      0x480 /usr/lib/gcc/avr/4.3.4/../../../avr/lib/avr51/libc.a(ultoa_invert.o)
                                0x48c (size before relaxing)
 .stab          0x0001773c       0x90 /usr/lib/gcc/avr/4.3.4/../../../avr/lib/avr51/libc.a(eerd_byte_atmega128.o)
                                 0x9c (size before relaxing)
 .stab          0x000177cc       0xd8 /usr/lib/gcc/avr/4.3.4/../../../avr/lib/avr51/libc.a(eewr_byte_atmega128.o)
                                 0xe4 (size before relaxing)
 .stab          0x000178a4      0x198 /usr/lib/gcc/avr/4.3.4/../../../avr/lib/avr51/libc.a(calloc.o)
                                0x1d4 (size before relaxing)
 .stab          0x00017a3c      0x51c /usr/lib/gcc/avr/4.3.4/../../../avr/lib/avr51/libc.a(malloc.o)
                                0x6fc (size before relaxing)
 .stab          0x00017f58       0x6c /usr/lib/gcc/avr/4.3.4/../../../avr/lib/avr51/libc.a(memset.o)
                                 0x78 (size before relaxing)

.stabstr        0x00000000     0x7637
 *(.stabstr)
 .stabstr       0x00000000     0x7637 /usr/lib/gcc/avr/4.3.4/../../../avr/lib/avr51/crtm128.o

.stab.excl
 *(.stab.excl)

.stab.exclstr
 *(.stab.exclstr)

.stab.index
 *(.stab.index)

.stab.indexstr
 *(.stab.indexstr)

.comment
 *(.comment)

.debug
 *(.debug)

.line
 *(.line)

.debug_srcinfo
 *(.debug_srcinfo)

.debug_sfnames
 *(.debug_sfnames)

.debug_aranges
 *(.debug_aranges)

.debug_pubnames
 *(.debug_pubnames)

.debug_info
 *(.debug_info)
 *(.gnu.linkonce.wi.*)

.debug_abbrev
 *(.debug_abbrev)

.debug_line
 *(.debug_line)

.debug_frame
 *(.debug_frame)

.debug_str
 *(.debug_str)

.debug_loc
 *(.debug_loc)

.debug_macinfo
 *(.debug_macinfo)
OUTPUT(main.elf elf32-avr)
LOAD linker stubs

Cross Reference Table

Symbol                                            File
DOGM128_6_LCD_print                               ../../../src/drivers/platform/micaZ/source/DOGM128-6_Graphicdisplay_driver.o
DOGM128_6_clear_display                           ../../../src/drivers/platform/micaZ/source/DOGM128-6_Graphicdisplay_driver.o
DOGM128_6_display_backlight                       ../../../src/drivers/platform/micaZ/source/DOGM128-6_Graphicdisplay_driver.o
DOGM128_6_display_init                            ../../../src/drivers/platform/micaZ/source/DOGM128-6_Graphicdisplay_driver.o
DOGM128_6_usart1_sendByte                         ../../../src/drivers/platform/micaZ/source/DOGM128-6_Graphicdisplay_driver.o
DS2401_getSerialNumber                            ../../../src/drivers/platform/micaZ/source/DS2401.o
DS2401_init                                       ../../../src/drivers/platform/micaZ/source/DS2401.o
Maxim_1Wire_CommandReadRom                        ../../../src/drivers/platform/micaZ/source/DS2401.o
Maxim_1Wire_ReadBit                               ../../../src/drivers/platform/micaZ/source/DS2401.o
Maxim_1Wire_ReadByte                              ../../../src/drivers/platform/micaZ/source/DS2401.o
Maxim_1Wire_ResetPulse                            ../../../src/drivers/platform/micaZ/source/DS2401.o
Maxim_1Wire_WriteBit                              ../../../src/drivers/platform/micaZ/source/DS2401.o
Maxim_1Wire_WriteByte                             ../../../src/drivers/platform/micaZ/source/DS2401.o
NRK_ADC_INPUT_0                                   ../../../src/platform/micaZ/source/ulib.o
NRK_ADC_INPUT_1                                   ../../../src/platform/micaZ/source/ulib.o
NRK_ADC_INPUT_2                                   ../../../src/platform/micaZ/source/ulib.o
NRK_ADC_INPUT_3                                   ../../../src/platform/micaZ/source/ulib.o
NRK_ADC_INPUT_6                                   ../../../src/platform/micaZ/source/ulib.o
NRK_ADC_INPUT_7                                   ../../../src/platform/micaZ/source/ulib.o
NRK_BLED                                          ../../../src/platform/micaZ/source/ulib.o
NRK_CCA                                           ../../../src/platform/micaZ/source/ulib.o
NRK_CSN                                           ../../../src/platform/micaZ/source/ulib.o
NRK_DEBUG_0                                       ../../../src/platform/micaZ/source/ulib.o
                                                  ../../../src/radio/cc2420/source/basic_rf.o
NRK_DEBUG_1                                       ../../../src/platform/micaZ/source/ulib.o
                                                  ../../../src/radio/cc2420/source/basic_rf.o
NRK_DEBUG_2                                       ../../../src/platform/micaZ/source/ulib.o
NRK_DEBUG_3                                       ../../../src/platform/micaZ/source/ulib.o
NRK_FIFO                                          ../../../src/platform/micaZ/source/ulib.o
NRK_FIFOP                                         ../../../src/platform/micaZ/source/ulib.o
NRK_GPIO26                                        ../../../src/platform/micaZ/source/ulib.o
NRK_GPIO28                                        ../../../src/platform/micaZ/source/ulib.o
NRK_GPIO34                                        ../../../src/platform/micaZ/source/ulib.o
NRK_LED_0                                         ../../../src/platform/micaZ/source/ulib.o
NRK_LED_1                                         ../../../src/platform/micaZ/source/ulib.o
NRK_LED_2                                         ../../../src/platform/micaZ/source/ulib.o
NRK_LED_3                                         ../../../src/platform/micaZ/source/ulib.o
NRK_MISO                                          ../../../src/platform/micaZ/source/ulib.o
NRK_MOSI                                          ../../../src/platform/micaZ/source/ulib.o
NRK_RESET_N                                       ../../../src/platform/micaZ/source/ulib.o
NRK_SCK                                           ../../../src/platform/micaZ/source/ulib.o
NRK_SFD                                           ../../../src/platform/micaZ/source/ulib.o
NRK_SPI_SS                                        ../../../src/platform/micaZ/source/ulib.o
NRK_UART0_RXD                                     ../../../src/platform/micaZ/source/ulib.o
NRK_UART0_TXD                                     ../../../src/platform/micaZ/source/ulib.o
NRK_UART1_CTS                                     ../../../src/platform/micaZ/source/ulib.o
NRK_UART1_RTS                                     ../../../src/platform/micaZ/source/ulib.o
NRK_UART1_RXD                                     ../../../src/platform/micaZ/source/ulib.o
NRK_UART1_TXD                                     ../../../src/platform/micaZ/source/ulib.o
NRK_VREG_EN                                       ../../../src/platform/micaZ/source/ulib.o
S2V                                               ../../../src/drivers/platform/micaZ/source/TUM_LKN_Sensorboard_driver.o
Stack1                                            main.o
Stack2                                            main.o
Stack3                                            main.o
Stack4                                            main.o
TUM_LKN_Sensorboard_StepperIdle                   ../../../src/drivers/platform/micaZ/source/TUM_LKN_Sensorboard_driver.o
TUM_LKN_Sensorboard_getCurrentStep                ../../../src/drivers/platform/micaZ/source/TUM_LKN_Sensorboard_driver.o
TUM_LKN_Sensorboard_greenBlink                    ../../../src/drivers/platform/micaZ/source/TUM_LKN_Sensorboard_driver.o
TUM_LKN_Sensorboard_greenOff                      ../../../src/drivers/platform/micaZ/source/TUM_LKN_Sensorboard_driver.o
TUM_LKN_Sensorboard_greenOn                       ../../../src/drivers/platform/micaZ/source/TUM_LKN_Sensorboard_driver.o
TUM_LKN_Sensorboard_greenToggle                   ../../../src/drivers/platform/micaZ/source/TUM_LKN_Sensorboard_driver.o
TUM_LKN_Sensorboard_halfStepCCW                   ../../../src/drivers/platform/micaZ/source/TUM_LKN_Sensorboard_driver.o
TUM_LKN_Sensorboard_halfStepCW                    ../../../src/drivers/platform/micaZ/source/TUM_LKN_Sensorboard_driver.o
TUM_LKN_Sensorboard_init                          ../../../src/drivers/platform/micaZ/source/TUM_LKN_Sensorboard_driver.o
TUM_LKN_Sensorboard_laserBlink                    ../../../src/drivers/platform/micaZ/source/TUM_LKN_Sensorboard_driver.o
TUM_LKN_Sensorboard_laserOff                      ../../../src/drivers/platform/micaZ/source/TUM_LKN_Sensorboard_driver.o
TUM_LKN_Sensorboard_laserOn                       ../../../src/drivers/platform/micaZ/source/TUM_LKN_Sensorboard_driver.o
TUM_LKN_Sensorboard_laserToggle                   ../../../src/drivers/platform/micaZ/source/TUM_LKN_Sensorboard_driver.o
TUM_LKN_Sensorboard_readChannel                   ../../../src/drivers/platform/micaZ/source/TUM_LKN_Sensorboard_driver.o
TUM_LKN_Sensorboard_readChannel1                  ../../../src/drivers/platform/micaZ/source/TUM_LKN_Sensorboard_driver.o
TUM_LKN_Sensorboard_readChannel2                  ../../../src/drivers/platform/micaZ/source/TUM_LKN_Sensorboard_driver.o
TUM_LKN_Sensorboard_readChannel3                  ../../../src/drivers/platform/micaZ/source/TUM_LKN_Sensorboard_driver.o
TUM_LKN_Sensorboard_readPhotoVoltage              ../../../src/drivers/platform/micaZ/source/TUM_LKN_Sensorboard_driver.o
TUM_LKN_Sensorboard_redBlink                      ../../../src/drivers/platform/micaZ/source/TUM_LKN_Sensorboard_driver.o
TUM_LKN_Sensorboard_redOff                        ../../../src/drivers/platform/micaZ/source/TUM_LKN_Sensorboard_driver.o
TUM_LKN_Sensorboard_redOn                         ../../../src/drivers/platform/micaZ/source/TUM_LKN_Sensorboard_driver.o
TUM_LKN_Sensorboard_redToggle                     ../../../src/drivers/platform/micaZ/source/TUM_LKN_Sensorboard_driver.o
TUM_LKN_Sensorboard_setBeeper                     ../../../src/drivers/platform/micaZ/source/TUM_LKN_Sensorboard_driver.o
TUM_LKN_Sensorboard_setBrightness0                ../../../src/drivers/platform/micaZ/source/TUM_LKN_Sensorboard_driver.o
TUM_LKN_Sensorboard_setBrightness1                ../../../src/drivers/platform/micaZ/source/TUM_LKN_Sensorboard_driver.o
TUM_LKN_Sensorboard_setControl0                   ../../../src/drivers/platform/micaZ/source/TUM_LKN_Sensorboard_driver.o
TUM_LKN_Sensorboard_setControl1                   ../../../src/drivers/platform/micaZ/source/TUM_LKN_Sensorboard_driver.o
TUM_LKN_Sensorboard_stepCCW                       ../../../src/drivers/platform/micaZ/source/TUM_LKN_Sensorboard_driver.o
TUM_LKN_Sensorboard_stepCW                        ../../../src/drivers/platform/micaZ/source/TUM_LKN_Sensorboard_driver.o
TUM_LKN_Sensorboard_writeIO                       ../../../src/drivers/platform/micaZ/source/TUM_LKN_Sensorboard_driver.o
TUM_LKN_Sensorboard_writeIOs                      ../../../src/drivers/platform/micaZ/source/TUM_LKN_Sensorboard_driver.o
TUM_LKN_Sensorboard_writeValue                    ../../../src/drivers/platform/micaZ/source/TUM_LKN_Sensorboard_driver.o
TUM_LKN_Sensorboard_yellowBlink                   ../../../src/drivers/platform/micaZ/source/TUM_LKN_Sensorboard_driver.o
TUM_LKN_Sensorboard_yellowOff                     ../../../src/drivers/platform/micaZ/source/TUM_LKN_Sensorboard_driver.o
TUM_LKN_Sensorboard_yellowOn                      ../../../src/drivers/platform/micaZ/source/TUM_LKN_Sensorboard_driver.o
TUM_LKN_Sensorboard_yellowToggle                  ../../../src/drivers/platform/micaZ/source/TUM_LKN_Sensorboard_driver.o
TWI_read                                          ../../../src/drivers/platform/micaZ/source/TUM_LKN_Sensorboard_driver.o
TWI_write                                         ../../../src/drivers/platform/micaZ/source/TUM_LKN_Sensorboard_driver.o
Task1                                             main.o
Task2                                             main.o
Task3                                             main.o
Task4                                             main.o
TaskFour                                          main.o
TaskOne                                           main.o
TaskThree                                         main.o
TaskTwo                                           main.o
USART0_getchar                                    ../../../src/drivers/platform/micaZ/source/eDIP240-7_TouchPanel_driver.o
USART0_putchar                                    ../../../src/drivers/platform/micaZ/source/eDIP240-7_TouchPanel_driver.o
V2S                                               ../../../src/drivers/platform/micaZ/source/TUM_LKN_Sensorboard_driver.o
__addsf3                                          /usr/lib/gcc/avr/4.3.4/../../../avr/lib/avr51/libm.a(addsf3.o)
                                                  /usr/lib/gcc/avr/4.3.4/../../../avr/lib/avr51/libm.a(log.o)
                                                  ../../../src/drivers/platform/micaZ/source/mda100_driver.o
__addsf3x                                         /usr/lib/gcc/avr/4.3.4/../../../avr/lib/avr51/libm.a(addsf3x.o)
                                                  /usr/lib/gcc/avr/4.3.4/../../../avr/lib/avr51/libm.a(fp_powser.o)
                                                  /usr/lib/gcc/avr/4.3.4/../../../avr/lib/avr51/libm.a(log.o)
                                                  /usr/lib/gcc/avr/4.3.4/../../../avr/lib/avr51/libm.a(addsf3.o)
__bad_interrupt                                   /usr/lib/gcc/avr/4.3.4/../../../avr/lib/avr51/crtm128.o
__brkval                                          /usr/lib/gcc/avr/4.3.4/../../../avr/lib/avr51/libc.a(malloc.o)
__bss_end                                         /usr/lib/gcc/avr/4.3.4/avr51/libgcc.a(_clear_bss.o)
__bss_start                                       /usr/lib/gcc/avr/4.3.4/avr51/libgcc.a(_clear_bss.o)
__clz_tab                                         /usr/lib/gcc/avr/4.3.4/avr51/libgcc.a(_clz.o)
                                                  /usr/lib/gcc/avr/4.3.4/avr51/libgcc.a(_udivdi3.o)
__data_end                                        /usr/lib/gcc/avr/4.3.4/../../../avr/lib/avr51/crtm128.o
__data_load_start                                 /usr/lib/gcc/avr/4.3.4/../../../avr/lib/avr51/crtm128.o
__data_start                                      /usr/lib/gcc/avr/4.3.4/../../../avr/lib/avr51/crtm128.o
__divsf3                                          /usr/lib/gcc/avr/4.3.4/../../../avr/lib/avr51/libm.a(divsf3.o)
                                                  /usr/lib/gcc/avr/4.3.4/../../../avr/lib/avr51/libm.a(inverse.o)
                                                  ../../../src/drivers/platform/micaZ/source/TUM_LKN_Sensorboard_driver.o
                                                  ../../../src/drivers/platform/micaZ/source/mda100_driver.o
                                                  ../../../src/drivers/platform/micaZ/source/adc_driver.o
__divsf3_pse                                      /usr/lib/gcc/avr/4.3.4/../../../avr/lib/avr51/libm.a(divsf3x.o)
__divsf3x                                         /usr/lib/gcc/avr/4.3.4/../../../avr/lib/avr51/libm.a(divsf3x.o)
                                                  /usr/lib/gcc/avr/4.3.4/../../../avr/lib/avr51/libm.a(divsf3.o)
__do_clear_bss                                    /usr/lib/gcc/avr/4.3.4/avr51/libgcc.a(_clear_bss.o)
                                                  /usr/lib/gcc/avr/4.3.4/../../../avr/lib/avr51/libc.a(malloc.o)