Archive member included because of file (symbol)

/usr/lib/gcc/avr/4.5.3/../../../avr/lib/avr51/libprintf_flt.a(vfprintf_flt.o)
                              (vfprintf)
/usr/lib/gcc/avr/4.5.3/../../../avr/lib/avr51/libm.a(addsf3.o)
                              ../../../src/drivers/platform/micaZ/source/mda100_driver.o (__subsf3)
/usr/lib/gcc/avr/4.5.3/../../../avr/lib/avr51/libm.a(addsf3x.o)
                              /usr/lib/gcc/avr/4.5.3/../../../avr/lib/avr51/libm.a(addsf3.o) (__addsf3x)
/usr/lib/gcc/avr/4.5.3/../../../avr/lib/avr51/libm.a(divsf3.o)
                              ../../../src/drivers/platform/micaZ/source/adc_driver.o (__divsf3)
/usr/lib/gcc/avr/4.5.3/../../../avr/lib/avr51/libm.a(divsf3x.o)
                              /usr/lib/gcc/avr/4.5.3/../../../avr/lib/avr51/libm.a(divsf3.o) (__divsf3x)
/usr/lib/gcc/avr/4.5.3/../../../avr/lib/avr51/libm.a(fixunssfsi.o)
                              ../../../src/drivers/platform/micaZ/source/TUM_LKN_Sensorboard_driver.o (__fixunssfsi)
/usr/lib/gcc/avr/4.5.3/../../../avr/lib/avr51/libm.a(floatsisf.o)
                              ../../../src/drivers/platform/micaZ/source/adc_driver.o (__floatunsisf)
/usr/lib/gcc/avr/4.5.3/../../../avr/lib/avr51/libm.a(fp_inf.o)
                              /usr/lib/gcc/avr/4.5.3/../../../avr/lib/avr51/libm.a(addsf3x.o) (__fp_inf)
/usr/lib/gcc/avr/4.5.3/../../../avr/lib/avr51/libm.a(fp_nan.o)
                              /usr/lib/gcc/avr/4.5.3/../../../avr/lib/avr51/libm.a(addsf3x.o) (__fp_nan)
/usr/lib/gcc/avr/4.5.3/../../../avr/lib/avr51/libm.a(fp_pscA.o)
                              /usr/lib/gcc/avr/4.5.3/../../../avr/lib/avr51/libm.a(addsf3x.o) (__fp_pscA)
/usr/lib/gcc/avr/4.5.3/../../../avr/lib/avr51/libm.a(fp_pscB.o)
                              /usr/lib/gcc/avr/4.5.3/../../../avr/lib/avr51/libm.a(addsf3x.o) (__fp_pscB)
/usr/lib/gcc/avr/4.5.3/../../../avr/lib/avr51/libm.a(fp_round.o)
                              /usr/lib/gcc/avr/4.5.3/../../../avr/lib/avr51/libm.a(addsf3.o) (__fp_round)
/usr/lib/gcc/avr/4.5.3/../../../avr/lib/avr51/libm.a(fp_split3.o)
                              /usr/lib/gcc/avr/4.5.3/../../../avr/lib/avr51/libm.a(addsf3x.o) (__fp_split3)
/usr/lib/gcc/avr/4.5.3/../../../avr/lib/avr51/libm.a(fp_zero.o)
                              /usr/lib/gcc/avr/4.5.3/../../../avr/lib/avr51/libm.a(addsf3x.o) (__fp_zero)
/usr/lib/gcc/avr/4.5.3/../../../avr/lib/avr51/libm.a(gesf2.o)
                              ../../../src/drivers/platform/micaZ/source/TUM_LKN_Sensorboard_driver.o (__gesf2)
/usr/lib/gcc/avr/4.5.3/../../../avr/lib/avr51/libm.a(log.o)
                              ../../../src/drivers/platform/micaZ/source/mda100_driver.o (log)
/usr/lib/gcc/avr/4.5.3/../../../avr/lib/avr51/libm.a(mulsf3.o)
                              ../../../src/drivers/platform/micaZ/source/mda100_driver.o (__mulsf3)
/usr/lib/gcc/avr/4.5.3/../../../avr/lib/avr51/libm.a(mulsf3x.o)
                              /usr/lib/gcc/avr/4.5.3/../../../avr/lib/avr51/libm.a(log.o) (__mulsf3x)
/usr/lib/gcc/avr/4.5.3/../../../avr/lib/avr51/libm.a(pow.o)
                              ../../../src/drivers/platform/micaZ/source/mda100_driver.o (pow)
/usr/lib/gcc/avr/4.5.3/../../../avr/lib/avr51/libm.a(exp.o)
                              /usr/lib/gcc/avr/4.5.3/../../../avr/lib/avr51/libm.a(pow.o) (exp)
/usr/lib/gcc/avr/4.5.3/../../../avr/lib/avr51/libm.a(fp_cmp.o)
                              /usr/lib/gcc/avr/4.5.3/../../../avr/lib/avr51/libm.a(gesf2.o) (__fp_cmp)
/usr/lib/gcc/avr/4.5.3/../../../avr/lib/avr51/libm.a(fp_mpack.o)
                              /usr/lib/gcc/avr/4.5.3/../../../avr/lib/avr51/libm.a(log.o) (__fp_mpack)
/usr/lib/gcc/avr/4.5.3/../../../avr/lib/avr51/libm.a(fp_powser.o)
                              /usr/lib/gcc/avr/4.5.3/../../../avr/lib/avr51/libm.a(log.o) (__fp_powser)
/usr/lib/gcc/avr/4.5.3/../../../avr/lib/avr51/libm.a(inverse.o)
                              /usr/lib/gcc/avr/4.5.3/../../../avr/lib/avr51/libm.a(exp.o) (inverse)
/usr/lib/gcc/avr/4.5.3/../../../avr/lib/avr51/libm.a(ldexp.o)
                              /usr/lib/gcc/avr/4.5.3/../../../avr/lib/avr51/libm.a(exp.o) (ldexp)
/usr/lib/gcc/avr/4.5.3/../../../avr/lib/avr51/libm.a(modf.o)
                              /usr/lib/gcc/avr/4.5.3/../../../avr/lib/avr51/libm.a(exp.o) (modf)
/usr/lib/gcc/avr/4.5.3/avr51/libgcc.a(_mulsi3.o)
                              ../../../src/kernel/source/nrk_stats.o (__mulsi3)
/usr/lib/gcc/avr/4.5.3/avr51/libgcc.a(_udivmodhi4.o)
                              ../../../src/kernel/source/nrk_scheduler.o (__udivmodhi4)
/usr/lib/gcc/avr/4.5.3/avr51/libgcc.a(_udivmodsi4.o)
                              ../../../src/kernel/source/nrk_stats.o (__udivmodsi4)
/usr/lib/gcc/avr/4.5.3/avr51/libgcc.a(_exit.o)
                              /usr/lib/gcc/avr/4.5.3/../../../avr/lib/avr51/crtm128.o (exit)
/usr/lib/gcc/avr/4.5.3/avr51/libgcc.a(_copy_data.o)
                              main.o (__do_copy_data)
[...]
Memory Configuration

Name             Origin             Length             Attributes
text             0x00000000         0x00020000         xr
data             0x00800100         0x0000ff00         rw !x
eeprom           0x00810000         0x00010000         rw !x
fuse             0x00820000         0x00000400         rw !x
lock             0x00830000         0x00000400         rw !x
signature        0x00840000         0x00000400         rw !x
*default*        0x00000000         0xffffffff

Linker script and memory map

Address of section .data set to 0x800100
LOAD /usr/lib/gcc/avr/4.5.3/../../../avr/lib/avr51/crtm128.o
LOAD main.o
LOAD ../../../src/radio/cc2420/source/hal_rf_set_channel.o
LOAD ../../../src/radio/cc2420/source/hal_rf_wait_for_crystal_oscillator.o
LOAD ../../../src/radio/cc2420/source/basic_rf.o
LOAD ../../../src/platform/micaZ/source/ulib.o
LOAD ../../../src/platform/micaZ/source/hal_wait.o
LOAD ../../../src/platform/micaZ/source/nrk_eeprom.o
LOAD ../../../src/kernel/source/nrk.o
LOAD ../../../src/kernel/source/nrk_stats.o
LOAD ../../../src/kernel/source/nrk_error.o
LOAD ../../../src/kernel/source/nrk_stack_check.o
LOAD ../../../src/kernel/source/nrk_events.o
LOAD ../../../src/kernel/source/nrk_task.o
LOAD ../../../src/kernel/source/nrk_time.o
LOAD ../../../src/kernel/source/nrk_idle_task.o
LOAD ../../../src/kernel/source/nrk_scheduler.o
LOAD ../../../src/kernel/source/nrk_driver.o
LOAD ../../../src/kernel/source/nrk_reserve.o
LOAD ../../../src/kernel/source/nrk_sw_wdt.o
LOAD ../../../src/kernel/hal/atmega128/nrk_timer.o
LOAD ../../../src/kernel/hal/atmega128/nrk_status.o
LOAD ../../../src/kernel/hal/atmega128/nrk_ext_int.o
LOAD ../../../src/kernel/hal/atmega128/nrk_watchdog.o
LOAD ../../../src/kernel/hal/atmega128/nrk_cpu.o
LOAD ../../../src/drivers/platform/micaZ/source/ad5242.o
LOAD ../../../src/drivers/platform/micaZ/source/adc_driver.o
LOAD ../../../src/drivers/platform/micaZ/source/i2c_driver.o
LOAD ../../../src/drivers/platform/micaZ/source/mda100_driver.o
LOAD ../../../src/drivers/platform/micaZ/source/mts310cb_driver.o
LOAD ../../../src/drivers/platform/micaZ/source/DS2401.o
LOAD ../../../src/drivers/platform/micaZ/source/DOGM128-6_Graphicdisplay_driver.o
LOAD ../../../src/drivers/platform/micaZ/source/eDIP240-7_TouchPanel_driver.o
LOAD ../../../src/drivers/platform/micaZ/source/TUM_LKN_Sensorboard_driver.o
LOAD ../../../src/kernel/hal/atmega128/atmel_hw_specific.o
LOAD /usr/lib/gcc/avr/4.5.3/../../../avr/lib/avr51/libprintf_flt.a
LOAD /usr/lib/gcc/avr/4.5.3/../../../avr/lib/avr51/libm.a
LOAD /usr/lib/gcc/avr/4.5.3/avr51/libgcc.a
LOAD /usr/lib/gcc/avr/4.5.3/../../../avr/lib/avr51/libc.a
LOAD /usr/lib/gcc/avr/4.5.3/avr51/libgcc.a

.hash
 *(.hash)

.dynsym
 *(.dynsym)

.dynstr
 *(.dynstr)

.gnu.version
 *(.gnu.version)

.gnu.version_d
 *(.gnu.version_d)

.gnu.version_r
 *(.gnu.version_r)

.rel.init
 *(.rel.init)

.rela.init
 *(.rela.init)

.rel.text
 *(.rel.text)
 *(.rel.text.*)
 *(.rel.gnu.linkonce.t*)

.rela.text
 *(.rela.text)
 *(.rela.text.*)
 *(.rela.gnu.linkonce.t*)

.rel.fini
 *(.rel.fini)

.rela.fini
 *(.rela.fini)

.rel.rodata
 *(.rel.rodata)
 *(.rel.rodata.*)
 *(.rel.gnu.linkonce.r*)

.rela.rodata
 *(.rela.rodata)
 *(.rela.rodata.*)
 *(.rela.gnu.linkonce.r*)

.rel.data
 *(.rel.data)
 *(.rel.data.*)
 *(.rel.gnu.linkonce.d*)

.rela.data
 *(.rela.data)
 *(.rela.data.*)
 *(.rela.gnu.linkonce.d*)

.rel.ctors
 *(.rel.ctors)

.rela.ctors
 *(.rela.ctors)

.rel.dtors
 *(.rel.dtors)

.rela.dtors
 *(.rela.dtors)

.rel.got
 *(.rel.got)

.rela.got
 *(.rela.got)

.rel.bss
 *(.rel.bss)

.rela.bss
 *(.rela.bss)

.rel.plt
 *(.rel.plt)

.rela.plt
 *(.rela.plt)

.text           0x00000000     0x9928
 *(.vectors)
 .vectors       0x00000000       0x8c /usr/lib/gcc/avr/4.5.3/../../../avr/lib/avr51/crtm128.o
                0x00000000                __vectors
 *(.vectors)
 *(.progmem.gcc*)
 .progmem.gcc_sw_table
                0x0000008c       0x2c ../../../src/kernel/source/nrk_error.o
 .progmem.gcc_fplib
                0x000000b8       0x5a /usr/lib/gcc/avr/4.5.3/../../../avr/lib/avr51/libm.a(log.o)
 .progmem.gcc_fplib
                0x00000112       0x28 /usr/lib/gcc/avr/4.5.3/../../../avr/lib/avr51/libm.a(exp.o)
 *(.progmem*)
 .progmem.data  0x0000013a       0xec ../../../src/kernel/source/nrk_stats.o
 .progmem.data  0x00000226      0x238 ../../../src/kernel/source/nrk_error.o
 .progmem.data  0x0000045e        0xf ../../../src/kernel/source/nrk_stack_check.o
 .progmem.data  0x0000046d      0x500 ../../../src/drivers/platform/micaZ/source/DOGM128-6_Graphicdisplay_driver.o
                0x0000046d                font5x7
 .progmem.data  0x0000096d        0x8 /usr/lib/gcc/avr/4.5.3/../../../avr/lib/avr51/libprintf_flt.a(vfprintf_flt.o)
 .progmem.data  0x00000975       0xfa /usr/lib/gcc/avr/4.5.3/../../../avr/lib/avr51/libc.a(ftoa_engine.o)
                0x00000a70                . = ALIGN (0x2)
 *fill*         0x00000a6f        0x1 00
                0x00000a70                __trampolines_start = .
 *(.trampolines)
 .trampolines   0x00000a70        0x0 linker stubs
 *(.trampolines*)
                0x00000a70                __trampolines_end = .
 *(.jumptables)
 *(.jumptables*)
 *(.lowtext)
 *(.lowtext*)
                0x00000a70                __ctors_start = .
 *(.ctors)
                0x00000a70                __ctors_end = .
                0x00000a70                __dtors_start = .
 *(.dtors)
                0x00000a70                __dtors_end = .
 SORT(*)(.ctors)
 SORT(*)(.dtors)
 *(.init0)
 .init0         0x00000a70        0x0 /usr/lib/gcc/avr/4.5.3/../../../avr/lib/avr51/crtm128.o
                0x00000a70                __init
 *(.init0)
 *(.init1)
 *(.init1)
 *(.init2)
 .init2         0x00000a70        0xc /usr/lib/gcc/avr/4.5.3/../../../avr/lib/avr51/crtm128.o
 *(.init2)
 *(.init3)
 *(.init3)
 *(.init4)
 .init4         0x00000a7c       0x1a /usr/lib/gcc/avr/4.5.3/avr51/libgcc.a(_copy_data.o)
                0x00000a7c                __do_copy_data
 .init4         0x00000a96       0x10 /usr/lib/gcc/avr/4.5.3/avr51/libgcc.a(_clear_bss.o)
                0x00000a96                __do_clear_bss
 *(.init4)
 *(.init5)
 *(.init5)
 *(.init6)
 *(.init6)
 *(.init7)
 *(.init7)
 *(.init8)
 *(.init8)
 *(.init9)
 .init9         0x00000aa6        0x8 /usr/lib/gcc/avr/4.5.3/../../../avr/lib/avr51/crtm128.o
 *(.init9)
 *(.text)
 .text          0x00000aae        0x4 /usr/lib/gcc/avr/4.5.3/../../../avr/lib/avr51/crtm128.o
                0x00000aae                __vector_22
                0x00000aae                __vector_28
                0x00000aae                __vector_32
                0x00000aae                __vector_34
                0x00000aae                __vector_24
                0x00000aae                __vector_12
                0x00000aae                __bad_interrupt
                0x00000aae                __vector_6
                0x00000aae                __vector_31
                0x00000aae                __vector_3
                0x00000aae                __vector_23
                0x00000aae                __vector_30
                0x00000aae                __vector_25
                0x00000aae                __vector_11
                0x00000aae                __vector_13
                0x00000aae                __vector_17
                0x00000aae                __vector_19
                0x00000aae                __vector_7
                0x00000aae                __vector_27
                0x00000aae                __vector_5
                0x00000aae                __vector_33
                0x00000aae                __vector_4
                0x00000aae                __vector_2
                0x00000aae                __vector_21
                0x00000aae                __vector_29
                0x00000aae                __vector_8
                0x00000aae                __vector_26
                0x00000aae                __vector_14
                0x00000aae                __vector_10
                0x00000aae                __vector_18
                0x00000aae                __vector_20
 .text          0x00000ab2      0x3d8 main.o
                0x00000ab2                Task3
                0x00000ac0                Task2
                0x00000ace                Task1
                0x00000b4e                Task4
                0x00000b5c                nrk_create_taskset
                0x00000d68                main
                0x00000db6                kill_stack
 .text          0x00000e8a       0x36 ../../../src/radio/cc2420/source/hal_rf_set_channel.o
                0x00000e8a                halRfSetChannel
 .text          0x00000ec0       0x16 ../../../src/radio/cc2420/source/hal_rf_wait_for_crystal_oscillator.o
                0x00000ec0                halRfWaitForCrystalOscillator
 .text          0x00000ed6     0x115a ../../../src/radio/cc2420/source/basic_rf.o
                0x00000ed6                cc259x_rx
                0x00000ee8                cc259x_tx
                0x00000efa                rf_power_down
                0x00000f18                rf_power_up
                0x00000f32                rf_security_last_pkt_status
                0x00000f38                rf_security_set_ctr_counter
                0x00000fac                rf_security_set_key
                0x00001142                rf_security_enable
                0x00001182                rf_security_disable
                0x000011a4                rf_get_sem
                0x000011ae                rf_tx_power
                0x000011d2                rf_set_channel
                0x000011d8                rf_addr_decode_enable
                0x0000120c                rf_addr_decode_disable
                0x00001240                rf_auto_ack_enable
                0x0000127a                rf_auto_ack_disable
                0x000012b2                rf_addr_decode_set_my_mac
                0x0000130c                rf_set_rx
                0x0000133e                rf_init
                0x000014ac                rf_rx_on
                0x000014d0                rf_polling_rx_on
                0x000014f4                rf_rx_off
                0x0000150a                rf_tx_tdma_packet
                0x000017b6                rf_tx_packet
                0x00001a98                rf_busy
                0x00001aa0                rf_rx_check_fifop
                0x00001aa8                rf_rx_check_sfd
                0x00001ab0                rf_polling_rx_packet
                0x00001e5e                rf_rx_packet
                0x00001e74                rf_flush_rx_fifo
                0x00001e8e                rf_set_cca_thresh
                0x00001eb4                rf_test_mode
                0x00001efc                rf_data_mode
                0x00001f40                rf_rx_set_serial
                0x00001f6e                rf_tx_set_serial
                0x00001f90                rf_set_preamble_length
                0x00001fce                rf_set_cca_mode
                0x00002014                rf_carrier_on
                0x00002022                rf_carrier_off
 .text          0x00002030      0x514 ../../../src/platform/micaZ/source/ulib.o
                0x00002030                getc0
                0x0000203a                putc0
                0x00002044                nrk_uart_rx_signal_get
                0x00002048                nrk_uart_data_ready
                0x00002064                nrk_kprintf
                0x0000208a                nrk_gpio_set
                0x00002116                nrk_gpio_clr
                0x000021a4                nrk_gpio_get
                0x00002210                nrk_gpio_pullups
                0x00002224                nrk_gpio_toggle
                0x000022b0                nrk_gpio_direction
                0x000023d6                nrk_get_button
                0x000023da                nrk_led_toggle
                0x00002400                nrk_led_clr
                0x00002426                nrk_setup_ports
                0x0000246e                nrk_led_set
                0x00002494                putc1
                0x000024ac                setup_uart0
                0x000024c4                nrk_setup_uart
                0x00002502                setup_uart1
                0x0000252c                getc1
 .text          0x00002544        0xe ../../../src/platform/micaZ/source/hal_wait.o
                0x00002544                halWait
 .text          0x00002552      0x142 ../../../src/platform/micaZ/source/nrk_eeprom.o
                0x00002552                nrk_eeprom_read_byte
                0x00002558                nrk_eeprom_write_byte
                0x00002560                read_eeprom_mac_address
                0x000025cc                read_eeprom_channel
                0x000025e4                write_eeprom_load_img_pages
                0x000025f4                read_eeprom_load_img_pages
                0x0000260c                read_eeprom_aes_key
                0x0000263c                write_eeprom_aes_key
                0x0000266c                read_eeprom_current_image_checksum
                0x00002684                write_eeprom_current_image_checksum
 .text          0x00002694      0x3f2 ../../../src/kernel/source/nrk.o
                0x00002694                nrk_int_disable
                0x00002698                nrk_int_enable
                0x0000269c                nrk_halt
                0x000026a2                nrk_init
                0x00002828                nrk_start
                0x000028d0                nrk_TCB_init
                0x00002a7a                _nrk_timer_tick
                0x00002a80                nrk_version
 .text          0x00002a86      0xdc0 ../../../src/kernel/source/nrk_stats.o
                0x00002a86                nrk_stats_reset
                0x00002aea                _nrk_stats_sleep
                0x00002b30                nrk_stats_get_deep_sleep
                0x00002b64                _nrk_stats_add_violation
                0x00002bea                _nrk_stats_task_start
                0x00002cb4                _nrk_stats_task_preempted
                0x00002e4e                _nrk_stats_task_suspend
                0x0000307e                nrk_stats_display_pid
                0x0000367c                nrk_stats_display_all
                0x000036a4                nrk_stats_get
 .text          0x00003846      0x484 ../../../src/kernel/source/nrk_error.o
                0x00003846                _nrk_errno_set
                0x00003852                nrk_errno_get
                0x0000385e                _nrk_log_error
                0x00003956                nrk_error_get
                0x00003972                nrk_error_print
                0x00003ab6                nrk_kernel_error_add
                0x00003ae4                nrk_error_add
                0x00003b00                pause
                0x00003b2a                blink_dot
                0x00003b44                blink_dash
                0x00003b66                blink_morse_code_error
 .text          0x00003cca      0x256 ../../../src/kernel/source/nrk_stack_check.o
                0x00003cca                dump_stack_info
                0x00003e94                nrk_stack_check
                0x00003edc                nrk_stack_check_pid
 .text          0x00003f20      0x5d0 ../../../src/kernel/source/nrk_events.o
                0x00003f20                nrk_signal_create
                0x00003f8c                nrk_signal_get_registered_mask
                0x00003f9e                nrk_signal_delete
                0x000040ae                nrk_signal_unregister
                0x00004132                nrk_signal_register
                0x0000419a                nrk_event_signal
                0x00004280                nrk_event_wait
                0x000042f6                nrk_sem_create
                0x000042fc                nrk_get_resource_index
                0x0000430c                nrk_sem_delete
                0x00004350                nrk_sem_post
                0x0000440a                nrk_sem_pend
                0x000044be                nrk_sem_query
 .text          0x000044f0      0x6a0 ../../../src/kernel/source/nrk_task.o
                0x000044f0                nrk_get_high_ready_task_ID
                0x000044fc                nrk_print_readyQ
                0x00004512                nrk_add_to_readyQ
                0x00004656                nrk_rem_from_readyQ
                0x000046f6                nrk_activate_task
                0x000047a0                nrk_set_next_wakeup
                0x0000480e                _nrk_wait_for_scheduler
                0x00004822                nrk_wait
                0x000048d2                nrk_wait_until_nw
                0x00004920                nrk_wait_until_ticks
                0x0000497a                nrk_wait_ticks
                0x000049f8                nrk_wait_until_next_n_periods
                0x00004a5e                nrk_wait_until_next_period
                0x00004ab6                nrk_terminate_task
                0x00004ad8                nrk_wait_until
                0x00004b84                nrk_get_pid
 .text          0x00004b90      0x596 ../../../src/kernel/source/nrk_time.o
                0x00004b90                nrk_time_get
                0x00004c4c                nrk_time_sub
                0x00004d6a                nrk_time_compact_nanos
                0x00004db0                nrk_time_add
                0x00004e66                nrk_time_set
                0x00004e88                _nrk_time_to_ticks
                0x00004fa6                _nrk_ticks_to_time
                0x00005018                _nrk_time_to_ticks_long
 .text          0x00005126       0x4c ../../../src/kernel/source/nrk_idle_task.o
                0x00005126                nrk_idle_task
 .text          0x00005172      0x512 ../../../src/kernel/source/nrk_scheduler.o
                0x00005172                _nrk_scheduler
 .text          0x00005684        0x0 ../../../src/kernel/source/nrk_driver.o
 .text          0x00005684        0x0 ../../../src/kernel/source/nrk_reserve.o
 .text          0x00005684      0x2e0 ../../../src/kernel/source/nrk_sw_wdt.o
                0x00005684                _nrk_sw_wdt_check
                0x00005786                _nrk_sw_wdt_init
                0x00005794                nrk_sw_wdt_init
                0x000057e8                nrk_sw_wdt_update
                0x000058a4                nrk_sw_wdt_start
                0x0000593e                nrk_sw_wdt_stop
 .text          0x00005964      0x2f2 ../../../src/kernel/hal/atmega128/nrk_timer.o
                0x00005964                nrk_spin_wait_us
                0x00005972                _nrk_high_speed_timer_stop
                0x00005976                _nrk_high_speed_timer_start
                0x0000597c                _nrk_high_speed_timer_reset
                0x00005988                _nrk_high_speed_timer_get
                0x000059aa                nrk_high_speed_timer_wait
                0x00005a1a                _nrk_os_timer_set
                0x00005a1e                _nrk_os_timer_stop
                0x00005a2e                _nrk_os_timer_start
                0x00005a3a                _nrk_os_timer_reset
                0x00005a4c                _nrk_setup_timer
                0x00005a84                _nrk_precision_os_timer_reset
                0x00005a86                _nrk_get_next_wakeup
                0x00005a8c                _nrk_set_next_wakeup
                0x00005a92                _nrk_os_timer_get
                0x00005a96                __vector_default
                0x00005aea                __vector_15
                0x00005aea                __vector_16
                0x00005b50                nrk_timer_int_stop
                0x00005b5e                nrk_timer_int_reset
                0x00005b6c                nrk_timer_int_read
                0x00005b7e                nrk_timer_int_start
                0x00005b90                nrk_timer_int_configure
                0x00005bf2                __vector_9
 .text          0x00005c56       0x4a ../../../src/kernel/hal/atmega128/nrk_status.o
                0x00005c56                _nrk_startup_error
 .text          0x00005ca0       0x60 ../../../src/kernel/hal/atmega128/nrk_ext_int.o
                0x00005ca0                nrk_ext_int_enable
                0x00005ca4                nrk_ext_int_disable
                0x00005ca8                nrk_ext_int_configure
                0x00005cac                __vector_1
 .text          0x00005d00       0x48 ../../../src/kernel/hal/atmega128/nrk_watchdog.o
                0x00005d00                nrk_watchdog_disable
                0x00005d1a                nrk_watchdog_enable
                0x00005d36                nrk_watchdog_check
                0x00005d44                nrk_watchdog_reset
 .text          0x00005d48      0x102 ../../../src/kernel/hal/atmega128/nrk_cpu.o
                0x00005d48                nrk_battery_save
                0x00005d4a                nrk_task_set_entry_function
                0x00005d52                nrk_sleep
                0x00005d6a                nrk_idle
                0x00005d80                nrk_task_stk_init
                0x00005dd6                nrk_task_set_stk
                0x00005e14                nrk_stack_pointer_restore
                0x00005e22                nrk_stack_pointer_init
                0x00005e40                nrk_target_start
 .text          0x00005e4a       0x42 ../../../src/drivers/platform/micaZ/source/ad5242.o
                0x00005e4a                ad5242_init
                0x00005e50                ad5242_set
 .text          0x00005e8c       0x6a ../../../src/drivers/platform/micaZ/source/adc_driver.o
                0x00005e8c                adc_init
                0x00005eb8                adc_Powersave
                0x00005ebc                adc_GetChannel
                0x00005ed4                adc_GetBatteryVoltage
 .text          0x00005ef6       0xf6 ../../../src/drivers/platform/micaZ/source/i2c_driver.o
                0x00005ef6                i2c_init
                0x00005f0c                i2c_waitForInterruptFlag
                0x00005f16                i2c_actionStart
                0x00005f22                i2c_start
                0x00005f44                i2c_stop
                0x00005f5c                i2c_send
                0x00005f86                i2c_receive
                0x00005faa                i2c_controlByte_RX
                0x00005fcc                i2c_controlByte_TX
 .text          0x00005fec      0x19c ../../../src/drivers/platform/micaZ/source/mda100_driver.o
                0x00005fec                mda100_init
                0x00005ff8                mda100_Powersave
                0x0000600a                mda100_LightSensor_Power
                0x0000603e                mda100_TemperatureSensor_Power
                0x00006072                mda100_LightSensor_GetCounts
                0x0000608c                mda100_TemperatureSensor_GetCounts
                0x000060a6                mda100_TemperatureSensor_GetKelvin
                0x00006176                mda100_TemperatureSensor_GetDegreeCelsius
 .text          0x00006188      0x26e ../../../src/drivers/platform/micaZ/source/mts310cb_driver.o
                0x00006188                mts310cb_init
                0x00006198                mts310cb_Powersave
                0x000061aa                mts310cb_Accelerometer_Power
                0x000061d6                mts310cb_Magnetometer_Power
                0x00006202                mts310cb_TemperatureSensor_Power
                0x0000622a                mts310cb_LightSensor_Power
                0x00006252                mts310cb_Sounder_Power
                0x0000627e                mts310cb_Microphone_Power
                0x000062aa                mts310cb_Magnetometer_x_SetOffset
                0x000062d6                mts310cb_Magnetometer_y_SetOffset
                0x00006302                mts310cb_Microphone_SetGain
                0x0000632e                mts310cb_Microphone_SetMode
                0x0000635e                mts310cb_LightSensor_GetCounts
                0x00006378                mts310cb_TemperatureSensor_GetCounts
                0x00006392                mts310cb_Microphone_GetCounts
                0x000063a6                mts310cb_Accelerometer_x_GetCounts
                0x000063ba                mts310cb_Accelerometer_y_GetCounts
                0x000063ce                mts310cb_Magnetometer_x_GetCounts
                0x000063e2                mts310cb_Magnetometer_y_GetCounts
 .text          0x000063f6      0x1da ../../../src/drivers/platform/micaZ/source/DS2401.o
                0x000063f6                Maxim_1Wire_ResetPulse
                0x0000643e                Maxim_1Wire_WriteBit
                0x00006474                Maxim_1Wire_ReadBit
                0x000064a8                Maxim_1Wire_WriteByte
                0x000064e6                Maxim_1Wire_ReadByte
                0x0000651a                Maxim_1Wire_CommandReadRom
                0x00006522                DS2401_init
                0x00006534                DS2401_getSerialNumber
 .text          0x000065d0      0x21a ../../../src/drivers/platform/micaZ/source/DOGM128-6_Graphicdisplay_driver.o
                0x000065d0                DOGM128_6_usart1_sendByte
                0x00006648                DOGM128_6_clear_display
                0x000066aa                DOGM128_6_display_init
                0x00006750                DOGM128_6_display_backlight
                0x0000675c                DOGM128_6_LCD_print
 .text          0x000067ea      0x6bc ../../../src/drivers/platform/micaZ/source/eDIP240-7_TouchPanel_driver.o
                0x000067ea                USART0_putchar
                0x000067fa                USART0_getchar
                0x0000681e                eDIP240_7_Display_send_packet
                0x000068de                eDIP240_7_Display_get_buffer
                0x000069e0                eDIP240_7_Display_request_buffer_info
                0x00006ae2                eDIP240_7_Display_set_protocol
                0x00006b76                eDIP240_7_Display_get_protocoll_info
                0x00006c88                eDIP240_7_Display_repeat_last_packet
                0x00006d64                eDIP240_7_Display_select
                0x00006df0                eDIP240_7_Display_deselect
                0x00006e7c                eDIP240_7_Display_send_string
                0x00006e94                eDIP240_7_Display_send_string_with_NULL
 .text          0x00006ea6      0x634 ../../../src/drivers/platform/micaZ/source/TUM_LKN_Sensorboard_driver.o
                0x00006ea6                setLedMode
                0x00006ed6                getLedMode
                0x00006f02                S2V
                0x00006f30                V2S
                0x00006f58                setBits
                0x00006f60                prescalerSec2Hex
                0x00006fc4                pwmFrac2Hex
                0x0000701c                TUM_LKN_Sensorboard_getCurrentStep
                0x00007022                TUM_LKN_Sensorboard_setControl0
                0x0000704c                TUM_LKN_Sensorboard_setControl1
                0x00007076                TUM_LKN_Sensorboard_setBrightness0
                0x00007084                TUM_LKN_Sensorboard_setBrightness1
                0x00007092                TWI_write
                0x000070f6                TWI_read
                0x00007174                i2cAction
                0x000071a0                setLeds
                0x000071ea                TUM_LKN_Sensorboard_greenBlink
                0x000071fc                TUM_LKN_Sensorboard_greenToggle
                0x00007212                TUM_LKN_Sensorboard_greenOff
                0x00007220                TUM_LKN_Sensorboard_greenOn
                0x0000722e                TUM_LKN_Sensorboard_yellowBlink
                0x00007240                TUM_LKN_Sensorboard_yellowToggle
                0x00007256                TUM_LKN_Sensorboard_yellowOff
                0x00007264                TUM_LKN_Sensorboard_yellowOn
                0x00007272                TUM_LKN_Sensorboard_redBlink
                0x00007284                TUM_LKN_Sensorboard_redToggle
                0x0000729a                TUM_LKN_Sensorboard_redOff
                0x000072a8                TUM_LKN_Sensorboard_redOn
                0x000072b6                TUM_LKN_Sensorboard_laserBlink
                0x000072c8                TUM_LKN_Sensorboard_laserToggle
                0x000072de                TUM_LKN_Sensorboard_laserOff
                0x000072ec                TUM_LKN_Sensorboard_laserOn
                0x000072fa                readADC
                0x00007344                TUM_LKN_Sensorboard_readChannel
                0x0000734a                TUM_LKN_Sensorboard_readChannel3
                0x00007352                TUM_LKN_Sensorboard_readChannel2
                0x0000735a                TUM_LKN_Sensorboard_readChannel1
                0x00007362                TUM_LKN_Sensorboard_readPhotoVoltage
                0x0000736a                writeDAC
                0x00007390                TUM_LKN_Sensorboard_writeValue
                0x0000739a                readIOs
                0x000073b6                writeIOs
                0x000073da                TUM_LKN_Sensorboard_halfStepCW
                0x00007402                TUM_LKN_Sensorboard_halfStepCCW
                0x0000742a                TUM_LKN_Sensorboard_stepCW
                0x00007452                TUM_LKN_Sensorboard_stepCCW
                0x0000747a                TUM_LKN_Sensorboard_StepperIdle
                0x00007486                TUM_LKN_Sensorboard_setBeeper
                0x0000749e                TUM_LKN_Sensorboard_writeIO
                0x000074c6                TUM_LKN_Sensorboard_writeIOs
                0x000074cc                TUM_LKN_Sensorboard_init
 .text          0x000074da       0x56 ../../../src/kernel/hal/atmega128/atmel_hw_specific.o
                0x000074da                nrk_start_high_ready_task
 .text          0x00007530        0x0 /usr/lib/gcc/avr/4.5.3/../../../avr/lib/avr51/libprintf_flt.a(vfprintf_flt.o)
 .text          0x00007530        0x0 /usr/lib/gcc/avr/4.5.3/../../../avr/lib/avr51/libm.a(addsf3.o)
 .text          0x00007530        0x0 /usr/lib/gcc/avr/4.5.3/../../../avr/lib/avr51/libm.a(addsf3x.o)
 .text          0x00007530        0x0 /usr/lib/gcc/avr/4.5.3/../../../avr/lib/avr51/libm.a(divsf3.o)
 .text          0x00007530        0x0 /usr/lib/gcc/avr/4.5.3/../../../avr/lib/avr51/libm.a(divsf3x.o)
 .text          0x00007530        0x0 /usr/lib/gcc/avr/4.5.3/../../../avr/lib/avr51/libm.a(fixunssfsi.o)
 .text          0x00007530        0x0 /usr/lib/gcc/avr/4.5.3/../../../avr/lib/avr51/libm.a(floatsisf.o)
 .text          0x00007530        0x0 /usr/lib/gcc/avr/4.5.3/../../../avr/lib/avr51/libm.a(fp_inf.o)
 .text          0x00007530        0x0 /usr/lib/gcc/avr/4.5.3/../../../avr/lib/avr51/libm.a(fp_nan.o)
 .text          0x00007530        0x0 /usr/lib/gcc/avr/4.5.3/../../../avr/lib/avr51/libm.a(fp_pscA.o)
 .text          0x00007530        0x0 /usr/lib/gcc/avr/4.5.3/../../../avr/lib/avr51/libm.a(fp_pscB.o)
 .text          0x00007530        0x0 /usr/lib/gcc/avr/4.5.3/../../../avr/lib/avr51/libm.a(fp_round.o)
 .text          0x00007530        0x0 /usr/lib/gcc/avr/4.5.3/../../../avr/lib/avr51/libm.a(fp_split3.o)
 .text          0x00007530        0x0 /usr/lib/gcc/avr/4.5.3/../../../avr/lib/avr51/libm.a(fp_zero.o)
 .text          0x00007530        0x0 /usr/lib/gcc/avr/4.5.3/../../../avr/lib/avr51/libm.a(gesf2.o)
 .text          0x00007530        0x0 /usr/lib/gcc/avr/4.5.3/../../../avr/lib/avr51/libm.a(log.o)
 .text          0x00007530        0x0 /usr/lib/gcc/avr/4.5.3/../../../avr/lib/avr51/libm.a(mulsf3.o)
 .text          0x00007530        0x0 /usr/lib/gcc/avr/4.5.3/../../../avr/lib/avr51/libm.a(mulsf3x.o)
 .text          0x00007530        0x0 /usr/lib/gcc/avr/4.5.3/../../../avr/lib/avr51/libm.a(pow.o)
 .text          0x00007530        0x0 /usr/lib/gcc/avr/4.5.3/../../../avr/lib/avr51/libm.a(exp.o)
 .text          0x00007530        0x0 /usr/lib/gcc/avr/4.5.3/../../../avr/lib/avr51/libm.a(fp_cmp.o)
 .text          0x00007530        0x0 /usr/lib/gcc/avr/4.5.3/../../../avr/lib/avr51/libm.a(fp_mpack.o)
 .text          0x00007530        0x0 /usr/lib/gcc/avr/4.5.3/../../../avr/lib/avr51/libm.a(fp_powser.o)
 .text          0x00007530        0x0 /usr/lib/gcc/avr/4.5.3/../../../avr/lib/avr51/libm.a(inverse.o)
 .text          0x00007530        0x0 /usr/lib/gcc/avr/4.5.3/../../../avr/lib/avr51/libm.a(ldexp.o)
 .text          0x00007530        0x0 /usr/lib/gcc/avr/4.5.3/../../../avr/lib/avr51/libm.a(modf.o)
 .text          0x00007530        0x0 /usr/lib/gcc/avr/4.5.3/avr51/libgcc.a(_mulsi3.o)
 .text          0x00007530        0x0 /usr/lib/gcc/avr/4.5.3/avr51/libgcc.a(_udivmodhi4.o)
 .text          0x00007530        0x0 /usr/lib/gcc/avr/4.5.3/avr51/libgcc.a(_udivmodsi4.o)
 .text          0x00007530        0x0 /usr/lib/gcc/avr/4.5.3/avr51/libgcc.a(_exit.o)
 .text          0x00007530        0x0 /usr/lib/gcc/avr/4.5.3/avr51/libgcc.a(_copy_data.o)
 .text          0x00007530        0x0 /usr/lib/gcc/avr/4.5.3/avr51/libgcc.a(_clear_bss.o)
 .text          0x00007530      0xcac /usr/lib/gcc/avr/4.5.3/avr51/libgcc.a(_udivdi3.o)
                0x00007530                __udivdi3
 .text          0x000081dc        0x0 /usr/lib/gcc/avr/4.5.3/avr51/libgcc.a(_prologue.o)
 .text          0x000081dc        0x0 /usr/lib/gcc/avr/4.5.3/avr51/libgcc.a(_epilogue.o)
 .text          0x000081dc        0x0 /usr/lib/gcc/avr/4.5.3/avr51/libgcc.a(_clz.o)
 .text          0x000081dc        0x0 /usr/lib/gcc/avr/4.5.3/../../../avr/lib/avr51/libc.a(ftoa_engine.o)
 .text          0x000081dc        0x0 /usr/lib/gcc/avr/4.5.3/../../../avr/lib/avr51/libc.a(strnlen_P.o)
 .text          0x000081dc        0x0 /usr/lib/gcc/avr/4.5.3/../../../avr/lib/avr51/libc.a(strnlen.o)
 .text          0x000081dc        0x0 /usr/lib/gcc/avr/4.5.3/../../../avr/lib/avr51/libc.a(fdevopen.o)
 .text          0x000081dc        0x0 /usr/lib/gcc/avr/4.5.3/../../../avr/lib/avr51/libc.a(fgetc.o)
 .text          0x000081dc        0x0 /usr/lib/gcc/avr/4.5.3/../../../avr/lib/avr51/libc.a(fputc.o)
 .text          0x000081dc        0x0 /usr/lib/gcc/avr/4.5.3/../../../avr/lib/avr51/libc.a(iob.o)
 .text          0x000081dc        0x0 /usr/lib/gcc/avr/4.5.3/../../../avr/lib/avr51/libc.a(printf.o)
 .text          0x000081dc        0x0 /usr/lib/gcc/avr/4.5.3/../../../avr/lib/avr51/libc.a(puts.o)
 .text          0x000081dc        0x0 /usr/lib/gcc/avr/4.5.3/../../../avr/lib/avr51/libc.a(sprintf.o)
 .text          0x000081dc        0x0 /usr/lib/gcc/avr/4.5.3/../../../avr/lib/avr51/libc.a(ultoa_invert.o)
 .text          0x000081dc        0x0 /usr/lib/gcc/avr/4.5.3/../../../avr/lib/avr51/libc.a(eerd_byte_atmega128.o)
 .text          0x000081dc        0x0 /usr/lib/gcc/avr/4.5.3/../../../avr/lib/avr51/libc.a(eewr_byte_atmega128.o)
 .text          0x000081dc        0x0 /usr/lib/gcc/avr/4.5.3/../../../avr/lib/avr51/libc.a(calloc.o)
 .text          0x000081dc        0x0 /usr/lib/gcc/avr/4.5.3/../../../avr/lib/avr51/libc.a(malloc.o)
 .text          0x000081dc        0x0 /usr/lib/gcc/avr/4.5.3/../../../avr/lib/avr51/libc.a(memset.o)
                0x000081dc                . = ALIGN (0x2)
 *(.text.*)
 .text.avr-libc
                0x000081dc      0x75e /usr/lib/gcc/avr/4.5.3/../../../avr/lib/avr51/libprintf_flt.a(vfprintf_flt.o)
                0x000081dc                vfprintf
 .text.avr-libc.fplib
                0x0000893a        0xa /usr/lib/gcc/avr/4.5.3/../../../avr/lib/avr51/libm.a(addsf3.o)
                0x0000893a                __subsf3
                0x0000893c                __addsf3
 .text.avr-libc.fplib
                0x00008944       0xc0 /usr/lib/gcc/avr/4.5.3/../../../avr/lib/avr51/libm.a(addsf3x.o)
                0x0000895e                __addsf3x
 .text.avr-libc.fplib
                0x00008a04        0x4 /usr/lib/gcc/avr/4.5.3/../../../avr/lib/avr51/libm.a(divsf3.o)
                0x00008a04                __divsf3
 .text.avr-libc.fplib
                0x00008a08       0xcc /usr/lib/gcc/avr/4.5.3/../../../avr/lib/avr51/libm.a(divsf3x.o)
                0x00008a1e                __divsf3x
                0x00008a22                __divsf3_pse
 .text.avr-libc.fplib
                0x00008ad4       0x58 /usr/lib/gcc/avr/4.5.3/../../../avr/lib/avr51/libm.a(fixunssfsi.o)
                0x00008ad4                __fixunssfsi
 .text.avr-libc.fplib
                0x00008b2c       0x7a /usr/lib/gcc/avr/4.5.3/../../../avr/lib/avr51/libm.a(floatsisf.o)
                0x00008b2c                __floatunsisf
                0x00008b30                __floatsisf
 .text.avr-libc.fplib
                0x00008ba6        0xc /usr/lib/gcc/avr/4.5.3/../../../avr/lib/avr51/libm.a(fp_inf.o)
                0x00008ba6                __fp_inf
 .text.avr-libc.fplib
                0x00008bb2        0x6 /usr/lib/gcc/avr/4.5.3/../../../avr/lib/avr51/libm.a(fp_nan.o)
                0x00008bb2                __fp_nan
 .text.avr-libc.fplib
                0x00008bb8        0xe /usr/lib/gcc/avr/4.5.3/../../../avr/lib/avr51/libm.a(fp_pscA.o)
                0x00008bb8                __fp_pscA
 .text.avr-libc.fplib
                0x00008bc6        0xe /usr/lib/gcc/avr/4.5.3/../../../avr/lib/avr51/libm.a(fp_pscB.o)
                0x00008bc6                __fp_pscB
 .text.avr-libc.fplib
                0x00008bd4       0x22 /usr/lib/gcc/avr/4.5.3/../../../avr/lib/avr51/libm.a(fp_round.o)
                0x00008bd4                __fp_round
 .text.avr-libc.fplib
                0x00008bf6       0x44 /usr/lib/gcc/avr/4.5.3/../../../avr/lib/avr51/libm.a(fp_split3.o)
                0x00008bf6                __fp_split3
                0x00008c06                __fp_splitA
 .text.avr-libc.fplib
                0x00008c3a        0xe /usr/lib/gcc/avr/4.5.3/../../../avr/lib/avr51/libm.a(fp_zero.o)
                0x00008c3a                __fp_zero
                0x00008c3c                __fp_szero
 .text.avr-libc.fplib
                0x00008c48        0x8 /usr/lib/gcc/avr/4.5.3/../../../avr/lib/avr51/libm.a(gesf2.o)
                0x00008c48                __gtsf2
                0x00008c48                __gesf2
 .text.avr-libc.fplib
                0x00008c50       0x8a /usr/lib/gcc/avr/4.5.3/../../../avr/lib/avr51/libm.a(log.o)
                0x00008c5a                log
 .text.avr-libc.fplib
                0x00008cda        0x4 /usr/lib/gcc/avr/4.5.3/../../../avr/lib/avr51/libm.a(mulsf3.o)
                0x00008cda                __mulsf3
 .text.avr-libc.fplib
                0x00008cde       0xc2 /usr/lib/gcc/avr/4.5.3/../../../avr/lib/avr51/libm.a(mulsf3x.o)
                0x00008cf2                __mulsf3x
                0x00008cf6                __mulsf3_pse
 .text.avr-libc.fplib
                0x00008da0       0x98 /usr/lib/gcc/avr/4.5.3/../../../avr/lib/avr51/libm.a(pow.o)
                0x00008da0                pow
 .text.avr-libc.fplib
                0x00008e38       0x62 /usr/lib/gcc/avr/4.5.3/../../../avr/lib/avr51/libm.a(exp.o)
                0x00008e42                exp
 .text.avr-libc.fplib
                0x00008e9a       0x48 /usr/lib/gcc/avr/4.5.3/../../../avr/lib/avr51/libm.a(fp_cmp.o)
                0x00008e9a                __fp_cmp
 .text.avr-libc.fplib
                0x00008ee2       0x1c /usr/lib/gcc/avr/4.5.3/../../../avr/lib/avr51/libm.a(fp_mpack.o)
                0x00008ee2                __fp_mpack
                0x00008ee6                __fp_mpack_finite
 .text.avr-libc.fplib
                0x00008efe       0x4a /usr/lib/gcc/avr/4.5.3/../../../avr/lib/avr51/libm.a(fp_powser.o)
                0x00008efe                __fp_powser
 .text.avr-libc.fplib
                0x00008f48        0xe /usr/lib/gcc/avr/4.5.3/../../../avr/lib/avr51/libm.a(inverse.o)
                0x00008f48                inverse
 .text.avr-libc.fplib
                0x00008f56       0x6c /usr/lib/gcc/avr/4.5.3/../../../avr/lib/avr51/libm.a(ldexp.o)
                0x00008f5a                ldexp
 .text.avr-libc.fplib
                0x00008fc2       0x66 /usr/lib/gcc/avr/4.5.3/../../../avr/lib/avr51/libm.a(modf.o)
                0x00008fc2                modff
                0x00008fc2                modf
 .text.libgcc   0x00009028       0x3e /usr/lib/gcc/avr/4.5.3/avr51/libgcc.a(_mulsi3.o)
                0x00009028                __mulsi3
 .text.libgcc   0x00009066       0x28 /usr/lib/gcc/avr/4.5.3/avr51/libgcc.a(_udivmodhi4.o)
                0x00009066                __udivmodhi4
 .text.libgcc   0x0000908e       0x44 /usr/lib/gcc/avr/4.5.3/avr51/libgcc.a(_udivmodsi4.o)
                0x0000908e                __udivmodsi4
 .text.libgcc   0x000090d2        0x0 /usr/lib/gcc/avr/4.5.3/avr51/libgcc.a(_exit.o)
 .text.libgcc   0x000090d2        0x0 /usr/lib/gcc/avr/4.5.3/avr51/libgcc.a(_copy_data.o)
 .text.libgcc   0x000090d2        0x0 /usr/lib/gcc/avr/4.5.3/avr51/libgcc.a(_clear_bss.o)
 .text.libgcc   0x000090d2       0x38 /usr/lib/gcc/avr/4.5.3/avr51/libgcc.a(_prologue.o)
                0x000090d2                __prologue_saves__
 .text.libgcc   0x0000910a       0x36 /usr/lib/gcc/avr/4.5.3/avr51/libgcc.a(_epilogue.o)
                0x0000910a                __epilogue_restores__
 .text.avr-libc
                0x00009140      0x1b0 /usr/lib/gcc/avr/4.5.3/../../../avr/lib/avr51/libc.a(ftoa_engine.o)
                0x00009140                __ftoa_engine
 .text.avr-libc
                0x000092f0       0x16 /usr/lib/gcc/avr/4.5.3/../../../avr/lib/avr51/libc.a(strnlen_P.o)
                0x000092f0                strnlen_P
 .text.avr-libc
                0x00009306       0x16 /usr/lib/gcc/avr/4.5.3/../../../avr/lib/avr51/libc.a(strnlen.o)
                0x00009306                strnlen
 .text.avr-libc
                0x0000931c       0x96 /usr/lib/gcc/avr/4.5.3/../../../avr/lib/avr51/libc.a(fdevopen.o)
                0x0000931c                fdevopen
 .text.avr-libc
                0x000093b2       0x84 /usr/lib/gcc/avr/4.5.3/../../../avr/lib/avr51/libc.a(fgetc.o)
                0x000093b2                fgetc
 .text.avr-libc
                0x00009436       0x58 /usr/lib/gcc/avr/4.5.3/../../../avr/lib/avr51/libc.a(fputc.o)
                0x00009436                fputc
 .text.avr-libc
                0x0000948e       0x24 /usr/lib/gcc/avr/4.5.3/../../../avr/lib/avr51/libc.a(printf.o)
                0x0000948e                printf
 .text.avr-libc
                0x000094b2       0x6e /usr/lib/gcc/avr/4.5.3/../../../avr/lib/avr51/libc.a(puts.o)
                0x000094b2                puts
 .text.avr-libc
                0x00009520       0x60 /usr/lib/gcc/avr/4.5.3/../../../avr/lib/avr51/libc.a(sprintf.o)
                0x00009520                sprintf
 .text.avr-libc
                0x00009580       0xbc /usr/lib/gcc/avr/4.5.3/../../../avr/lib/avr51/libc.a(ultoa_invert.o)
                0x00009580                __ultoa_invert
 .text.avr-libc
                0x0000963c       0x10 /usr/lib/gcc/avr/4.5.3/../../../avr/lib/avr51/libc.a(eerd_byte_atmega128.o)
                0x0000963c                __eerd_byte_m128
 .text.avr-libc
                0x0000964c       0x1a /usr/lib/gcc/avr/4.5.3/../../../avr/lib/avr51/libc.a(eewr_byte_atmega128.o)
                0x0000964c                __eewr_byte_m128
                0x0000964e                __eewr_r18_m128
 .text.avr-libc
                0x00009666       0x4a /usr/lib/gcc/avr/4.5.3/../../../avr/lib/avr51/libc.a(calloc.o)
                0x00009666                calloc
 .text.avr-libc
                0x000096b0      0x266 /usr/lib/gcc/avr/4.5.3/../../../avr/lib/avr51/libc.a(malloc.o)
                0x000096b0                malloc
                0x000097e4                free
 .text.avr-libc
                0x00009916        0xe /usr/lib/gcc/avr/4.5.3/../../../avr/lib/avr51/libc.a(memset.o)
                0x00009916                memset
                0x00009924                . = ALIGN (0x2)
 *(.fini9)
 .fini9         0x00009924        0x0 /usr/lib/gcc/avr/4.5.3/avr51/libgcc.a(_exit.o)
                0x00009924                exit
                0x00009924                _exit
 *(.fini9)
 *(.fini8)
 *(.fini8)
 *(.fini7)
 *(.fini7)
 *(.fini6)
 *(.fini6)
 *(.fini5)
 *(.fini5)
 *(.fini4)
 *(.fini4)
 *(.fini3)
 *(.fini3)
 *(.fini2)
 *(.fini2)
 *(.fini1)
 *(.fini1)
 *(.fini0)
 .fini0         0x00009924        0x4 /usr/lib/gcc/avr/4.5.3/avr51/libgcc.a(_exit.o)
 *(.fini0)
                0x00009928                _etext = .

.data           0x00800100      0x1de load address 0x00009928
                0x00800100                PROVIDE (__data_start, .)
 *(.data)
 .data          0x00800100        0x0 /usr/lib/gcc/avr/4.5.3/../../../avr/lib/avr51/crtm128.o
 .data          0x00800100       0x27 main.o
 .data          0x00800127        0x0 ../../../src/radio/cc2420/source/hal_rf_set_channel.o
 .data          0x00800127        0x0 ../../../src/radio/cc2420/source/hal_rf_wait_for_crystal_oscillator.o
 .data          0x00800127        0x0 ../../../src/radio/cc2420/source/basic_rf.o
 .data          0x00800127       0x23 ../../../src/platform/micaZ/source/ulib.o
                0x00800127                NRK_LED_0
                0x00800128                NRK_LED_1
                0x00800129                NRK_LED_2
                0x0080012a                NRK_VREG_EN
                0x0080012b                NRK_RESET_N
                0x0080012c                NRK_CSN
                0x0080012d                NRK_SCK
                0x0080012e                NRK_MOSI
                0x0080012f                NRK_MISO
                0x00800130                NRK_FIFO
                0x00800131                NRK_UART1_RXD
                0x00800132                NRK_UART1_TXD
                0x00800133                NRK_SFD
                0x00800134                NRK_UART1_RTS
                0x00800135                NRK_CCA
                0x00800136                NRK_UART1_CTS
                0x00800137                NRK_UART0_RXD
                0x00800138                NRK_UART0_TXD
                0x00800139                NRK_FIFOP
                0x0080013a                NRK_ADC_INPUT_0
                0x0080013b                NRK_ADC_INPUT_1
                0x0080013c                NRK_ADC_INPUT_2
                0x0080013d                NRK_ADC_INPUT_3
                0x0080013e                NRK_ADC_INPUT_6
                0x0080013f                NRK_ADC_INPUT_7
                0x00800140                NRK_DEBUG_0
                0x00800141                NRK_DEBUG_1
                0x00800142                NRK_DEBUG_2
                0x00800143                NRK_DEBUG_3
                0x00800144                NRK_LED_3
                0x00800145                NRK_BLED
                0x00800146                NRK_SPI_SS
                0x00800147                NRK_GPIO26
                0x00800148                NRK_GPIO28
                0x00800149                NRK_GPIO34
 .data          0x0080014a        0x0 ../../../src/platform/micaZ/source/hal_wait.o
 .data          0x0080014a        0x0 ../../../src/platform/micaZ/source/nrk_eeprom.o
 .data          0x0080014a        0x0 ../../../src/kernel/source/nrk.o
 .data          0x0080014a       0x2c ../../../src/kernel/source/nrk_stats.o
 .data          0x00800176        0x3 ../../../src/kernel/source/nrk_error.o
 .data          0x00800179       0x4e ../../../src/kernel/source/nrk_stack_check.o
 .data          0x008001c7        0x0 ../../../src/kernel/source/nrk_events.o
 .data          0x008001c7        0x0 ../../../src/kernel/source/nrk_task.o
 .data          0x008001c7        0x0 ../../../src/kernel/source/nrk_time.o
 .data          0x008001c7        0x0 ../../../src/kernel/source/nrk_idle_task.o
 .data          0x008001c7        0x0 ../../../src/kernel/source/nrk_scheduler.o
 .data          0x008001c7        0x0 ../../../src/kernel/source/nrk_driver.o
 .data          0x008001c7        0x0 ../../../src/kernel/source/nrk_reserve.o
 .data          0x008001c7        0x0 ../../../src/kernel/source/nrk_sw_wdt.o
 .data          0x008001c7        0x0 ../../../src/kernel/hal/atmega128/nrk_timer.o
 .data          0x008001c7        0x0 ../../../src/kernel/hal/atmega128/nrk_status.o
 .data          0x008001c7        0x0 ../../../src/kernel/hal/atmega128/nrk_ext_int.o
 .data          0x008001c7        0x0 ../../../src/kernel/hal/atmega128/nrk_watchdog.o
 .data          0x008001c7        0x0 ../../../src/kernel/hal/atmega128/nrk_cpu.o
 .data          0x008001c7        0x0 ../../../src/drivers/platform/micaZ/source/ad5242.o
 .data          0x008001c7        0x0 ../../../src/drivers/platform/micaZ/source/adc_driver.o
 .data          0x008001c7        0x0 ../../../src/drivers/platform/micaZ/source/i2c_driver.o
 .data          0x008001c7        0x0 ../../../src/drivers/platform/micaZ/source/mda100_driver.o
 .data          0x008001c7        0x0 ../../../src/drivers/platform/micaZ/source/mts310cb_driver.o
 .data          0x008001c7        0x0 ../../../src/drivers/platform/micaZ/source/DS2401.o
 .data          0x008001c7        0x0 ../../../src/drivers/platform/micaZ/source/DOGM128-6_Graphicdisplay_driver.o
 .data          0x008001c7        0x0 ../../../src/drivers/platform/micaZ/source/eDIP240-7_TouchPanel_driver.o
 .data          0x008001c7       0x10 ../../../src/drivers/platform/micaZ/source/TUM_LKN_Sensorboard_driver.o
                0x008001c7                steppertimeout
                0x008001c9                steps
                0x008001d1                m_vbatt
                0x008001d5                m_pwm
 .data          0x008001d7        0x0 ../../../src/kernel/hal/atmega128/atmel_hw_specific.o
 .data          0x008001d7        0x0 /usr/lib/gcc/avr/4.5.3/../../../avr/lib/avr51/libprintf_flt.a(vfprintf_flt.o)
 .data          0x008001d7        0x0 /usr/lib/gcc/avr/4.5.3/../../../avr/lib/avr51/libm.a(addsf3.o)
 .data          0x008001d7        0x0 /usr/lib/gcc/avr/4.5.3/../../../avr/lib/avr51/libm.a(addsf3x.o)
 .data          0x008001d7        0x0 /usr/lib/gcc/avr/4.5.3/../../../avr/lib/avr51/libm.a(divsf3.o)
 .data          0x008001d7        0x0 /usr/lib/gcc/avr/4.5.3/../../../avr/lib/avr51/libm.a(divsf3x.o)
 .data          0x008001d7        0x0 /usr/lib/gcc/avr/4.5.3/../../../avr/lib/avr51/libm.a(fixunssfsi.o)
 .data          0x008001d7        0x0 /usr/lib/gcc/avr/4.5.3/../../../avr/lib/avr51/libm.a(floatsisf.o)
 .data          0x008001d7        0x0 /usr/lib/gcc/avr/4.5.3/../../../avr/lib/avr51/libm.a(fp_inf.o)
 .data          0x008001d7        0x0 /usr/lib/gcc/avr/4.5.3/../../../avr/lib/avr51/libm.a(fp_nan.o)
 .data          0x008001d7        0x0 /usr/lib/gcc/avr/4.5.3/../../../avr/lib/avr51/libm.a(fp_pscA.o)
 .data          0x008001d7        0x0 /usr/lib/gcc/avr/4.5.3/../../../avr/lib/avr51/libm.a(fp_pscB.o)
 .data          0x008001d7        0x0 /usr/lib/gcc/avr/4.5.3/../../../avr/lib/avr51/libm.a(fp_round.o)
 .data          0x008001d7        0x0 /usr/lib/gcc/avr/4.5.3/../../../avr/lib/avr51/libm.a(fp_split3.o)
 .data          0x008001d7        0x0 /usr/lib/gcc/avr/4.5.3/../../../avr/lib/avr51/libm.a(fp_zero.o)
 .data          0x008001d7        0x0 /usr/lib/gcc/avr/4.5.3/../../../avr/lib/avr51/libm.a(gesf2.o)
 .data          0x008001d7        0x0 /usr/lib/gcc/avr/4.5.3/../../../avr/lib/avr51/libm.a(log.o)
 .data          0x008001d7        0x0 /usr/lib/gcc/avr/4.5.3/../../../avr/lib/avr51/libm.a(mulsf3.o)
 .data          0x008001d7        0x0 /usr/lib/gcc/avr/4.5.3/../../../avr/lib/avr51/libm.a(mulsf3x.o)
 .data          0x008001d7        0x0 /usr/lib/gcc/avr/4.5.3/../../../avr/lib/avr51/libm.a(pow.o)
 .data          0x008001d7        0x0 /usr/lib/gcc/avr/4.5.3/../../../avr/lib/avr51/libm.a(exp.o)
 .data          0x008001d7        0x0 /usr/lib/gcc/avr/4.5.3/../../../avr/lib/avr51/libm.a(fp_cmp.o)
 .data          0x008001d7        0x0 /usr/lib/gcc/avr/4.5.3/../../../avr/lib/avr51/libm.a(fp_mpack.o)
 .data          0x008001d7        0x0 /usr/lib/gcc/avr/4.5.3/../../../avr/lib/avr51/libm.a(fp_powser.o)
 .data          0x008001d7        0x0 /usr/lib/gcc/avr/4.5.3/../../../avr/lib/avr51/libm.a(inverse.o)
 .data          0x008001d7        0x0 /usr/lib/gcc/avr/4.5.3/../../../avr/lib/avr51/libm.a(ldexp.o)
 .data          0x008001d7        0x0 /usr/lib/gcc/avr/4.5.3/../../../avr/lib/avr51/libm.a(modf.o)
 .data          0x008001d7        0x0 /usr/lib/gcc/avr/4.5.3/avr51/libgcc.a(_mulsi3.o)
 .data          0x008001d7        0x0 /usr/lib/gcc/avr/4.5.3/avr51/libgcc.a(_udivmodhi4.o)
 .data          0x008001d7        0x0 /usr/lib/gcc/avr/4.5.3/avr51/libgcc.a(_udivmodsi4.o)
 .data          0x008001d7        0x0 /usr/lib/gcc/avr/4.5.3/avr51/libgcc.a(_exit.o)
 .data          0x008001d7        0x0 /usr/lib/gcc/avr/4.5.3/avr51/libgcc.a(_copy_data.o)
 .data          0x008001d7        0x0 /usr/lib/gcc/avr/4.5.3/avr51/libgcc.a(_clear_bss.o)
 .data          0x008001d7        0x0 /usr/lib/gcc/avr/4.5.3/avr51/libgcc.a(_udivdi3.o)
 .data          0x008001d7        0x0 /usr/lib/gcc/avr/4.5.3/avr51/libgcc.a(_prologue.o)
 .data          0x008001d7        0x0 /usr/lib/gcc/avr/4.5.3/avr51/libgcc.a(_epilogue.o)
 .data          0x008001d7      0x100 /usr/lib/gcc/avr/4.5.3/avr51/libgcc.a(_clz.o)
                0x008001d7                __clz_tab
 .data          0x008002d7        0x0 /usr/lib/gcc/avr/4.5.3/../../../avr/lib/avr51/libc.a(ftoa_engine.o)
 .data          0x008002d7        0x0 /usr/lib/gcc/avr/4.5.3/../../../avr/lib/avr51/libc.a(strnlen_P.o)
 .data          0x008002d7        0x0 /usr/lib/gcc/avr/4.5.3/../../../avr/lib/avr51/libc.a(strnlen.o)
 .data          0x008002d7        0x0 /usr/lib/gcc/avr/4.5.3/../../../avr/lib/avr51/libc.a(fdevopen.o)
 .data          0x008002d7        0x0 /usr/lib/gcc/avr/4.5.3/../../../avr/lib/avr51/libc.a(fgetc.o)
 .data          0x008002d7        0x0 /usr/lib/gcc/avr/4.5.3/../../../avr/lib/avr51/libc.a(fputc.o)
 .data          0x008002d7        0x0 /usr/lib/gcc/avr/4.5.3/../../../avr/lib/avr51/libc.a(iob.o)
 .data          0x008002d7        0x0 /usr/lib/gcc/avr/4.5.3/../../../avr/lib/avr51/libc.a(printf.o)
 .data          0x008002d7        0x0 /usr/lib/gcc/avr/4.5.3/../../../avr/lib/avr51/libc.a(puts.o)
 .data          0x008002d7        0x0 /usr/lib/gcc/avr/4.5.3/../../../avr/lib/avr51/libc.a(sprintf.o)
 .data          0x008002d7        0x0 /usr/lib/gcc/avr/4.5.3/../../../avr/lib/avr51/libc.a(ultoa_invert.o)
 .data          0x008002d7        0x0 /usr/lib/gcc/avr/4.5.3/../../../avr/lib/avr51/libc.a(eerd_byte_atmega128.o)
 .data          0x008002d7        0x0 /usr/lib/gcc/avr/4.5.3/../../../avr/lib/avr51/libc.a(eewr_byte_atmega128.o)
 .data          0x008002d7        0x0 /usr/lib/gcc/avr/4.5.3/../../../avr/lib/avr51/libc.a(calloc.o)
 .data          0x008002d7        0x6 /usr/lib/gcc/avr/4.5.3/../../../avr/lib/avr51/libc.a(malloc.o)
                0x008002d7                __malloc_margin
                0x008002d9                __malloc_heap_start
                0x008002db                __malloc_heap_end
 .data          0x008002dd        0x0 /usr/lib/gcc/avr/4.5.3/../../../avr/lib/avr51/libc.a(memset.o)
 *(.data*)
 *(.rodata)
 *(.rodata*)
 *(.gnu.linkonce.d*)
                0x008002de                . = ALIGN (0x2)
 *fill*         0x008002dd        0x1 00
                0x008002de                _edata = .
                0x008002de                PROVIDE (__data_end, .)

.bss            0x008002de      0x511
                0x008002de                PROVIDE (__bss_start, .)
 *(.bss)
 .bss           0x008002de        0x0 /usr/lib/gcc/avr/4.5.3/../../../avr/lib/avr51/crtm128.o
 .bss           0x008002de        0x0 main.o
 .bss           0x008002de        0x0 ../../../src/radio/cc2420/source/hal_rf_set_channel.o
 .bss           0x008002de        0x0 ../../../src/radio/cc2420/source/hal_rf_wait_for_crystal_oscillator.o
 .bss           0x008002de        0x0 ../../../src/radio/cc2420/source/basic_rf.o
 .bss           0x008002de        0x0 ../../../src/platform/micaZ/source/ulib.o
 .bss           0x008002de        0x0 ../../../src/platform/micaZ/source/hal_wait.o
 .bss           0x008002de        0x0 ../../../src/platform/micaZ/source/nrk_eeprom.o
 .bss           0x008002de        0x0 ../../../src/kernel/source/nrk.o
 .bss           0x008002de        0x0 ../../../src/kernel/source/nrk_stats.o
 .bss           0x008002de        0x1 ../../../src/kernel/source/nrk_error.o
 .bss           0x008002df        0x0 ../../../src/kernel/source/nrk_stack_check.o
 .bss           0x008002df        0x0 ../../../src/kernel/source/nrk_events.o
 .bss           0x008002df        0x0 ../../../src/kernel/source/nrk_task.o
 .bss           0x008002df        0x0 ../../../src/kernel/source/nrk_time.o
 .bss           0x008002df        0x0 ../../../src/kernel/source/nrk_idle_task.o
 .bss           0x008002df        0x0 ../../../src/kernel/source/nrk_scheduler.o
 .bss           0x008002df        0x0 ../../../src/kernel/source/nrk_driver.o
 .bss           0x008002df        0x0 ../../../src/kernel/source/nrk_reserve.o
 .bss           0x008002df        0x0 ../../../src/kernel/source/nrk_sw_wdt.o
 .bss           0x008002df        0x0 ../../../src/kernel/hal/atmega128/nrk_timer.o
 .bss           0x008002df        0x0 ../../../src/kernel/hal/atmega128/nrk_status.o
 .bss           0x008002df        0x0 ../../../src/kernel/hal/atmega128/nrk_ext_int.o
 .bss           0x008002df        0x0 ../../../src/kernel/hal/atmega128/nrk_watchdog.o
 .bss           0x008002df        0x0 ../../../src/kernel/hal/atmega128/nrk_cpu.o
 .bss           0x008002df        0x0 ../../../src/drivers/platform/micaZ/source/ad5242.o
 .bss           0x008002df        0x0 ../../../src/drivers/platform/micaZ/source/adc_driver.o
 .bss           0x008002df        0x0 ../../../src/drivers/platform/micaZ/source/i2c_driver.o
 .bss           0x008002df        0x1 ../../../src/drivers/platform/micaZ/source/mda100_driver.o
                0x008002df                mda100_initDone
 .bss           0x008002e0        0x1 ../../../src/drivers/platform/micaZ/source/mts310cb_driver.o
                0x008002e0                mts310cb_initDone
 .bss           0x008002e1        0x0 ../../../src/drivers/platform/micaZ/source/DS2401.o
 .bss           0x008002e1        0x0 ../../../src/drivers/platform/micaZ/source/DOGM128-6_Graphicdisplay_driver.o
 .bss           0x008002e1        0x0 ../../../src/drivers/platform/micaZ/source/eDIP240-7_TouchPanel_driver.o
 .bss           0x008002e1        0xd ../../../src/drivers/platform/micaZ/source/TUM_LKN_Sensorboard_driver.o
                0x008002e1                m_currentstep
                0x008002e2                i2cData
                0x008002ea                m_lastxs
                0x008002eb                m_ledstate
                0x008002ec                m_prescaler
 .bss           0x008002ee        0x0 ../../../src/kernel/hal/atmega128/atmel_hw_specific.o
 .bss           0x008002ee        0x0 /usr/lib/gcc/avr/4.5.3/../../../avr/lib/avr51/libprintf_flt.a(vfprintf_flt.o)
 .bss           0x008002ee        0x0 /usr/lib/gcc/avr/4.5.3/../../../avr/lib/avr51/libm.a(addsf3.o)
 .bss           0x008002ee        0x0 /usr/lib/gcc/avr/4.5.3/../../../avr/lib/avr51/libm.a(addsf3x.o)
 .bss           0x008002ee        0x0 /usr/lib/gcc/avr/4.5.3/../../../avr/lib/avr51/libm.a(divsf3.o)
 .bss           0x008002ee        0x0 /usr/lib/gcc/avr/4.5.3/../../../avr/lib/avr51/libm.a(divsf3x.o)
 .bss           0x008002ee        0x0 /usr/lib/gcc/avr/4.5.3/../../../avr/lib/avr51/libm.a(fixunssfsi.o)
 .bss           0x008002ee        0x0 /usr/lib/gcc/avr/4.5.3/../../../avr/lib/avr51/libm.a(floatsisf.o)
 .bss           0x008002ee        0x0 /usr/lib/gcc/avr/4.5.3/../../../avr/lib/avr51/libm.a(fp_inf.o)
 .bss           0x008002ee        0x0 /usr/lib/gcc/avr/4.5.3/../../../avr/lib/avr51/libm.a(fp_nan.o)
 .bss           0x008002ee        0x0 /usr/lib/gcc/avr/4.5.3/../../../avr/lib/avr51/libm.a(fp_pscA.o)
 .bss           0x008002ee        0x0 /usr/lib/gcc/avr/4.5.3/../../../avr/lib/avr51/libm.a(fp_pscB.o)
 .bss           0x008002ee        0x0 /usr/lib/gcc/avr/4.5.3/../../../avr/lib/avr51/libm.a(fp_round.o)
 .bss           0x008002ee        0x0 /usr/lib/gcc/avr/4.5.3/../../../avr/lib/avr51/libm.a(fp_split3.o)
 .bss           0x008002ee        0x0 /usr/lib/gcc/avr/4.5.3/../../../avr/lib/avr51/libm.a(fp_zero.o)
 .bss           0x008002ee        0x0 /usr/lib/gcc/avr/4.5.3/../../../avr/lib/avr51/libm.a(gesf2.o)
 .bss           0x008002ee        0x0 /usr/lib/gcc/avr/4.5.3/../../../avr/lib/avr51/libm.a(log.o)
 .bss           0x008002ee        0x0 /usr/lib/gcc/avr/4.5.3/../../../avr/lib/avr51/libm.a(mulsf3.o)
 .bss           0x008002ee        0x0 /usr/lib/gcc/avr/4.5.3/../../../avr/lib/avr51/libm.a(mulsf3x.o)
 .bss           0x008002ee        0x0 /usr/lib/gcc/avr/4.5.3/../../../avr/lib/avr51/libm.a(pow.o)
 .bss           0x008002ee        0x0 /usr/lib/gcc/avr/4.5.3/../../../avr/lib/avr51/libm.a(exp.o)
 .bss           0x008002ee        0x0 /usr/lib/gcc/avr/4.5.3/../../../avr/lib/avr51/libm.a(fp_cmp.o)
 .bss           0x008002ee        0x0 /usr/lib/gcc/avr/4.5.3/../../../avr/lib/avr51/libm.a(fp_mpack.o)
 .bss           0x008002ee        0x0 /usr/lib/gcc/avr/4.5.3/../../../avr/lib/avr51/libm.a(fp_powser.o)
 .bss           0x008002ee        0x0 /usr/lib/gcc/avr/4.5.3/../../../avr/lib/avr51/libm.a(inverse.o)
 .bss           0x008002ee        0x0 /usr/lib/gcc/avr/4.5.3/../../../avr/lib/avr51/libm.a(ldexp.o)
 .bss           0x008002ee        0x0 /usr/lib/gcc/avr/4.5.3/../../../avr/lib/avr51/libm.a(modf.o)
 .bss           0x008002ee        0x0 /usr/lib/gcc/avr/4.5.3/avr51/libgcc.a(_mulsi3.o)
 .bss           0x008002ee        0x0 /usr/lib/gcc/avr/4.5.3/avr51/libgcc.a(_udivmodhi4.o)
 .bss           0x008002ee        0x0 /usr/lib/gcc/avr/4.5.3/avr51/libgcc.a(_udivmodsi4.o)
 .bss           0x008002ee        0x0 /usr/lib/gcc/avr/4.5.3/avr51/libgcc.a(_exit.o)
 .bss           0x008002ee        0x0 /usr/lib/gcc/avr/4.5.3/avr51/libgcc.a(_copy_data.o)
 .bss           0x008002ee        0x0 /usr/lib/gcc/avr/4.5.3/avr51/libgcc.a(_clear_bss.o)
 .bss           0x008002ee        0x0 /usr/lib/gcc/avr/4.5.3/avr51/libgcc.a(_udivdi3.o)
 .bss           0x008002ee        0x0 /usr/lib/gcc/avr/4.5.3/avr51/libgcc.a(_prologue.o)
 .bss           0x008002ee        0x0 /usr/lib/gcc/avr/4.5.3/avr51/libgcc.a(_epilogue.o)
 .bss           0x008002ee        0x0 /usr/lib/gcc/avr/4.5.3/avr51/libgcc.a(_clz.o)
 .bss           0x008002ee        0x0 /usr/lib/gcc/avr/4.5.3/../../../avr/lib/avr51/libc.a(ftoa_engine.o)
 .bss           0x008002ee        0x0 /usr/lib/gcc/avr/4.5.3/../../../avr/lib/avr51/libc.a(strnlen_P.o)
 .bss           0x008002ee        0x0 /usr/lib/gcc/avr/4.5.3/../../../avr/lib/avr51/libc.a(strnlen.o)
 .bss           0x008002ee        0x0 /usr/lib/gcc/avr/4.5.3/../../../avr/lib/avr51/libc.a(fdevopen.o)
 .bss           0x008002ee        0x0 /usr/lib/gcc/avr/4.5.3/../../../avr/lib/avr51/libc.a(fgetc.o)
 .bss           0x008002ee        0x0 /usr/lib/gcc/avr/4.5.3/../../../avr/lib/avr51/libc.a(fputc.o)
 .bss           0x008002ee        0x0 /usr/lib/gcc/avr/4.5.3/../../../avr/lib/avr51/libc.a(iob.o)
 .bss           0x008002ee        0x0 /usr/lib/gcc/avr/4.5.3/../../../avr/lib/avr51/libc.a(printf.o)
 .bss           0x008002ee        0x0 /usr/lib/gcc/avr/4.5.3/../../../avr/lib/avr51/libc.a(puts.o)
 .bss           0x008002ee        0x0 /usr/lib/gcc/avr/4.5.3/../../../avr/lib/avr51/libc.a(sprintf.o)
 .bss           0x008002ee        0x0 /usr/lib/gcc/avr/4.5.3/../../../avr/lib/avr51/libc.a(ultoa_invert.o)
 .bss           0x008002ee        0x0 /usr/lib/gcc/avr/4.5.3/../../../avr/lib/avr51/libc.a(eerd_byte_atmega128.o)
 .bss           0x008002ee        0x0 /usr/lib/gcc/avr/4.5.3/../../../avr/lib/avr51/libc.a(eewr_byte_atmega128.o)
 .bss           0x008002ee        0x0 /usr/lib/gcc/avr/4.5.3/../../../avr/lib/avr51/libc.a(calloc.o)
 .bss           0x008002ee        0x0 /usr/lib/gcc/avr/4.5.3/../../../avr/lib/avr51/libc.a(malloc.o)
 .bss           0x008002ee        0x0 /usr/lib/gcc/avr/4.5.3/../../../avr/lib/avr51/libc.a(memset.o)
 *(.bss*)
 *(COMMON)
 COMMON         0x008002ee      0x3b7 main.o
                0x008002ee                TaskFour
                0x00800311                app_timer0_callback
                0x00800313                Stack3
                0x00800393                error_task
                0x00800394                _nrk_time_trigger
                0x00800395                TaskOne
                0x008003b8                _nrk_stats_sleep_time
                0x008003c0                Stack2
                0x00800440                _nrk_signal_list
                0x00800444                TaskThree
                0x00800467                Stack1
                0x008004e7                nrk_kernel_stk_ptr
                0x008004e9                app_timer0_prescale
                0x008004ea                _nrk_prev_timer_val
                0x008004eb                cur_task_stats
                0x00800581                error_num
                0x00800582                nrk_idle_task_stk
                0x00800602                Stack4
                0x00800682                TaskTwo
 COMMON         0x008006a5       0x1b ../../../src/radio/cc2420/source/basic_rf.o
                0x008006a5                rx_ctr
                0x008006a9                radio_sem
                0x008006ab                security_enable
                0x008006ac                mdmctrl0
                0x008006ae                rfSettings
                0x008006b7                tmp_blah
                0x008006b9                auto_ack_enable
                0x008006ba                last_pkt_encrypted
                0x008006bb                tx_ctr
                0x008006bf                rx_ready
 COMMON         0x008006c0      0x117 ../../../src/kernel/source/nrk.o
                0x008006c0                _free_node
                0x008006c2                nrk_task_TCB
                0x00800767                next_next_wakeup
                0x00800769                nrk_sem_list
                0x0080076c                nrk_task_init_cnt
                0x0080076d                nrk_wakeup_signal
                0x0080076e                nrk_high_ready_TCB
                0x00800770                nrk_cur_task_prio
                0x00800771                _nrk_cpu_state
                0x00800772                _head_node
                0x00800774                nrk_system_time
                0x0080077c                _nrk_resource_cnt
                0x0080077d                nrk_cur_task_TCB
                0x0080077f                nrk_high_ready_prio
                0x00800780                sw_wdts
                0x008007b9                _nrk_readyQ
 COMMON         0x008007d7        0x1 ../../../src/kernel/source/nrk_scheduler.o
                0x008007d7                t
 COMMON         0x008007d8        0x8 ../../../src/kernel/hal/atmega128/nrk_ext_int.o
                0x008007d8                ext_int1_callback
                0x008007da                ext_int0_callback
                0x008007dc                ext_int2_callback
                0x008007de                pc_int0_callback
 COMMON         0x008007e0        0x5 ../../../src/drivers/platform/micaZ/source/TUM_LKN_Sensorboard_driver.o
                0x008007e0                i2cDataLen
                0x008007e1                i2cDataDirection
                0x008007e2                m_channel
                0x008007e3                i2cDestination
 COMMON         0x008007e5        0x6 /usr/lib/gcc/avr/4.5.3/../../../avr/lib/avr51/libc.a(iob.o)
                0x008007e5                __iob
 COMMON         0x008007eb        0x4 /usr/lib/gcc/avr/4.5.3/../../../avr/lib/avr51/libc.a(malloc.o)
                0x008007eb                __brkval
                0x008007ed                __flp
                0x008007ef                PROVIDE (__bss_end, .)
                0x00009928                __data_load_start = LOADADDR (.data)
                0x00009b06                __data_load_end = (__data_load_start + SIZEOF (.data))

.noinit         0x008007ef        0x0
                0x008007ef                PROVIDE (__noinit_start, .)
 *(.noinit*)
                0x008007ef                PROVIDE (__noinit_end, .)
                0x008007ef                _end = .
                0x008007ef                PROVIDE (__heap_start, .)

.eeprom         0x00810000        0x0
 *(.eeprom*)
                0x00810000                __eeprom_end = .

.fuse
 *(.fuse)
 *(.lfuse)
 *(.hfuse)
 *(.efuse)

.lock
 *(.lock*)

.signature
 *(.signature*)

.stab           0x00000000    0x1a484
 *(.stab)
 .stab          0x00000000      0x6cc /usr/lib/gcc/avr/4.5.3/../../../avr/lib/avr51/crtm128.o
 .stab          0x000006cc      0xcb4 main.o
                                0xcc0 (size before relaxing)
 .stab          0x00001380      0x294 ../../../src/radio/cc2420/source/hal_rf_set_channel.o
                                0x600 (size before relaxing)
 .stab          0x00001614      0x264 ../../../src/radio/cc2420/source/hal_rf_wait_for_crystal_oscillator.o
                                0x5d0 (size before relaxing)
 .stab          0x00001878     0x3750 ../../../src/radio/cc2420/source/basic_rf.o
                               0x3b70 (size before relaxing)
 .stab          0x00004fc8     0x1170 ../../../src/platform/micaZ/source/ulib.o
                               0x14f4 (size before relaxing)
 .stab          0x00006138      0x240 ../../../src/platform/micaZ/source/hal_wait.o
                                0x5ac (size before relaxing)
 .stab          0x00006378      0x684 ../../../src/platform/micaZ/source/nrk_eeprom.o
                                0x9f0 (size before relaxing)
 .stab          0x000069fc      0xa44 ../../../src/kernel/source/nrk.o
                                0xe58 (size before relaxing)
 .stab          0x00007440      0x9d8 ../../../src/kernel/source/nrk_stats.o
                                0xe10 (size before relaxing)
 .stab          0x00007e18      0xbc4 ../../../src/kernel/source/nrk_error.o
                                0xfe4 (size before relaxing)
 .stab          0x000089dc      0x498 ../../../src/kernel/source/nrk_stack_check.o
                                0x8ac (size before relaxing)
 .stab          0x00008e74      0xe4c ../../../src/kernel/source/nrk_events.o
                               0x1278 (size before relaxing)
 .stab          0x00009cc0      0xf60 ../../../src/kernel/source/nrk_task.o
                               0x138c (size before relaxing)
 .stab          0x0000ac20      0x7ec ../../../src/kernel/source/nrk_time.o
                                0xc18 (size before relaxing)
 .stab          0x0000b40c      0x33c ../../../src/kernel/source/nrk_idle_task.o
                                0x768 (size before relaxing)
 .stab          0x0000b748      0x8dc ../../../src/kernel/source/nrk_scheduler.o
                                0xd50 (size before relaxing)
 .stab          0x0000c024       0xe4 ../../../src/kernel/source/nrk_driver.o
                                 0xf0 (size before relaxing)
 .stab          0x0000c108       0xe4 ../../../src/kernel/source/nrk_reserve.o
                                 0xf0 (size before relaxing)
 .stab          0x0000c1ec      0x63c ../../../src/kernel/source/nrk_sw_wdt.o
                                0xa74 (size before relaxing)
 .stab          0x0000c828      0xd98 ../../../src/kernel/hal/atmega128/nrk_timer.o
                               0x11b8 (size before relaxing)
 .stab          0x0000d5c0      0x2dc ../../../src/kernel/hal/atmega128/nrk_status.o
                                0x648 (size before relaxing)
 .stab          0x0000d89c      0x36c ../../../src/kernel/hal/atmega128/nrk_ext_int.o
                                0x6f0 (size before relaxing)
 .stab          0x0000dc08      0x3d8 ../../../src/kernel/hal/atmega128/nrk_watchdog.o
                                0x7e0 (size before relaxing)
 .stab          0x0000dfe0      0x774 ../../../src/kernel/hal/atmega128/nrk_cpu.o
                                0xb94 (size before relaxing)
 .stab          0x0000e754      0x1f8 ../../../src/drivers/platform/micaZ/source/ad5242.o
                                0x204 (size before relaxing)
 .stab          0x0000e94c      0x318 ../../../src/drivers/platform/micaZ/source/adc_driver.o
                                0x4e0 (size before relaxing)
 .stab          0x0000ec64      0x534 ../../../src/drivers/platform/micaZ/source/i2c_driver.o
                                0x6fc (size before relaxing)
 .stab          0x0000f198      0x594 ../../../src/drivers/platform/micaZ/source/mda100_driver.o
                                0x75c (size before relaxing)
 .stab          0x0000f72c      0xb10 ../../../src/drivers/platform/micaZ/source/mts310cb_driver.o
                                0xcd8 (size before relaxing)
 .stab          0x0001023c      0x8a0 ../../../src/drivers/platform/micaZ/source/DS2401.o
                                0xc9c (size before relaxing)
 .stab          0x00010adc      0x828 ../../../src/drivers/platform/micaZ/source/DOGM128-6_Graphicdisplay_driver.o
                                0xa98 (size before relaxing)
 .stab          0x00011304      0xeac ../../../src/drivers/platform/micaZ/source/eDIP240-7_TouchPanel_driver.o
                               0x12a8 (size before relaxing)
 .stab          0x000121b0     0x189c ../../../src/drivers/platform/micaZ/source/TUM_LKN_Sensorboard_driver.o
                               0x1ce0 (size before relaxing)
 .stab          0x00013a4c      0x204 ../../../src/kernel/hal/atmega128/atmel_hw_specific.o
                                0x210 (size before relaxing)
 .stab          0x00013c50     0x12f0 /usr/lib/gcc/avr/4.5.3/../../../avr/lib/avr51/libprintf_flt.a(vfprintf_flt.o)
                               0x1350 (size before relaxing)
 .stab          0x00014f40       0x78 /usr/lib/gcc/avr/4.5.3/../../../avr/lib/avr51/libm.a(addsf3.o)
                                 0x84 (size before relaxing)
 .stab          0x00014fb8      0x4bc /usr/lib/gcc/avr/4.5.3/../../../avr/lib/avr51/libm.a(addsf3x.o)
                                0x4c8 (size before relaxing)
 .stab          0x00015474       0x48 /usr/lib/gcc/avr/4.5.3/../../../avr/lib/avr51/libm.a(divsf3.o)
                                 0x54 (size before relaxing)
 .stab          0x000154bc      0x510 /usr/lib/gcc/avr/4.5.3/../../../avr/lib/avr51/libm.a(divsf3x.o)
                                0x51c (size before relaxing)
 .stab          0x000159cc      0x240 /usr/lib/gcc/avr/4.5.3/../../../avr/lib/avr51/libm.a(fixunssfsi.o)
                                0x24c (size before relaxing)
 .stab          0x00015c0c      0x318 /usr/lib/gcc/avr/4.5.3/../../../avr/lib/avr51/libm.a(floatsisf.o)
                                0x324 (size before relaxing)
 .stab          0x00015f24       0x78 /usr/lib/gcc/avr/4.5.3/../../../avr/lib/avr51/libm.a(fp_inf.o)
                                 0x84 (size before relaxing)
 .stab          0x00015f9c       0x54 /usr/lib/gcc/avr/4.5.3/../../../avr/lib/avr51/libm.a(fp_nan.o)
                                 0x60 (size before relaxing)
 .stab          0x00015ff0       0x84 /usr/lib/gcc/avr/4.5.3/../../../avr/lib/avr51/libm.a(fp_pscA.o)
                                 0x90 (size before relaxing)
 .stab          0x00016074       0x84 /usr/lib/gcc/avr/4.5.3/../../../avr/lib/avr51/libm.a(fp_pscB.o)
                                 0x90 (size before relaxing)
 .stab          0x000160f8       0xfc /usr/lib/gcc/avr/4.5.3/../../../avr/lib/avr51/libm.a(fp_round.o)
                                0x108 (size before relaxing)
 .stab          0x000161f4      0x1d4 /usr/lib/gcc/avr/4.5.3/../../../avr/lib/avr51/libm.a(fp_split3.o)
                                0x1e0 (size before relaxing)
 .stab          0x000163c8       0x90 /usr/lib/gcc/avr/4.5.3/../../../avr/lib/avr51/libm.a(fp_zero.o)
                                 0x9c (size before relaxing)
 .stab          0x00016458       0x6c /usr/lib/gcc/avr/4.5.3/../../../avr/lib/avr51/libm.a(gesf2.o)
                                 0x78 (size before relaxing)
 .stab          0x000164c4      0x378 /usr/lib/gcc/avr/4.5.3/../../../avr/lib/avr51/libm.a(log.o)
                                0x384 (size before relaxing)
 .stab          0x0001683c       0x48 /usr/lib/gcc/avr/4.5.3/../../../avr/lib/avr51/libm.a(mulsf3.o)
                                 0x54 (size before relaxing)
 .stab          0x00016884      0x4d4 /usr/lib/gcc/avr/4.5.3/../../../avr/lib/avr51/libm.a(mulsf3x.o)
                                0x4e0 (size before relaxing)
 .stab          0x00016d58      0x3c0 /usr/lib/gcc/avr/4.5.3/../../../avr/lib/avr51/libm.a(pow.o)
                                0x3cc (size before relaxing)
 .stab          0x00017118      0x288 /usr/lib/gcc/avr/4.5.3/../../../avr/lib/avr51/libm.a(exp.o)
                                0x294 (size before relaxing)
 .stab          0x000173a0      0x1e0 /usr/lib/gcc/avr/4.5.3/../../../avr/lib/avr51/libm.a(fp_cmp.o)
                                0x1ec (size before relaxing)
 .stab          0x00017580       0xe4 /usr/lib/gcc/avr/4.5.3/../../../avr/lib/avr51/libm.a(fp_mpack.o)
                                 0xf0 (size before relaxing)
 .stab          0x00017664      0x1ec /usr/lib/gcc/avr/4.5.3/../../../avr/lib/avr51/libm.a(fp_powser.o)
                                0x1f8 (size before relaxing)
 .stab          0x00017850       0x84 /usr/lib/gcc/avr/4.5.3/../../../avr/lib/avr51/libm.a(inverse.o)
                                 0x90 (size before relaxing)
 .stab          0x000178d4      0x2c4 /usr/lib/gcc/avr/4.5.3/../../../avr/lib/avr51/libm.a(ldexp.o)
                                0x2d0 (size before relaxing)
 .stab          0x00017b98      0x2a0 /usr/lib/gcc/avr/4.5.3/../../../avr/lib/avr51/libm.a(modf.o)
                                0x2ac (size before relaxing)
 .stab          0x00017e38      0xa38 /usr/lib/gcc/avr/4.5.3/../../../avr/lib/avr51/libc.a(ftoa_engine.o)
                                0xa44 (size before relaxing)
 .stab          0x00018870       0x9c /usr/lib/gcc/avr/4.5.3/../../../avr/lib/avr51/libc.a(strnlen_P.o)
                                 0xa8 (size before relaxing)
 .stab          0x0001890c       0x9c /usr/lib/gcc/avr/4.5.3/../../../avr/lib/avr51/libc.a(strnlen.o)
                                 0xa8 (size before relaxing)
 .stab          0x000189a8      0x288 /usr/lib/gcc/avr/4.5.3/../../../avr/lib/avr51/libc.a(fdevopen.o)
                                0x4b0 (size before relaxing)
 .stab          0x00018c30      0x264 /usr/lib/gcc/avr/4.5.3/../../../avr/lib/avr51/libc.a(fgetc.o)
                                0x444 (size before relaxing)
 .stab          0x00018e94      0x1e0 /usr/lib/gcc/avr/4.5.3/../../../avr/lib/avr51/libc.a(fputc.o)
                                0x3c0 (size before relaxing)
 .stab          0x00019074      0x12c /usr/lib/gcc/avr/4.5.3/../../../avr/lib/avr51/libc.a(iob.o)
                                0x30c (size before relaxing)
 .stab          0x000191a0      0x18c /usr/lib/gcc/avr/4.5.3/../../../avr/lib/avr51/libc.a(printf.o)
                                0x36c (size before relaxing)
 .stab          0x0001932c      0x1f8 /usr/lib/gcc/avr/4.5.3/../../../avr/lib/avr51/libc.a(puts.o)
                                0x3d8 (size before relaxing)
 .stab          0x00019524      0x1f8 /usr/lib/gcc/avr/4.5.3/../../../avr/lib/avr51/libc.a(sprintf.o)
                                0x3d8 (size before relaxing)
 .stab          0x0001971c      0x480 /usr/lib/gcc/avr/4.5.3/../../../avr/lib/avr51/libc.a(ultoa_invert.o)
                                0x48c (size before relaxing)
 .stab          0x00019b9c       0x90 /usr/lib/gcc/avr/4.5.3/../../../avr/lib/avr51/libc.a(eerd_byte_atmega128.o)
                                 0x9c (size before relaxing)
 .stab          0x00019c2c       0xd8 /usr/lib/gcc/avr/4.5.3/../../../avr/lib/avr51/libc.a(eewr_byte_atmega128.o)
                                 0xe4 (size before relaxing)
 .stab          0x00019d04      0x198 /usr/lib/gcc/avr/4.5.3/../../../avr/lib/avr51/libc.a(calloc.o)
                                0x1d4 (size before relaxing)
 .stab          0x00019e9c      0x57c /usr/lib/gcc/avr/4.5.3/../../../avr/lib/avr51/libc.a(malloc.o)
                                0x75c (size before relaxing)
 .stab          0x0001a418       0x6c /usr/lib/gcc/avr/4.5.3/../../../avr/lib/avr51/libc.a(memset.o)
                                 0x78 (size before relaxing)

.stabstr        0x00000000     0x7389
 *(.stabstr)
 .stabstr       0x00000000     0x7389 /usr/lib/gcc/avr/4.5.3/../../../avr/lib/avr51/crtm128.o

.stab.excl
 *(.stab.excl)

.stab.exclstr
 *(.stab.exclstr)

.stab.index
 *(.stab.index)

.stab.indexstr
 *(.stab.indexstr)

.comment
 *(.comment)

.debug
 *(.debug)

.line
 *(.line)

.debug_srcinfo
 *(.debug_srcinfo)

.debug_sfnames
 *(.debug_sfnames)

.debug_aranges
 *(.debug_aranges)

.debug_pubnames
 *(.debug_pubnames)

.debug_info
 *(.debug_info)
 *(.gnu.linkonce.wi.*)

.debug_abbrev
 *(.debug_abbrev)

.debug_line
 *(.debug_line)

.debug_frame
 *(.debug_frame)

.debug_str
 *(.debug_str)

.debug_loc
 *(.debug_loc)

.debug_macinfo
 *(.debug_macinfo)
OUTPUT(main.elf elf32-avr)
LOAD linker stubs

Cross Reference Table

Symbol                                            File
DOGM128_6_LCD_print                               ../../../src/drivers/platform/micaZ/source/DOGM128-6_Graphicdisplay_driver.o
DOGM128_6_clear_display                           ../../../src/drivers/platform/micaZ/source/DOGM128-6_Graphicdisplay_driver.o
DOGM128_6_display_backlight                       ../../../src/drivers/platform/micaZ/source/DOGM128-6_Graphicdisplay_driver.o
DOGM128_6_display_init                            ../../../src/drivers/platform/micaZ/source/DOGM128-6_Graphicdisplay_driver.o
DOGM128_6_usart1_sendByte                         ../../../src/drivers/platform/micaZ/source/DOGM128-6_Graphicdisplay_driver.o
DS2401_getSerialNumber                            ../../../src/drivers/platform/micaZ/source/DS2401.o
DS2401_init                                       ../../../src/drivers/platform/micaZ/source/DS2401.o
Maxim_1Wire_CommandReadRom                        ../../../src/drivers/platform/micaZ/source/DS2401.o
Maxim_1Wire_ReadBit                               ../../../src/drivers/platform/micaZ/source/DS2401.o
Maxim_1Wire_ReadByte                              ../../../src/drivers/platform/micaZ/source/DS2401.o
Maxim_1Wire_ResetPulse                            ../../../src/drivers/platform/micaZ/source/DS2401.o
Maxim_1Wire_WriteBit                              ../../../src/drivers/platform/micaZ/source/DS2401.o
Maxim_1Wire_WriteByte                             ../../../src/drivers/platform/micaZ/source/DS2401.o
NRK_ADC_INPUT_0                                   ../../../src/platform/micaZ/source/ulib.o
NRK_ADC_INPUT_1                                   ../../../src/platform/micaZ/source/ulib.o
NRK_ADC_INPUT_2                                   ../../../src/platform/micaZ/source/ulib.o
NRK_ADC_INPUT_3                                   ../../../src/platform/micaZ/source/ulib.o
NRK_ADC_INPUT_6                                   ../../../src/platform/micaZ/source/ulib.o
NRK_ADC_INPUT_7                                   ../../../src/platform/micaZ/source/ulib.o
NRK_BLED                                          ../../../src/platform/micaZ/source/ulib.o
NRK_CCA                                           ../../../src/platform/micaZ/source/ulib.o
NRK_CSN                                           ../../../src/platform/micaZ/source/ulib.o
NRK_DEBUG_0                                       ../../../src/platform/micaZ/source/ulib.o
                                                  ../../../src/radio/cc2420/source/basic_rf.o
NRK_DEBUG_1                                       ../../../src/platform/micaZ/source/ulib.o
                                                  ../../../src/radio/cc2420/source/basic_rf.o
NRK_DEBUG_2                                       ../../../src/platform/micaZ/source/ulib.o
NRK_DEBUG_3                                       ../../../src/platform/micaZ/source/ulib.o
NRK_FIFO                                          ../../../src/platform/micaZ/source/ulib.o
NRK_FIFOP                                         ../../../src/platform/micaZ/source/ulib.o
NRK_GPIO26                                        ../../../src/platform/micaZ/source/ulib.o
NRK_GPIO28                                        ../../../src/platform/micaZ/source/ulib.o
NRK_GPIO34                                        ../../../src/platform/micaZ/source/ulib.o
NRK_LED_0                                         ../../../src/platform/micaZ/source/ulib.o
NRK_LED_1                                         ../../../src/platform/micaZ/source/ulib.o
NRK_LED_2                                         ../../../src/platform/micaZ/source/ulib.o
NRK_LED_3                                         ../../../src/platform/micaZ/source/ulib.o
NRK_MISO                                          ../../../src/platform/micaZ/source/ulib.o
NRK_MOSI                                          ../../../src/platform/micaZ/source/ulib.o
NRK_RESET_N                                       ../../../src/platform/micaZ/source/ulib.o
NRK_SCK                                           ../../../src/platform/micaZ/source/ulib.o
NRK_SFD                                           ../../../src/platform/micaZ/source/ulib.o
NRK_SPI_SS                                        ../../../src/platform/micaZ/source/ulib.o
NRK_UART0_RXD                                     ../../../src/platform/micaZ/source/ulib.o
NRK_UART0_TXD                                     ../../../src/platform/micaZ/source/ulib.o
NRK_UART1_CTS                                     ../../../src/platform/micaZ/source/ulib.o
NRK_UART1_RTS                                     ../../../src/platform/micaZ/source/ulib.o
NRK_UART1_RXD                                     ../../../src/platform/micaZ/source/ulib.o
NRK_UART1_TXD                                     ../../../src/platform/micaZ/source/ulib.o
NRK_VREG_EN                                       ../../../src/platform/micaZ/source/ulib.o
S2V                                               ../../../src/drivers/platform/micaZ/source/TUM_LKN_Sensorboard_driver.o
Stack1                                            main.o
Stack2                                            main.o
Stack3                                            main.o
Stack4                                            main.o
TUM_LKN_Sensorboard_StepperIdle                   ../../../src/drivers/platform/micaZ/source/TUM_LKN_Sensorboard_driver.o
TUM_LKN_Sensorboard_getCurrentStep                ../../../src/drivers/platform/micaZ/source/TUM_LKN_Sensorboard_driver.o
TUM_LKN_Sensorboard_greenBlink                    ../../../src/drivers/platform/micaZ/source/TUM_LKN_Sensorboard_driver.o
TUM_LKN_Sensorboard_greenOff                      ../../../src/drivers/platform/micaZ/source/TUM_LKN_Sensorboard_driver.o
TUM_LKN_Sensorboard_greenOn                       ../../../src/drivers/platform/micaZ/source/TUM_LKN_Sensorboard_driver.o
TUM_LKN_Sensorboard_greenToggle                   ../../../src/drivers/platform/micaZ/source/TUM_LKN_Sensorboard_driver.o
TUM_LKN_Sensorboard_halfStepCCW                   ../../../src/drivers/platform/micaZ/source/TUM_LKN_Sensorboard_driver.o
TUM_LKN_Sensorboard_halfStepCW                    ../../../src/drivers/platform/micaZ/source/TUM_LKN_Sensorboard_driver.o
TUM_LKN_Sensorboard_init                          ../../../src/drivers/platform/micaZ/source/TUM_LKN_Sensorboard_driver.o
TUM_LKN_Sensorboard_laserBlink                    ../../../src/drivers/platform/micaZ/source/TUM_LKN_Sensorboard_driver.o
TUM_LKN_Sensorboard_laserOff                      ../../../src/drivers/platform/micaZ/source/TUM_LKN_Sensorboard_driver.o
TUM_LKN_Sensorboard_laserOn                       ../../../src/drivers/platform/micaZ/source/TUM_LKN_Sensorboard_driver.o
TUM_LKN_Sensorboard_laserToggle                   ../../../src/drivers/platform/micaZ/source/TUM_LKN_Sensorboard_driver.o
TUM_LKN_Sensorboard_readChannel                   ../../../src/drivers/platform/micaZ/source/TUM_LKN_Sensorboard_driver.o
TUM_LKN_Sensorboard_readChannel1                  ../../../src/drivers/platform/micaZ/source/TUM_LKN_Sensorboard_driver.o
TUM_LKN_Sensorboard_readChannel2                  ../../../src/drivers/platform/micaZ/source/TUM_LKN_Sensorboard_driver.o
TUM_LKN_Sensorboard_readChannel3                  ../../../src/drivers/platform/micaZ/source/TUM_LKN_Sensorboard_driver.o
TUM_LKN_Sensorboard_readPhotoVoltage              ../../../src/drivers/platform/micaZ/source/TUM_LKN_Sensorboard_driver.o
TUM_LKN_Sensorboard_redBlink                      ../../../src/drivers/platform/micaZ/source/TUM_LKN_Sensorboard_driver.o
TUM_LKN_Sensorboard_redOff                        ../../../src/drivers/platform/micaZ/source/TUM_LKN_Sensorboard_driver.o
TUM_LKN_Sensorboard_redOn                         ../../../src/drivers/platform/micaZ/source/TUM_LKN_Sensorboard_driver.o
TUM_LKN_Sensorboard_redToggle                     ../../../src/drivers/platform/micaZ/source/TUM_LKN_Sensorboard_driver.o
TUM_LKN_Sensorboard_setBeeper                     ../../../src/drivers/platform/micaZ/source/TUM_LKN_Sensorboard_driver.o
TUM_LKN_Sensorboard_setBrightness0                ../../../src/drivers/platform/micaZ/source/TUM_LKN_Sensorboard_driver.o
TUM_LKN_Sensorboard_setBrightness1                ../../../src/drivers/platform/micaZ/source/TUM_LKN_Sensorboard_driver.o
TUM_LKN_Sensorboard_setControl0                   ../../../src/drivers/platform/micaZ/source/TUM_LKN_Sensorboard_driver.o
TUM_LKN_Sensorboard_setControl1                   ../../../src/drivers/platform/micaZ/source/TUM_LKN_Sensorboard_driver.o
TUM_LKN_Sensorboard_stepCCW                       ../../../src/drivers/platform/micaZ/source/TUM_LKN_Sensorboard_driver.o
TUM_LKN_Sensorboard_stepCW                        ../../../src/drivers/platform/micaZ/source/TUM_LKN_Sensorboard_driver.o
TUM_LKN_Sensorboard_writeIO                       ../../../src/drivers/platform/micaZ/source/TUM_LKN_Sensorboard_driver.o
TUM_LKN_Sensorboard_writeIOs                      ../../../src/drivers/platform/micaZ/source/TUM_LKN_Sensorboard_driver.o
TUM_LKN_Sensorboard_writeValue                    ../../../src/drivers/platform/micaZ/source/TUM_LKN_Sensorboard_driver.o
TUM_LKN_Sensorboard_yellowBlink                   ../../../src/drivers/platform/micaZ/source/TUM_LKN_Sensorboard_driver.o
TUM_LKN_Sensorboard_yellowOff                     ../../../src/drivers/platform/micaZ/source/TUM_LKN_Sensorboard_driver.o
TUM_LKN_Sensorboard_yellowOn                      ../../../src/drivers/platform/micaZ/source/TUM_LKN_Sensorboard_driver.o
TUM_LKN_Sensorboard_yellowToggle                  ../../../src/drivers/platform/micaZ/source/TUM_LKN_Sensorboard_driver.o
TWI_read                                          ../../../src/drivers/platform/micaZ/source/TUM_LKN_Sensorboard_driver.o
TWI_write                                         ../../../src/drivers/platform/micaZ/source/TUM_LKN_Sensorboard_driver.o
Task1                                             main.o
Task2                                             main.o
Task3                                             main.o
Task4                                             main.o
TaskFour                                          main.o
TaskOne                                           main.o
TaskThree                                         main.o
TaskTwo                                           main.o
USART0_getchar                                    ../../../src/drivers/platform/micaZ/source/eDIP240-7_TouchPanel_driver.o
USART0_putchar                                    ../../../src/drivers/platform/micaZ/source/eDIP240-7_TouchPanel_driver.o
V2S                                               ../../../src/drivers/platform/micaZ/source/TUM_LKN_Sensorboard_driver.o
__addsf3                                          /usr/lib/gcc/avr/4.5.3/../../../avr/lib/avr51/libm.a(addsf3.o)
                                                  /usr/lib/gcc/avr/4.5.3/../../../avr/lib/avr51/libm.a(log.o)
                                                  ../../../src/drivers/platform/micaZ/source/mda100_driver.o
__addsf3x                                         /usr/lib/gcc/avr/4.5.3/../../../avr/lib/avr51/libm.a(addsf3x.o)
                                                  /usr/lib/gcc/avr/4.5.3/../../../avr/lib/avr51/libm.a(fp_powser.o)
                                                  /usr/lib/gcc/avr/4.5.3/../../../avr/lib/avr51/libm.a(log.o)
                                                  /usr/lib/gcc/avr/4.5.3/../../../avr/lib/avr51/libm.a(addsf3.o)
__bad_interrupt                                   /usr/lib/gcc/avr/4.5.3/../../../avr/lib/avr51/crtm128.o
__brkval                                          /usr/lib/gcc/avr/4.5.3/../../../avr/lib/avr51/libc.a(malloc.o)
__bss_end                                         /usr/lib/gcc/avr/4.5.3/avr51/libgcc.a(_clear_bss.o)
__bss_start                                       /usr/lib/gcc/avr/4.5.3/avr51/libgcc.a(_clear_bss.o)
__clz_tab                                         /usr/lib/gcc/avr/4.5.3/avr51/libgcc.a(_clz.o)
                                                  /usr/lib/gcc/avr/4.5.3/avr51/libgcc.a(_udivdi3.o)
__data_end                                        /usr/lib/gcc/avr/4.5.3/avr51/libgcc.a(_copy_data.o)
__data_load_start                                 /usr/lib/gcc/avr/4.5.3/avr51/libgcc.a(_copy_data.o)
__data_start                                      /usr/lib/gcc/avr/4.5.3/avr51/libgcc.a(_copy_data.o)
__divsf3                                          /usr/lib/gcc/avr/4.5.3/../../../avr/lib/avr51/libm.a(divsf3.o)