Archive member included because of file (symbol)

/usr/lib/gcc/avr/4.5.3/../../../avr/lib/avr51/libprintf_flt.a(vfprintf_flt.o)
                              (vfprintf)
/usr/lib/gcc/avr/4.5.3/../../../avr/lib/avr51/libm.a(addsf3.o)
                              ../../../src/drivers/platform/micaZ/source/mda100_driver.o (__subsf3)
/usr/lib/gcc/avr/4.5.3/../../../avr/lib/avr51/libm.a(addsf3x.o)
                              /usr/lib/gcc/avr/4.5.3/../../../avr/lib/avr51/libm.a(addsf3.o) (__addsf3x)
/usr/lib/gcc/avr/4.5.3/../../../avr/lib/avr51/libm.a(divsf3.o)
                              ../../../src/drivers/platform/micaZ/source/adc_driver.o (__divsf3)
/usr/lib/gcc/avr/4.5.3/../../../avr/lib/avr51/libm.a(divsf3x.o)
                              /usr/lib/gcc/avr/4.5.3/../../../avr/lib/avr51/libm.a(divsf3.o) (__divsf3x)
/usr/lib/gcc/avr/4.5.3/../../../avr/lib/avr51/libm.a(fixunssfsi.o)
                              ../../../src/drivers/platform/micaZ/source/TUM_LKN_Sensorboard_driver.o (__fixunssfsi)
/usr/lib/gcc/avr/4.5.3/../../../avr/lib/avr51/libm.a(floatsisf.o)
                              ../../../src/drivers/platform/micaZ/source/adc_driver.o (__floatunsisf)
/usr/lib/gcc/avr/4.5.3/../../../avr/lib/avr51/libm.a(fp_inf.o)
                              /usr/lib/gcc/avr/4.5.3/../../../avr/lib/avr51/libm.a(addsf3x.o) (__fp_inf)
/usr/lib/gcc/avr/4.5.3/../../../avr/lib/avr51/libm.a(fp_nan.o)
                              /usr/lib/gcc/avr/4.5.3/../../../avr/lib/avr51/libm.a(addsf3x.o) (__fp_nan)
/usr/lib/gcc/avr/4.5.3/../../../avr/lib/avr51/libm.a(fp_pscA.o)
                              /usr/lib/gcc/avr/4.5.3/../../../avr/lib/avr51/libm.a(addsf3x.o) (__fp_pscA)
/usr/lib/gcc/avr/4.5.3/../../../avr/lib/avr51/libm.a(fp_pscB.o)
                              /usr/lib/gcc/avr/4.5.3/../../../avr/lib/avr51/libm.a(addsf3x.o) (__fp_pscB)
/usr/lib/gcc/avr/4.5.3/../../../avr/lib/avr51/libm.a(fp_round.o)
                              /usr/lib/gcc/avr/4.5.3/../../../avr/lib/avr51/libm.a(addsf3.o) (__fp_round)
/usr/lib/gcc/avr/4.5.3/../../../avr/lib/avr51/libm.a(fp_split3.o)
                              /usr/lib/gcc/avr/4.5.3/../../../avr/lib/avr51/libm.a(addsf3x.o) (__fp_split3)
/usr/lib/gcc/avr/4.5.3/../../../avr/lib/avr51/libm.a(fp_zero.o)
                              /usr/lib/gcc/avr/4.5.3/../../../avr/lib/avr51/libm.a(addsf3x.o) (__fp_zero)
/usr/lib/gcc/avr/4.5.3/../../../avr/lib/avr51/libm.a(gesf2.o)
                              ../../../src/drivers/platform/micaZ/source/TUM_LKN_Sensorboard_driver.o (__gesf2)
/usr/lib/gcc/avr/4.5.3/../../../avr/lib/avr51/libm.a(log.o)
                              ../../../src/drivers/platform/micaZ/source/mda100_driver.o (log)
/usr/lib/gcc/avr/4.5.3/../../../avr/lib/avr51/libm.a(mulsf3.o)
                              ../../../src/drivers/platform/micaZ/source/mda100_driver.o (__mulsf3)
/usr/lib/gcc/avr/4.5.3/../../../avr/lib/avr51/libm.a(mulsf3x.o)
                              /usr/lib/gcc/avr/4.5.3/../../../avr/lib/avr51/libm.a(log.o) (__mulsf3x)
/usr/lib/gcc/avr/4.5.3/../../../avr/lib/avr51/libm.a(pow.o)
                              ../../../src/drivers/platform/micaZ/source/mda100_driver.o (pow)
/usr/lib/gcc/avr/4.5.3/../../../avr/lib/avr51/libm.a(exp.o)
                              /usr/lib/gcc/avr/4.5.3/../../../avr/lib/avr51/libm.a(pow.o) (exp)
/usr/lib/gcc/avr/4.5.3/../../../avr/lib/avr51/libm.a(fp_cmp.o)
                              /usr/lib/gcc/avr/4.5.3/../../../avr/lib/avr51/libm.a(gesf2.o) (__fp_cmp)
/usr/lib/gcc/avr/4.5.3/../../../avr/lib/avr51/libm.a(fp_mpack.o)
                              /usr/lib/gcc/avr/4.5.3/../../../avr/lib/avr51/libm.a(log.o) (__fp_mpack)
/usr/lib/gcc/avr/4.5.3/../../../avr/lib/avr51/libm.a(fp_powser.o)
                              /usr/lib/gcc/avr/4.5.3/../../../avr/lib/avr51/libm.a(log.o) (__fp_powser)
/usr/lib/gcc/avr/4.5.3/../../../avr/lib/avr51/libm.a(inverse.o)
                              /usr/lib/gcc/avr/4.5.3/../../../avr/lib/avr51/libm.a(exp.o) (inverse)
/usr/lib/gcc/avr/4.5.3/../../../avr/lib/avr51/libm.a(ldexp.o)
                              /usr/lib/gcc/avr/4.5.3/../../../avr/lib/avr51/libm.a(exp.o) (ldexp)
/usr/lib/gcc/avr/4.5.3/../../../avr/lib/avr51/libm.a(modf.o)
                              /usr/lib/gcc/avr/4.5.3/../../../avr/lib/avr51/libm.a(exp.o) (modf)
/usr/lib/gcc/avr/4.5.3/avr51/libgcc.a(_mulsi3.o)
                              ../../../src/kernel/source/nrk_stats.o (__mulsi3)
/usr/lib/gcc/avr/4.5.3/avr51/libgcc.a(_udivmodhi4.o)
                              ../../../src/kernel/source/nrk_scheduler.o (__udivmodhi4)
/usr/lib/gcc/avr/4.5.3/avr51/libgcc.a(_udivmodsi4.o)
                              ../../../src/kernel/source/nrk_stats.o (__udivmodsi4)
/usr/lib/gcc/avr/4.5.3/avr51/libgcc.a(_exit.o)
                              /usr/lib/gcc/avr/4.5.3/../../../avr/lib/avr51/crtm128.o (exit)
/usr/lib/gcc/avr/4.5.3/avr51/libgcc.a(_copy_data.o)
                              main.o (__do_copy_data)
[...]
Memory Configuration

Name             Origin             Length             Attributes
text             0x00000000         0x00020000         xr
data             0x00800100         0x0000ff00         rw !x
eeprom           0x00810000         0x00010000         rw !x
fuse             0x00820000         0x00000400         rw !x
lock             0x00830000         0x00000400         rw !x
signature        0x00840000         0x00000400         rw !x
*default*        0x00000000         0xffffffff

Linker script and memory map

Address of section .data set to 0x800100
LOAD /usr/lib/gcc/avr/4.5.3/../../../avr/lib/avr51/crtm128.o
LOAD main.o
LOAD ../../../src/radio/cc2420/source/hal_rf_set_channel.o
LOAD ../../../src/radio/cc2420/source/hal_rf_wait_for_crystal_oscillator.o
LOAD ../../../src/radio/cc2420/source/basic_rf.o
LOAD ../../../src/platform/micaZ/source/ulib.o
LOAD ../../../src/platform/micaZ/source/hal_wait.o
LOAD ../../../src/platform/micaZ/source/nrk_eeprom.o
LOAD ../../../src/kernel/source/nrk.o
LOAD ../../../src/kernel/source/nrk_stats.o
LOAD ../../../src/kernel/source/nrk_error.o
LOAD ../../../src/kernel/source/nrk_stack_check.o
LOAD ../../../src/kernel/source/nrk_events.o
LOAD ../../../src/kernel/source/nrk_task.o
LOAD ../../../src/kernel/source/nrk_time.o
LOAD ../../../src/kernel/source/nrk_idle_task.o
LOAD ../../../src/kernel/source/nrk_scheduler.o
LOAD ../../../src/kernel/source/nrk_driver.o
LOAD ../../../src/kernel/source/nrk_reserve.o
LOAD ../../../src/kernel/source/nrk_sw_wdt.o
LOAD ../../../src/kernel/hal/atmega128/nrk_timer.o
LOAD ../../../src/kernel/hal/atmega128/nrk_status.o
LOAD ../../../src/kernel/hal/atmega128/nrk_ext_int.o
LOAD ../../../src/kernel/hal/atmega128/nrk_watchdog.o
LOAD ../../../src/kernel/hal/atmega128/nrk_cpu.o
LOAD ../../../src/drivers/platform/micaZ/source/ad5242.o
LOAD ../../../src/drivers/platform/micaZ/source/adc_driver.o
LOAD ../../../src/drivers/platform/micaZ/source/i2c_driver.o
LOAD ../../../src/drivers/platform/micaZ/source/mda100_driver.o
LOAD ../../../src/drivers/platform/micaZ/source/mts310cb_driver.o
LOAD ../../../src/drivers/platform/micaZ/source/DS2401.o
LOAD ../../../src/drivers/platform/micaZ/source/DOGM128-6_Graphicdisplay_driver.o
LOAD ../../../src/drivers/platform/micaZ/source/eDIP240-7_TouchPanel_driver.o
LOAD ../../../src/drivers/platform/micaZ/source/TUM_LKN_Sensorboard_driver.o
LOAD ../../../src/kernel/hal/atmega128/atmel_hw_specific.o
LOAD /usr/lib/gcc/avr/4.5.3/../../../avr/lib/avr51/libprintf_flt.a
LOAD /usr/lib/gcc/avr/4.5.3/../../../avr/lib/avr51/libm.a
LOAD /usr/lib/gcc/avr/4.5.3/avr51/libgcc.a
LOAD /usr/lib/gcc/avr/4.5.3/../../../avr/lib/avr51/libc.a
LOAD /usr/lib/gcc/avr/4.5.3/avr51/libgcc.a

.hash
 *(.hash)

.dynsym
 *(.dynsym)

.dynstr
 *(.dynstr)

.gnu.version
 *(.gnu.version)

.gnu.version_d
 *(.gnu.version_d)

.gnu.version_r
 *(.gnu.version_r)

.rel.init
 *(.rel.init)

.rela.init
 *(.rela.init)

.rel.text
 *(.rel.text)
 *(.rel.text.*)
 *(.rel.gnu.linkonce.t*)

.rela.text
 *(.rela.text)
 *(.rela.text.*)
 *(.rela.gnu.linkonce.t*)

.rel.fini
 *(.rel.fini)

.rela.fini
 *(.rela.fini)

.rel.rodata
 *(.rel.rodata)
 *(.rel.rodata.*)
 *(.rel.gnu.linkonce.r*)

.rela.rodata
 *(.rela.rodata)
 *(.rela.rodata.*)
 *(.rela.gnu.linkonce.r*)

.rel.data
 *(.rel.data)
 *(.rel.data.*)
 *(.rel.gnu.linkonce.d*)

.rela.data
 *(.rela.data)
 *(.rela.data.*)
 *(.rela.gnu.linkonce.d*)

.rel.ctors
 *(.rel.ctors)

.rela.ctors
 *(.rela.ctors)

.rel.dtors
 *(.rel.dtors)

.rela.dtors
 *(.rela.dtors)

.rel.got
 *(.rel.got)

.rela.got
 *(.rela.got)

.rel.bss
 *(.rel.bss)

.rela.bss
 *(.rela.bss)

.rel.plt
 *(.rel.plt)

.rela.plt
 *(.rela.plt)

.text           0x00000000     0x9d5c
 *(.vectors)
 .vectors       0x00000000       0x8c /usr/lib/gcc/avr/4.5.3/../../../avr/lib/avr51/crtm128.o
                0x00000000                __vectors
 *(.vectors)
 *(.progmem.gcc*)
 .progmem.gcc_sw_table
                0x0000008c       0x2c ../../../src/kernel/source/nrk_error.o
 .progmem.gcc_fplib
                0x000000b8       0x5a /usr/lib/gcc/avr/4.5.3/../../../avr/lib/avr51/libm.a(log.o)
 .progmem.gcc_fplib
                0x00000112       0x28 /usr/lib/gcc/avr/4.5.3/../../../avr/lib/avr51/libm.a(exp.o)
 *(.progmem*)
 .progmem.data  0x0000013a       0x54 main.o
 .progmem.data  0x0000018e       0xec ../../../src/kernel/source/nrk_stats.o
 .progmem.data  0x0000027a      0x238 ../../../src/kernel/source/nrk_error.o
 .progmem.data  0x000004b2        0xf ../../../src/kernel/source/nrk_stack_check.o
 .progmem.data  0x000004c1      0x500 ../../../src/drivers/platform/micaZ/source/DOGM128-6_Graphicdisplay_driver.o
                0x000004c1                font5x7
 .progmem.data  0x000009c1        0x8 /usr/lib/gcc/avr/4.5.3/../../../avr/lib/avr51/libprintf_flt.a(vfprintf_flt.o)
 .progmem.data  0x000009c9       0xfa /usr/lib/gcc/avr/4.5.3/../../../avr/lib/avr51/libc.a(ftoa_engine.o)
                0x00000ac4                . = ALIGN (0x2)
 *fill*         0x00000ac3        0x1 00
                0x00000ac4                __trampolines_start = .
 *(.trampolines)
 .trampolines   0x00000ac4        0x0 linker stubs
 *(.trampolines*)
                0x00000ac4                __trampolines_end = .
 *(.jumptables)
 *(.jumptables*)
 *(.lowtext)
 *(.lowtext*)
                0x00000ac4                __ctors_start = .
 *(.ctors)
                0x00000ac4                __ctors_end = .
                0x00000ac4                __dtors_start = .
 *(.dtors)
                0x00000ac4                __dtors_end = .
 SORT(*)(.ctors)
 SORT(*)(.dtors)
 *(.init0)
 .init0         0x00000ac4        0x0 /usr/lib/gcc/avr/4.5.3/../../../avr/lib/avr51/crtm128.o
                0x00000ac4                __init
 *(.init0)
 *(.init1)
 *(.init1)
 *(.init2)
 .init2         0x00000ac4        0xc /usr/lib/gcc/avr/4.5.3/../../../avr/lib/avr51/crtm128.o
 *(.init2)
 *(.init3)
 *(.init3)
 *(.init4)
 .init4         0x00000ad0       0x1a /usr/lib/gcc/avr/4.5.3/avr51/libgcc.a(_copy_data.o)
                0x00000ad0                __do_copy_data
 .init4         0x00000aea       0x10 /usr/lib/gcc/avr/4.5.3/avr51/libgcc.a(_clear_bss.o)
                0x00000aea                __do_clear_bss
 *(.init4)
 *(.init5)
 *(.init5)
 *(.init6)
 *(.init6)
 *(.init7)
 *(.init7)
 *(.init8)
 *(.init8)
 *(.init9)
 .init9         0x00000afa        0x8 /usr/lib/gcc/avr/4.5.3/../../../avr/lib/avr51/crtm128.o
 *(.init9)
 *(.text)
 .text          0x00000b02        0x4 /usr/lib/gcc/avr/4.5.3/../../../avr/lib/avr51/crtm128.o
                0x00000b02                __vector_22
                0x00000b02                __vector_28
                0x00000b02                __vector_32
                0x00000b02                __vector_34
                0x00000b02                __vector_24
                0x00000b02                __vector_12
                0x00000b02                __bad_interrupt
                0x00000b02                __vector_6
                0x00000b02                __vector_31
                0x00000b02                __vector_3
                0x00000b02                __vector_23
                0x00000b02                __vector_30
                0x00000b02                __vector_25
                0x00000b02                __vector_11
                0x00000b02                __vector_13
                0x00000b02                __vector_17
                0x00000b02                __vector_19
                0x00000b02                __vector_7
                0x00000b02                __vector_27
                0x00000b02                __vector_5
                0x00000b02                __vector_33
                0x00000b02                __vector_4
                0x00000b02                __vector_2
                0x00000b02                __vector_21
                0x00000b02                __vector_29
                0x00000b02                __vector_8
                0x00000b02                __vector_26
                0x00000b02                __vector_14
                0x00000b02                __vector_10
                0x00000b02                __vector_18
                0x00000b02                __vector_20
 .text          0x00000b06      0x5d4 main.o
                0x00000b06                Task4
                0x00000b46                Task3
                0x00000b86                Task2
                0x00000c66                Task1
                0x00000d4a                nrk_create_taskset
                0x00001032                main
 .text          0x000010da       0x36 ../../../src/radio/cc2420/source/hal_rf_set_channel.o
                0x000010da                halRfSetChannel
 .text          0x00001110       0x16 ../../../src/radio/cc2420/source/hal_rf_wait_for_crystal_oscillator.o
                0x00001110                halRfWaitForCrystalOscillator
 .text          0x00001126     0x115a ../../../src/radio/cc2420/source/basic_rf.o
                0x00001126                cc259x_rx
                0x00001138                cc259x_tx
                0x0000114a                rf_power_down
                0x00001168                rf_power_up
                0x00001182                rf_security_last_pkt_status
                0x00001188                rf_security_set_ctr_counter
                0x000011fc                rf_security_set_key
                0x00001392                rf_security_enable
                0x000013d2                rf_security_disable
                0x000013f4                rf_get_sem
                0x000013fe                rf_tx_power
                0x00001422                rf_set_channel
                0x00001428                rf_addr_decode_enable
                0x0000145c                rf_addr_decode_disable
                0x00001490                rf_auto_ack_enable
                0x000014ca                rf_auto_ack_disable
                0x00001502                rf_addr_decode_set_my_mac
                0x0000155c                rf_set_rx
                0x0000158e                rf_init
                0x000016fc                rf_rx_on
                0x00001720                rf_polling_rx_on
                0x00001744                rf_rx_off
                0x0000175a                rf_tx_tdma_packet
                0x00001a06                rf_tx_packet
                0x00001ce8                rf_busy
                0x00001cf0                rf_rx_check_fifop
                0x00001cf8                rf_rx_check_sfd
                0x00001d00                rf_polling_rx_packet
                0x000020ae                rf_rx_packet
                0x000020c4                rf_flush_rx_fifo
                0x000020de                rf_set_cca_thresh
                0x00002104                rf_test_mode
                0x0000214c                rf_data_mode
                0x00002190                rf_rx_set_serial
                0x000021be                rf_tx_set_serial
                0x000021e0                rf_set_preamble_length
                0x0000221e                rf_set_cca_mode
                0x00002264                rf_carrier_on
                0x00002272                rf_carrier_off
 .text          0x00002280      0x514 ../../../src/platform/micaZ/source/ulib.o
                0x00002280                getc0
                0x0000228a                putc0
                0x00002294                nrk_uart_rx_signal_get
                0x00002298                nrk_uart_data_ready
                0x000022b4                nrk_kprintf
                0x000022da                nrk_gpio_set
                0x00002366                nrk_gpio_clr
                0x000023f4                nrk_gpio_get
                0x00002460                nrk_gpio_pullups
                0x00002474                nrk_gpio_toggle
                0x00002500                nrk_gpio_direction
                0x00002626                nrk_get_button
                0x0000262a                nrk_led_toggle
                0x00002650                nrk_led_clr
                0x00002676                nrk_setup_ports
                0x000026be                nrk_led_set
                0x000026e4                putc1
                0x000026fc                setup_uart0
                0x00002714                nrk_setup_uart
                0x00002752                setup_uart1
                0x0000277c                getc1
 .text          0x00002794        0xe ../../../src/platform/micaZ/source/hal_wait.o
                0x00002794                halWait
 .text          0x000027a2      0x142 ../../../src/platform/micaZ/source/nrk_eeprom.o
                0x000027a2                nrk_eeprom_read_byte
                0x000027a8                nrk_eeprom_write_byte
                0x000027b0                read_eeprom_mac_address
                0x0000281c                read_eeprom_channel
                0x00002834                write_eeprom_load_img_pages
                0x00002844                read_eeprom_load_img_pages
                0x0000285c                read_eeprom_aes_key
                0x0000288c                write_eeprom_aes_key
                0x000028bc                read_eeprom_current_image_checksum
                0x000028d4                write_eeprom_current_image_checksum
 .text          0x000028e4      0x4c4 ../../../src/kernel/source/nrk.o
                0x000028e4                nrk_int_disable
                0x000028e8                nrk_int_enable
                0x000028ec                nrk_halt
                0x000028f2                nrk_init
                0x00002a8c                nrk_SRPAssignPreempLevel
                0x00002b48                nrk_start
                0x00002bf6                nrk_TCB_init
                0x00002d9c                _nrk_timer_tick
                0x00002da2                nrk_version
 .text          0x00002da8      0xdc0 ../../../src/kernel/source/nrk_stats.o
                0x00002da8                nrk_stats_reset
                0x00002e0c                _nrk_stats_sleep
                0x00002e52                nrk_stats_get_deep_sleep
                0x00002e86                _nrk_stats_add_violation
                0x00002f0c                _nrk_stats_task_start
                0x00002fd6                _nrk_stats_task_preempted
                0x00003170                _nrk_stats_task_suspend
                0x000033a0                nrk_stats_display_pid
                0x0000399e                nrk_stats_display_all
                0x000039c6                nrk_stats_get
 .text          0x00003b68      0x484 ../../../src/kernel/source/nrk_error.o
                0x00003b68                _nrk_errno_set
                0x00003b74                nrk_errno_get
                0x00003b80                _nrk_log_error
                0x00003c78                nrk_error_get
                0x00003c94                nrk_error_print
                0x00003dd8                nrk_kernel_error_add
                0x00003e06                nrk_error_add
                0x00003e22                pause
                0x00003e4c                blink_dot
                0x00003e66                blink_dash
                0x00003e88                blink_morse_code_error
 .text          0x00003fec      0x264 ../../../src/kernel/source/nrk_stack_check.o
                0x00003fec                dump_stack_info
                0x000041c2                nrk_stack_check
                0x0000420a                nrk_stack_check_pid
 .text          0x00004250      0x69a ../../../src/kernel/source/nrk_events.o
                0x00004250                nrk_signal_create
                0x000042bc                nrk_signal_get_registered_mask
                0x000042ce                nrk_signal_delete
                0x000043de                nrk_signal_unregister
                0x00004462                nrk_signal_register
                0x000044ca                nrk_event_signal
                0x000045b0                nrk_event_wait
                0x00004626                nrk_sem_create
                0x000046a6                nrk_get_resource_index
                0x000046d0                nrk_sem_delete
                0x00004714                nrk_sem_query
                0x00004746                update_system_ceiling
                0x00004774                nrk_sem_post
                0x00004832                nrk_sem_pend
 .text          0x000048ea      0x746 ../../../src/kernel/source/nrk_task.o
                0x000048ea                nrk_get_high_ready_task_ID
                0x0000492e                nrk_print_readyQ
                0x00004944                nrk_add_to_readyQ
                0x00004a96                nrk_rem_from_readyQ
                0x00004b36                nrk_activate_task
                0x00004c40                nrk_set_next_wakeup
                0x00004cae                _nrk_wait_for_scheduler
                0x00004cc2                nrk_wait
                0x00004d72                nrk_wait_until_nw
                0x00004dc0                nrk_wait_until_ticks
                0x00004e1a                nrk_wait_ticks
                0x00004e98                nrk_wait_until_next_n_periods
                0x00004efe                nrk_wait_until_next_period
                0x00004f56                nrk_terminate_task
                0x00004f78                nrk_wait_until
                0x00005024                nrk_get_pid
 .text          0x00005030      0x596 ../../../src/kernel/source/nrk_time.o
                0x00005030                nrk_time_get
                0x000050ec                nrk_time_sub
                0x0000520a                nrk_time_compact_nanos
                0x00005250                nrk_time_add
                0x00005306                nrk_time_set
                0x00005328                _nrk_time_to_ticks
                0x00005446                _nrk_ticks_to_time
                0x000054b8                _nrk_time_to_ticks_long
 .text          0x000055c6       0x4c ../../../src/kernel/source/nrk_idle_task.o
                0x000055c6                nrk_idle_task
 .text          0x00005612      0x514 ../../../src/kernel/source/nrk_scheduler.o
                0x00005612                _nrk_scheduler
 .text          0x00005b26        0x0 ../../../src/kernel/source/nrk_driver.o
 .text          0x00005b26        0x0 ../../../src/kernel/source/nrk_reserve.o
 .text          0x00005b26      0x2e0 ../../../src/kernel/source/nrk_sw_wdt.o
                0x00005b26                _nrk_sw_wdt_check
                0x00005c28                _nrk_sw_wdt_init
                0x00005c36                nrk_sw_wdt_init
                0x00005c8a                nrk_sw_wdt_update
                0x00005d46                nrk_sw_wdt_start
                0x00005de0                nrk_sw_wdt_stop
 .text          0x00005e06      0x2f2 ../../../src/kernel/hal/atmega128/nrk_timer.o
                0x00005e06                nrk_spin_wait_us
                0x00005e14                _nrk_high_speed_timer_stop
                0x00005e18                _nrk_high_speed_timer_start
                0x00005e1e                _nrk_high_speed_timer_reset
                0x00005e2a                _nrk_high_speed_timer_get
                0x00005e4c                nrk_high_speed_timer_wait
                0x00005ebc                _nrk_os_timer_set
                0x00005ec0                _nrk_os_timer_stop
                0x00005ed0                _nrk_os_timer_start
                0x00005edc                _nrk_os_timer_reset
                0x00005eee                _nrk_setup_timer
                0x00005f26                _nrk_precision_os_timer_reset
                0x00005f28                _nrk_get_next_wakeup
                0x00005f2e                _nrk_set_next_wakeup
                0x00005f34                _nrk_os_timer_get
                0x00005f38                __vector_default
                0x00005f8c                __vector_15
                0x00005f8c                __vector_16
                0x00005ff2                nrk_timer_int_stop
                0x00006000                nrk_timer_int_reset
                0x0000600e                nrk_timer_int_read
                0x00006020                nrk_timer_int_start
                0x00006032                nrk_timer_int_configure
                0x00006094                __vector_9
 .text          0x000060f8       0x4a ../../../src/kernel/hal/atmega128/nrk_status.o
                0x000060f8                _nrk_startup_error
 .text          0x00006142       0x60 ../../../src/kernel/hal/atmega128/nrk_ext_int.o
                0x00006142                nrk_ext_int_enable
                0x00006146                nrk_ext_int_disable
                0x0000614a                nrk_ext_int_configure
                0x0000614e                __vector_1
 .text          0x000061a2       0x48 ../../../src/kernel/hal/atmega128/nrk_watchdog.o
                0x000061a2                nrk_watchdog_disable
                0x000061bc                nrk_watchdog_enable
                0x000061d8                nrk_watchdog_check
                0x000061e6                nrk_watchdog_reset
 .text          0x000061ea      0x102 ../../../src/kernel/hal/atmega128/nrk_cpu.o
                0x000061ea                nrk_battery_save
                0x000061ec                nrk_task_set_entry_function
                0x000061f4                nrk_sleep
                0x0000620c                nrk_idle
                0x00006222                nrk_task_stk_init
                0x00006278                nrk_task_set_stk
                0x000062b6                nrk_stack_pointer_restore
                0x000062c4                nrk_stack_pointer_init
                0x000062e2                nrk_target_start
 .text          0x000062ec       0x42 ../../../src/drivers/platform/micaZ/source/ad5242.o
                0x000062ec                ad5242_init
                0x000062f2                ad5242_set
 .text          0x0000632e       0x6a ../../../src/drivers/platform/micaZ/source/adc_driver.o
                0x0000632e                adc_init
                0x0000635a                adc_Powersave
                0x0000635e                adc_GetChannel
                0x00006376                adc_GetBatteryVoltage
 .text          0x00006398       0xf6 ../../../src/drivers/platform/micaZ/source/i2c_driver.o
                0x00006398                i2c_init
                0x000063ae                i2c_waitForInterruptFlag
                0x000063b8                i2c_actionStart
                0x000063c4                i2c_start
                0x000063e6                i2c_stop
                0x000063fe                i2c_send
                0x00006428                i2c_receive
                0x0000644c                i2c_controlByte_RX
                0x0000646e                i2c_controlByte_TX
 .text          0x0000648e      0x19c ../../../src/drivers/platform/micaZ/source/mda100_driver.o
                0x0000648e                mda100_init
                0x0000649a                mda100_Powersave
                0x000064ac                mda100_LightSensor_Power
                0x000064e0                mda100_TemperatureSensor_Power
                0x00006514                mda100_LightSensor_GetCounts
                0x0000652e                mda100_TemperatureSensor_GetCounts
                0x00006548                mda100_TemperatureSensor_GetKelvin
                0x00006618                mda100_TemperatureSensor_GetDegreeCelsius
 .text          0x0000662a      0x26e ../../../src/drivers/platform/micaZ/source/mts310cb_driver.o
                0x0000662a                mts310cb_init
                0x0000663a                mts310cb_Powersave
                0x0000664c                mts310cb_Accelerometer_Power
                0x00006678                mts310cb_Magnetometer_Power
                0x000066a4                mts310cb_TemperatureSensor_Power
                0x000066cc                mts310cb_LightSensor_Power
                0x000066f4                mts310cb_Sounder_Power
                0x00006720                mts310cb_Microphone_Power
                0x0000674c                mts310cb_Magnetometer_x_SetOffset
                0x00006778                mts310cb_Magnetometer_y_SetOffset
                0x000067a4                mts310cb_Microphone_SetGain
                0x000067d0                mts310cb_Microphone_SetMode
                0x00006800                mts310cb_LightSensor_GetCounts
                0x0000681a                mts310cb_TemperatureSensor_GetCounts
                0x00006834                mts310cb_Microphone_GetCounts
                0x00006848                mts310cb_Accelerometer_x_GetCounts
                0x0000685c                mts310cb_Accelerometer_y_GetCounts
                0x00006870                mts310cb_Magnetometer_x_GetCounts
                0x00006884                mts310cb_Magnetometer_y_GetCounts
 .text          0x00006898      0x1da ../../../src/drivers/platform/micaZ/source/DS2401.o
                0x00006898                Maxim_1Wire_ResetPulse
                0x000068e0                Maxim_1Wire_WriteBit
                0x00006916                Maxim_1Wire_ReadBit
                0x0000694a                Maxim_1Wire_WriteByte
                0x00006988                Maxim_1Wire_ReadByte
                0x000069bc                Maxim_1Wire_CommandReadRom
                0x000069c4                DS2401_init
                0x000069d6                DS2401_getSerialNumber
 .text          0x00006a72      0x21a ../../../src/drivers/platform/micaZ/source/DOGM128-6_Graphicdisplay_driver.o
                0x00006a72                DOGM128_6_usart1_sendByte
                0x00006aea                DOGM128_6_clear_display
                0x00006b4c                DOGM128_6_display_init
                0x00006bf2                DOGM128_6_display_backlight
                0x00006bfe                DOGM128_6_LCD_print
 .text          0x00006c8c      0x6bc ../../../src/drivers/platform/micaZ/source/eDIP240-7_TouchPanel_driver.o
                0x00006c8c                USART0_putchar
                0x00006c9c                USART0_getchar
                0x00006cc0                eDIP240_7_Display_send_packet
                0x00006d80                eDIP240_7_Display_get_buffer
                0x00006e82                eDIP240_7_Display_request_buffer_info
                0x00006f84                eDIP240_7_Display_set_protocol
                0x00007018                eDIP240_7_Display_get_protocoll_info
                0x0000712a                eDIP240_7_Display_repeat_last_packet
                0x00007206                eDIP240_7_Display_select
                0x00007292                eDIP240_7_Display_deselect
                0x0000731e                eDIP240_7_Display_send_string
                0x00007336                eDIP240_7_Display_send_string_with_NULL
 .text          0x00007348      0x634 ../../../src/drivers/platform/micaZ/source/TUM_LKN_Sensorboard_driver.o
                0x00007348                setLedMode
                0x00007378                getLedMode
                0x000073a4                S2V
                0x000073d2                V2S
                0x000073fa                setBits
                0x00007402                prescalerSec2Hex
                0x00007466                pwmFrac2Hex
                0x000074be                TUM_LKN_Sensorboard_getCurrentStep
                0x000074c4                TUM_LKN_Sensorboard_setControl0
                0x000074ee                TUM_LKN_Sensorboard_setControl1
                0x00007518                TUM_LKN_Sensorboard_setBrightness0
                0x00007526                TUM_LKN_Sensorboard_setBrightness1
                0x00007534                TWI_write
                0x00007598                TWI_read
                0x00007616                i2cAction
                0x00007642                setLeds
                0x0000768c                TUM_LKN_Sensorboard_greenBlink
                0x0000769e                TUM_LKN_Sensorboard_greenToggle
                0x000076b4                TUM_LKN_Sensorboard_greenOff
                0x000076c2                TUM_LKN_Sensorboard_greenOn
                0x000076d0                TUM_LKN_Sensorboard_yellowBlink
                0x000076e2                TUM_LKN_Sensorboard_yellowToggle
                0x000076f8                TUM_LKN_Sensorboard_yellowOff
                0x00007706                TUM_LKN_Sensorboard_yellowOn
                0x00007714                TUM_LKN_Sensorboard_redBlink
                0x00007726                TUM_LKN_Sensorboard_redToggle
                0x0000773c                TUM_LKN_Sensorboard_redOff
                0x0000774a                TUM_LKN_Sensorboard_redOn
                0x00007758                TUM_LKN_Sensorboard_laserBlink
                0x0000776a                TUM_LKN_Sensorboard_laserToggle
                0x00007780                TUM_LKN_Sensorboard_laserOff
                0x0000778e                TUM_LKN_Sensorboard_laserOn
                0x0000779c                readADC
                0x000077e6                TUM_LKN_Sensorboard_readChannel
                0x000077ec                TUM_LKN_Sensorboard_readChannel3
                0x000077f4                TUM_LKN_Sensorboard_readChannel2
                0x000077fc                TUM_LKN_Sensorboard_readChannel1
                0x00007804                TUM_LKN_Sensorboard_readPhotoVoltage
                0x0000780c                writeDAC
                0x00007832                TUM_LKN_Sensorboard_writeValue
                0x0000783c                readIOs
                0x00007858                writeIOs
                0x0000787c                TUM_LKN_Sensorboard_halfStepCW
                0x000078a4                TUM_LKN_Sensorboard_halfStepCCW
                0x000078cc                TUM_LKN_Sensorboard_stepCW
                0x000078f4                TUM_LKN_Sensorboard_stepCCW
                0x0000791c                TUM_LKN_Sensorboard_StepperIdle
                0x00007928                TUM_LKN_Sensorboard_setBeeper
                0x00007940                TUM_LKN_Sensorboard_writeIO
                0x00007968                TUM_LKN_Sensorboard_writeIOs
                0x0000796e                TUM_LKN_Sensorboard_init
 .text          0x0000797c       0x56 ../../../src/kernel/hal/atmega128/atmel_hw_specific.o
                0x0000797c                nrk_start_high_ready_task
 .text          0x000079d2        0x0 /usr/lib/gcc/avr/4.5.3/../../../avr/lib/avr51/libprintf_flt.a(vfprintf_flt.o)
 .text          0x000079d2        0x0 /usr/lib/gcc/avr/4.5.3/../../../avr/lib/avr51/libm.a(addsf3.o)
 .text          0x000079d2        0x0 /usr/lib/gcc/avr/4.5.3/../../../avr/lib/avr51/libm.a(addsf3x.o)
 .text          0x000079d2        0x0 /usr/lib/gcc/avr/4.5.3/../../../avr/lib/avr51/libm.a(divsf3.o)
 .text          0x000079d2        0x0 /usr/lib/gcc/avr/4.5.3/../../../avr/lib/avr51/libm.a(divsf3x.o)
 .text          0x000079d2        0x0 /usr/lib/gcc/avr/4.5.3/../../../avr/lib/avr51/libm.a(fixunssfsi.o)
 .text          0x000079d2        0x0 /usr/lib/gcc/avr/4.5.3/../../../avr/lib/avr51/libm.a(floatsisf.o)
 .text          0x000079d2        0x0 /usr/lib/gcc/avr/4.5.3/../../../avr/lib/avr51/libm.a(fp_inf.o)
 .text          0x000079d2        0x0 /usr/lib/gcc/avr/4.5.3/../../../avr/lib/avr51/libm.a(fp_nan.o)
 .text          0x000079d2        0x0 /usr/lib/gcc/avr/4.5.3/../../../avr/lib/avr51/libm.a(fp_pscA.o)
 .text          0x000079d2        0x0 /usr/lib/gcc/avr/4.5.3/../../../avr/lib/avr51/libm.a(fp_pscB.o)
 .text          0x000079d2        0x0 /usr/lib/gcc/avr/4.5.3/../../../avr/lib/avr51/libm.a(fp_round.o)
 .text          0x000079d2        0x0 /usr/lib/gcc/avr/4.5.3/../../../avr/lib/avr51/libm.a(fp_split3.o)
 .text          0x000079d2        0x0 /usr/lib/gcc/avr/4.5.3/../../../avr/lib/avr51/libm.a(fp_zero.o)
 .text          0x000079d2        0x0 /usr/lib/gcc/avr/4.5.3/../../../avr/lib/avr51/libm.a(gesf2.o)
 .text          0x000079d2        0x0 /usr/lib/gcc/avr/4.5.3/../../../avr/lib/avr51/libm.a(log.o)
 .text          0x000079d2        0x0 /usr/lib/gcc/avr/4.5.3/../../../avr/lib/avr51/libm.a(mulsf3.o)
 .text          0x000079d2        0x0 /usr/lib/gcc/avr/4.5.3/../../../avr/lib/avr51/libm.a(mulsf3x.o)
 .text          0x000079d2        0x0 /usr/lib/gcc/avr/4.5.3/../../../avr/lib/avr51/libm.a(pow.o)
 .text          0x000079d2        0x0 /usr/lib/gcc/avr/4.5.3/../../../avr/lib/avr51/libm.a(exp.o)
 .text          0x000079d2        0x0 /usr/lib/gcc/avr/4.5.3/../../../avr/lib/avr51/libm.a(fp_cmp.o)
 .text          0x000079d2        0x0 /usr/lib/gcc/avr/4.5.3/../../../avr/lib/avr51/libm.a(fp_mpack.o)
 .text          0x000079d2        0x0 /usr/lib/gcc/avr/4.5.3/../../../avr/lib/avr51/libm.a(fp_powser.o)
 .text          0x000079d2        0x0 /usr/lib/gcc/avr/4.5.3/../../../avr/lib/avr51/libm.a(inverse.o)
 .text          0x000079d2        0x0 /usr/lib/gcc/avr/4.5.3/../../../avr/lib/avr51/libm.a(ldexp.o)
 .text          0x000079d2        0x0 /usr/lib/gcc/avr/4.5.3/../../../avr/lib/avr51/libm.a(modf.o)
 .text          0x000079d2        0x0 /usr/lib/gcc/avr/4.5.3/avr51/libgcc.a(_mulsi3.o)
 .text          0x000079d2        0x0 /usr/lib/gcc/avr/4.5.3/avr51/libgcc.a(_udivmodhi4.o)
 .text          0x000079d2        0x0 /usr/lib/gcc/avr/4.5.3/avr51/libgcc.a(_udivmodsi4.o)
 .text          0x000079d2        0x0 /usr/lib/gcc/avr/4.5.3/avr51/libgcc.a(_exit.o)
 .text          0x000079d2        0x0 /usr/lib/gcc/avr/4.5.3/avr51/libgcc.a(_copy_data.o)
 .text          0x000079d2        0x0 /usr/lib/gcc/avr/4.5.3/avr51/libgcc.a(_clear_bss.o)
 .text          0x000079d2      0xcac /usr/lib/gcc/avr/4.5.3/avr51/libgcc.a(_udivdi3.o)
                0x000079d2                __udivdi3
 .text          0x0000867e        0x0 /usr/lib/gcc/avr/4.5.3/avr51/libgcc.a(_prologue.o)
 .text          0x0000867e        0x0 /usr/lib/gcc/avr/4.5.3/avr51/libgcc.a(_epilogue.o)
 .text          0x0000867e        0x0 /usr/lib/gcc/avr/4.5.3/avr51/libgcc.a(_clz.o)
 .text          0x0000867e        0x0 /usr/lib/gcc/avr/4.5.3/../../../avr/lib/avr51/libc.a(ftoa_engine.o)
 .text          0x0000867e        0x0 /usr/lib/gcc/avr/4.5.3/../../../avr/lib/avr51/libc.a(strnlen_P.o)
 .text          0x0000867e        0x0 /usr/lib/gcc/avr/4.5.3/../../../avr/lib/avr51/libc.a(strnlen.o)
 .text          0x0000867e        0x0 /usr/lib/gcc/avr/4.5.3/../../../avr/lib/avr51/libc.a(fdevopen.o)
 .text          0x0000867e        0x0 /usr/lib/gcc/avr/4.5.3/../../../avr/lib/avr51/libc.a(fgetc.o)
 .text          0x0000867e        0x0 /usr/lib/gcc/avr/4.5.3/../../../avr/lib/avr51/libc.a(fputc.o)
 .text          0x0000867e        0x0 /usr/lib/gcc/avr/4.5.3/../../../avr/lib/avr51/libc.a(iob.o)
 .text          0x0000867e        0x0 /usr/lib/gcc/avr/4.5.3/../../../avr/lib/avr51/libc.a(printf.o)
 .text          0x0000867e        0x0 /usr/lib/gcc/avr/4.5.3/../../../avr/lib/avr51/libc.a(sprintf.o)
 .text          0x0000867e        0x0 /usr/lib/gcc/avr/4.5.3/../../../avr/lib/avr51/libc.a(ultoa_invert.o)
 .text          0x0000867e        0x0 /usr/lib/gcc/avr/4.5.3/../../../avr/lib/avr51/libc.a(eerd_byte_atmega128.o)
 .text          0x0000867e        0x0 /usr/lib/gcc/avr/4.5.3/../../../avr/lib/avr51/libc.a(eewr_byte_atmega128.o)
 .text          0x0000867e        0x0 /usr/lib/gcc/avr/4.5.3/../../../avr/lib/avr51/libc.a(calloc.o)
 .text          0x0000867e        0x0 /usr/lib/gcc/avr/4.5.3/../../../avr/lib/avr51/libc.a(malloc.o)
 .text          0x0000867e        0x0 /usr/lib/gcc/avr/4.5.3/../../../avr/lib/avr51/libc.a(memset.o)
                0x0000867e                . = ALIGN (0x2)
 *(.text.*)
 .text.avr-libc
                0x0000867e      0x75e /usr/lib/gcc/avr/4.5.3/../../../avr/lib/avr51/libprintf_flt.a(vfprintf_flt.o)
                0x0000867e                vfprintf
 .text.avr-libc.fplib
                0x00008ddc        0xa /usr/lib/gcc/avr/4.5.3/../../../avr/lib/avr51/libm.a(addsf3.o)
                0x00008ddc                __subsf3
                0x00008dde                __addsf3
 .text.avr-libc.fplib
                0x00008de6       0xc0 /usr/lib/gcc/avr/4.5.3/../../../avr/lib/avr51/libm.a(addsf3x.o)
                0x00008e00                __addsf3x
 .text.avr-libc.fplib
                0x00008ea6        0x4 /usr/lib/gcc/avr/4.5.3/../../../avr/lib/avr51/libm.a(divsf3.o)
                0x00008ea6                __divsf3
 .text.avr-libc.fplib
                0x00008eaa       0xcc /usr/lib/gcc/avr/4.5.3/../../../avr/lib/avr51/libm.a(divsf3x.o)
                0x00008ec0                __divsf3x
                0x00008ec4                __divsf3_pse
 .text.avr-libc.fplib
                0x00008f76       0x58 /usr/lib/gcc/avr/4.5.3/../../../avr/lib/avr51/libm.a(fixunssfsi.o)
                0x00008f76                __fixunssfsi
 .text.avr-libc.fplib
                0x00008fce       0x7a /usr/lib/gcc/avr/4.5.3/../../../avr/lib/avr51/libm.a(floatsisf.o)
                0x00008fce                __floatunsisf
                0x00008fd2                __floatsisf
 .text.avr-libc.fplib
                0x00009048        0xc /usr/lib/gcc/avr/4.5.3/../../../avr/lib/avr51/libm.a(fp_inf.o)
                0x00009048                __fp_inf
 .text.avr-libc.fplib
                0x00009054        0x6 /usr/lib/gcc/avr/4.5.3/../../../avr/lib/avr51/libm.a(fp_nan.o)
                0x00009054                __fp_nan
 .text.avr-libc.fplib
                0x0000905a        0xe /usr/lib/gcc/avr/4.5.3/../../../avr/lib/avr51/libm.a(fp_pscA.o)
                0x0000905a                __fp_pscA
 .text.avr-libc.fplib
                0x00009068        0xe /usr/lib/gcc/avr/4.5.3/../../../avr/lib/avr51/libm.a(fp_pscB.o)
                0x00009068                __fp_pscB
 .text.avr-libc.fplib
                0x00009076       0x22 /usr/lib/gcc/avr/4.5.3/../../../avr/lib/avr51/libm.a(fp_round.o)
                0x00009076                __fp_round
 .text.avr-libc.fplib
                0x00009098       0x44 /usr/lib/gcc/avr/4.5.3/../../../avr/lib/avr51/libm.a(fp_split3.o)
                0x00009098                __fp_split3
                0x000090a8                __fp_splitA
 .text.avr-libc.fplib
                0x000090dc        0xe /usr/lib/gcc/avr/4.5.3/../../../avr/lib/avr51/libm.a(fp_zero.o)
                0x000090dc                __fp_zero
                0x000090de                __fp_szero
 .text.avr-libc.fplib
                0x000090ea        0x8 /usr/lib/gcc/avr/4.5.3/../../../avr/lib/avr51/libm.a(gesf2.o)
                0x000090ea                __gtsf2
                0x000090ea                __gesf2
 .text.avr-libc.fplib
                0x000090f2       0x8a /usr/lib/gcc/avr/4.5.3/../../../avr/lib/avr51/libm.a(log.o)
                0x000090fc                log
 .text.avr-libc.fplib
                0x0000917c        0x4 /usr/lib/gcc/avr/4.5.3/../../../avr/lib/avr51/libm.a(mulsf3.o)
                0x0000917c                __mulsf3
 .text.avr-libc.fplib
                0x00009180       0xc2 /usr/lib/gcc/avr/4.5.3/../../../avr/lib/avr51/libm.a(mulsf3x.o)
                0x00009194                __mulsf3x
                0x00009198                __mulsf3_pse
 .text.avr-libc.fplib
                0x00009242       0x98 /usr/lib/gcc/avr/4.5.3/../../../avr/lib/avr51/libm.a(pow.o)
                0x00009242                pow
 .text.avr-libc.fplib
                0x000092da       0x62 /usr/lib/gcc/avr/4.5.3/../../../avr/lib/avr51/libm.a(exp.o)
                0x000092e4                exp
 .text.avr-libc.fplib
                0x0000933c       0x48 /usr/lib/gcc/avr/4.5.3/../../../avr/lib/avr51/libm.a(fp_cmp.o)
                0x0000933c                __fp_cmp
 .text.avr-libc.fplib
                0x00009384       0x1c /usr/lib/gcc/avr/4.5.3/../../../avr/lib/avr51/libm.a(fp_mpack.o)
                0x00009384                __fp_mpack
                0x00009388                __fp_mpack_finite
 .text.avr-libc.fplib
                0x000093a0       0x4a /usr/lib/gcc/avr/4.5.3/../../../avr/lib/avr51/libm.a(fp_powser.o)
                0x000093a0                __fp_powser
 .text.avr-libc.fplib
                0x000093ea        0xe /usr/lib/gcc/avr/4.5.3/../../../avr/lib/avr51/libm.a(inverse.o)
                0x000093ea                inverse
 .text.avr-libc.fplib
                0x000093f8       0x6c /usr/lib/gcc/avr/4.5.3/../../../avr/lib/avr51/libm.a(ldexp.o)
                0x000093fc                ldexp
 .text.avr-libc.fplib
                0x00009464       0x66 /usr/lib/gcc/avr/4.5.3/../../../avr/lib/avr51/libm.a(modf.o)
                0x00009464                modff
                0x00009464                modf
 .text.libgcc   0x000094ca       0x3e /usr/lib/gcc/avr/4.5.3/avr51/libgcc.a(_mulsi3.o)
                0x000094ca                __mulsi3
 .text.libgcc   0x00009508       0x28 /usr/lib/gcc/avr/4.5.3/avr51/libgcc.a(_udivmodhi4.o)
                0x00009508                __udivmodhi4
 .text.libgcc   0x00009530       0x44 /usr/lib/gcc/avr/4.5.3/avr51/libgcc.a(_udivmodsi4.o)
                0x00009530                __udivmodsi4
 .text.libgcc   0x00009574        0x0 /usr/lib/gcc/avr/4.5.3/avr51/libgcc.a(_exit.o)
 .text.libgcc   0x00009574        0x0 /usr/lib/gcc/avr/4.5.3/avr51/libgcc.a(_copy_data.o)
 .text.libgcc   0x00009574        0x0 /usr/lib/gcc/avr/4.5.3/avr51/libgcc.a(_clear_bss.o)
 .text.libgcc   0x00009574       0x38 /usr/lib/gcc/avr/4.5.3/avr51/libgcc.a(_prologue.o)
                0x00009574                __prologue_saves__
 .text.libgcc   0x000095ac       0x36 /usr/lib/gcc/avr/4.5.3/avr51/libgcc.a(_epilogue.o)
                0x000095ac                __epilogue_restores__
 .text.avr-libc
                0x000095e2      0x1b0 /usr/lib/gcc/avr/4.5.3/../../../avr/lib/avr51/libc.a(ftoa_engine.o)
                0x000095e2                __ftoa_engine
 .text.avr-libc
                0x00009792       0x16 /usr/lib/gcc/avr/4.5.3/../../../avr/lib/avr51/libc.a(strnlen_P.o)
                0x00009792                strnlen_P
 .text.avr-libc
                0x000097a8       0x16 /usr/lib/gcc/avr/4.5.3/../../../avr/lib/avr51/libc.a(strnlen.o)
                0x000097a8                strnlen
 .text.avr-libc
                0x000097be       0x96 /usr/lib/gcc/avr/4.5.3/../../../avr/lib/avr51/libc.a(fdevopen.o)
                0x000097be                fdevopen
 .text.avr-libc
                0x00009854       0x84 /usr/lib/gcc/avr/4.5.3/../../../avr/lib/avr51/libc.a(fgetc.o)
                0x00009854                fgetc
 .text.avr-libc
                0x000098d8       0x58 /usr/lib/gcc/avr/4.5.3/../../../avr/lib/avr51/libc.a(fputc.o)
                0x000098d8                fputc
 .text.avr-libc
                0x00009930       0x24 /usr/lib/gcc/avr/4.5.3/../../../avr/lib/avr51/libc.a(printf.o)
                0x00009930                printf
 .text.avr-libc
                0x00009954       0x60 /usr/lib/gcc/avr/4.5.3/../../../avr/lib/avr51/libc.a(sprintf.o)
                0x00009954                sprintf
 .text.avr-libc
                0x000099b4       0xbc /usr/lib/gcc/avr/4.5.3/../../../avr/lib/avr51/libc.a(ultoa_invert.o)
                0x000099b4                __ultoa_invert
 .text.avr-libc
                0x00009a70       0x10 /usr/lib/gcc/avr/4.5.3/../../../avr/lib/avr51/libc.a(eerd_byte_atmega128.o)
                0x00009a70                __eerd_byte_m128
 .text.avr-libc
                0x00009a80       0x1a /usr/lib/gcc/avr/4.5.3/../../../avr/lib/avr51/libc.a(eewr_byte_atmega128.o)
                0x00009a80                __eewr_byte_m128
                0x00009a82                __eewr_r18_m128
 .text.avr-libc
                0x00009a9a       0x4a /usr/lib/gcc/avr/4.5.3/../../../avr/lib/avr51/libc.a(calloc.o)
                0x00009a9a                calloc
 .text.avr-libc
                0x00009ae4      0x266 /usr/lib/gcc/avr/4.5.3/../../../avr/lib/avr51/libc.a(malloc.o)
                0x00009ae4                malloc
                0x00009c18                free
 .text.avr-libc
                0x00009d4a        0xe /usr/lib/gcc/avr/4.5.3/../../../avr/lib/avr51/libc.a(memset.o)
                0x00009d4a                memset
                0x00009d58                . = ALIGN (0x2)
 *(.fini9)
 .fini9         0x00009d58        0x0 /usr/lib/gcc/avr/4.5.3/avr51/libgcc.a(_exit.o)
                0x00009d58                exit
                0x00009d58                _exit
 *(.fini9)
 *(.fini8)
 *(.fini8)
 *(.fini7)
 *(.fini7)
 *(.fini6)
 *(.fini6)
 *(.fini5)
 *(.fini5)
 *(.fini4)
 *(.fini4)
 *(.fini3)
 *(.fini3)
 *(.fini2)
 *(.fini2)
 *(.fini1)
 *(.fini1)
 *(.fini0)
 .fini0         0x00009d58        0x4 /usr/lib/gcc/avr/4.5.3/avr51/libgcc.a(_exit.o)
 *(.fini0)
                0x00009d5c                _etext = .

.data           0x00800100      0x212 load address 0x00009d5c
                0x00800100                PROVIDE (__data_start, .)
 *(.data)
 .data          0x00800100        0x0 /usr/lib/gcc/avr/4.5.3/../../../avr/lib/avr51/crtm128.o
 .data          0x00800100       0x3e main.o
 .data          0x0080013e        0x0 ../../../src/radio/cc2420/source/hal_rf_set_channel.o
 .data          0x0080013e        0x0 ../../../src/radio/cc2420/source/hal_rf_wait_for_crystal_oscillator.o
 .data          0x0080013e        0x0 ../../../src/radio/cc2420/source/basic_rf.o
 .data          0x0080013e       0x23 ../../../src/platform/micaZ/source/ulib.o
                0x0080013e                NRK_LED_0
                0x0080013f                NRK_LED_1
                0x00800140                NRK_LED_2
                0x00800141                NRK_VREG_EN
                0x00800142                NRK_RESET_N
                0x00800143                NRK_CSN
                0x00800144                NRK_SCK
                0x00800145                NRK_MOSI
                0x00800146                NRK_MISO
                0x00800147                NRK_FIFO
                0x00800148                NRK_UART1_RXD
                0x00800149                NRK_UART1_TXD
                0x0080014a                NRK_SFD
                0x0080014b                NRK_UART1_RTS
                0x0080014c                NRK_CCA
                0x0080014d                NRK_UART1_CTS
                0x0080014e                NRK_UART0_RXD
                0x0080014f                NRK_UART0_TXD
                0x00800150                NRK_FIFOP
                0x00800151                NRK_ADC_INPUT_0
                0x00800152                NRK_ADC_INPUT_1
                0x00800153                NRK_ADC_INPUT_2
                0x00800154                NRK_ADC_INPUT_3
                0x00800155                NRK_ADC_INPUT_6
                0x00800156                NRK_ADC_INPUT_7
                0x00800157                NRK_DEBUG_0
                0x00800158                NRK_DEBUG_1
                0x00800159                NRK_DEBUG_2
                0x0080015a                NRK_DEBUG_3
                0x0080015b                NRK_LED_3
                0x0080015c                NRK_BLED
                0x0080015d                NRK_SPI_SS
                0x0080015e                NRK_GPIO26
                0x0080015f                NRK_GPIO28
                0x00800160                NRK_GPIO34
 .data          0x00800161        0x0 ../../../src/platform/micaZ/source/hal_wait.o
 .data          0x00800161        0x0 ../../../src/platform/micaZ/source/nrk_eeprom.o
 .data          0x00800161        0x0 ../../../src/kernel/source/nrk.o
 .data          0x00800161       0x2c ../../../src/kernel/source/nrk_stats.o
 .data          0x0080018d        0x3 ../../../src/kernel/source/nrk_error.o
 .data          0x00800190       0x4e ../../../src/kernel/source/nrk_stack_check.o
 .data          0x008001de       0x1d ../../../src/kernel/source/nrk_events.o
 .data          0x008001fb        0x0 ../../../src/kernel/source/nrk_task.o
 .data          0x008001fb        0x0 ../../../src/kernel/source/nrk_time.o
 .data          0x008001fb        0x0 ../../../src/kernel/source/nrk_idle_task.o
 .data          0x008001fb        0x0 ../../../src/kernel/source/nrk_scheduler.o
 .data          0x008001fb        0x0 ../../../src/kernel/source/nrk_driver.o
 .data          0x008001fb        0x0 ../../../src/kernel/source/nrk_reserve.o
 .data          0x008001fb        0x0 ../../../src/kernel/source/nrk_sw_wdt.o
 .data          0x008001fb        0x0 ../../../src/kernel/hal/atmega128/nrk_timer.o
 .data          0x008001fb        0x0 ../../../src/kernel/hal/atmega128/nrk_status.o
 .data          0x008001fb        0x0 ../../../src/kernel/hal/atmega128/nrk_ext_int.o
 .data          0x008001fb        0x0 ../../../src/kernel/hal/atmega128/nrk_watchdog.o
 .data          0x008001fb        0x0 ../../../src/kernel/hal/atmega128/nrk_cpu.o
 .data          0x008001fb        0x0 ../../../src/drivers/platform/micaZ/source/ad5242.o
 .data          0x008001fb        0x0 ../../../src/drivers/platform/micaZ/source/adc_driver.o
 .data          0x008001fb        0x0 ../../../src/drivers/platform/micaZ/source/i2c_driver.o
 .data          0x008001fb        0x0 ../../../src/drivers/platform/micaZ/source/mda100_driver.o
 .data          0x008001fb        0x0 ../../../src/drivers/platform/micaZ/source/mts310cb_driver.o
 .data          0x008001fb        0x0 ../../../src/drivers/platform/micaZ/source/DS2401.o
 .data          0x008001fb        0x0 ../../../src/drivers/platform/micaZ/source/DOGM128-6_Graphicdisplay_driver.o
 .data          0x008001fb        0x0 ../../../src/drivers/platform/micaZ/source/eDIP240-7_TouchPanel_driver.o
 .data          0x008001fb       0x10 ../../../src/drivers/platform/micaZ/source/TUM_LKN_Sensorboard_driver.o
                0x008001fb                steppertimeout
                0x008001fd                steps
                0x00800205                m_vbatt
                0x00800209                m_pwm
 .data          0x0080020b        0x0 ../../../src/kernel/hal/atmega128/atmel_hw_specific.o
 .data          0x0080020b        0x0 /usr/lib/gcc/avr/4.5.3/../../../avr/lib/avr51/libprintf_flt.a(vfprintf_flt.o)
 .data          0x0080020b        0x0 /usr/lib/gcc/avr/4.5.3/../../../avr/lib/avr51/libm.a(addsf3.o)
 .data          0x0080020b        0x0 /usr/lib/gcc/avr/4.5.3/../../../avr/lib/avr51/libm.a(addsf3x.o)
 .data          0x0080020b        0x0 /usr/lib/gcc/avr/4.5.3/../../../avr/lib/avr51/libm.a(divsf3.o)
 .data          0x0080020b        0x0 /usr/lib/gcc/avr/4.5.3/../../../avr/lib/avr51/libm.a(divsf3x.o)
 .data          0x0080020b        0x0 /usr/lib/gcc/avr/4.5.3/../../../avr/lib/avr51/libm.a(fixunssfsi.o)
 .data          0x0080020b        0x0 /usr/lib/gcc/avr/4.5.3/../../../avr/lib/avr51/libm.a(floatsisf.o)
 .data          0x0080020b        0x0 /usr/lib/gcc/avr/4.5.3/../../../avr/lib/avr51/libm.a(fp_inf.o)
 .data          0x0080020b        0x0 /usr/lib/gcc/avr/4.5.3/../../../avr/lib/avr51/libm.a(fp_nan.o)
 .data          0x0080020b        0x0 /usr/lib/gcc/avr/4.5.3/../../../avr/lib/avr51/libm.a(fp_pscA.o)
 .data          0x0080020b        0x0 /usr/lib/gcc/avr/4.5.3/../../../avr/lib/avr51/libm.a(fp_pscB.o)
 .data          0x0080020b        0x0 /usr/lib/gcc/avr/4.5.3/../../../avr/lib/avr51/libm.a(fp_round.o)
 .data          0x0080020b        0x0 /usr/lib/gcc/avr/4.5.3/../../../avr/lib/avr51/libm.a(fp_split3.o)
 .data          0x0080020b        0x0 /usr/lib/gcc/avr/4.5.3/../../../avr/lib/avr51/libm.a(fp_zero.o)
 .data          0x0080020b        0x0 /usr/lib/gcc/avr/4.5.3/../../../avr/lib/avr51/libm.a(gesf2.o)
 .data          0x0080020b        0x0 /usr/lib/gcc/avr/4.5.3/../../../avr/lib/avr51/libm.a(log.o)
 .data          0x0080020b        0x0 /usr/lib/gcc/avr/4.5.3/../../../avr/lib/avr51/libm.a(mulsf3.o)
 .data          0x0080020b        0x0 /usr/lib/gcc/avr/4.5.3/../../../avr/lib/avr51/libm.a(mulsf3x.o)
 .data          0x0080020b        0x0 /usr/lib/gcc/avr/4.5.3/../../../avr/lib/avr51/libm.a(pow.o)
 .data          0x0080020b        0x0 /usr/lib/gcc/avr/4.5.3/../../../avr/lib/avr51/libm.a(exp.o)
 .data          0x0080020b        0x0 /usr/lib/gcc/avr/4.5.3/../../../avr/lib/avr51/libm.a(fp_cmp.o)
 .data          0x0080020b        0x0 /usr/lib/gcc/avr/4.5.3/../../../avr/lib/avr51/libm.a(fp_mpack.o)
 .data          0x0080020b        0x0 /usr/lib/gcc/avr/4.5.3/../../../avr/lib/avr51/libm.a(fp_powser.o)
 .data          0x0080020b        0x0 /usr/lib/gcc/avr/4.5.3/../../../avr/lib/avr51/libm.a(inverse.o)
 .data          0x0080020b        0x0 /usr/lib/gcc/avr/4.5.3/../../../avr/lib/avr51/libm.a(ldexp.o)
 .data          0x0080020b        0x0 /usr/lib/gcc/avr/4.5.3/../../../avr/lib/avr51/libm.a(modf.o)
 .data          0x0080020b        0x0 /usr/lib/gcc/avr/4.5.3/avr51/libgcc.a(_mulsi3.o)
 .data          0x0080020b        0x0 /usr/lib/gcc/avr/4.5.3/avr51/libgcc.a(_udivmodhi4.o)
 .data          0x0080020b        0x0 /usr/lib/gcc/avr/4.5.3/avr51/libgcc.a(_udivmodsi4.o)
 .data          0x0080020b        0x0 /usr/lib/gcc/avr/4.5.3/avr51/libgcc.a(_exit.o)
 .data          0x0080020b        0x0 /usr/lib/gcc/avr/4.5.3/avr51/libgcc.a(_copy_data.o)
 .data          0x0080020b        0x0 /usr/lib/gcc/avr/4.5.3/avr51/libgcc.a(_clear_bss.o)
 .data          0x0080020b        0x0 /usr/lib/gcc/avr/4.5.3/avr51/libgcc.a(_udivdi3.o)
 .data          0x0080020b        0x0 /usr/lib/gcc/avr/4.5.3/avr51/libgcc.a(_prologue.o)
 .data          0x0080020b        0x0 /usr/lib/gcc/avr/4.5.3/avr51/libgcc.a(_epilogue.o)
 .data          0x0080020b      0x100 /usr/lib/gcc/avr/4.5.3/avr51/libgcc.a(_clz.o)
                0x0080020b                __clz_tab
 .data          0x0080030b        0x0 /usr/lib/gcc/avr/4.5.3/../../../avr/lib/avr51/libc.a(ftoa_engine.o)
 .data          0x0080030b        0x0 /usr/lib/gcc/avr/4.5.3/../../../avr/lib/avr51/libc.a(strnlen_P.o)
 .data          0x0080030b        0x0 /usr/lib/gcc/avr/4.5.3/../../../avr/lib/avr51/libc.a(strnlen.o)
 .data          0x0080030b        0x0 /usr/lib/gcc/avr/4.5.3/../../../avr/lib/avr51/libc.a(fdevopen.o)
 .data          0x0080030b        0x0 /usr/lib/gcc/avr/4.5.3/../../../avr/lib/avr51/libc.a(fgetc.o)
 .data          0x0080030b        0x0 /usr/lib/gcc/avr/4.5.3/../../../avr/lib/avr51/libc.a(fputc.o)
 .data          0x0080030b        0x0 /usr/lib/gcc/avr/4.5.3/../../../avr/lib/avr51/libc.a(iob.o)
 .data          0x0080030b        0x0 /usr/lib/gcc/avr/4.5.3/../../../avr/lib/avr51/libc.a(printf.o)
 .data          0x0080030b        0x0 /usr/lib/gcc/avr/4.5.3/../../../avr/lib/avr51/libc.a(sprintf.o)
 .data          0x0080030b        0x0 /usr/lib/gcc/avr/4.5.3/../../../avr/lib/avr51/libc.a(ultoa_invert.o)
 .data          0x0080030b        0x0 /usr/lib/gcc/avr/4.5.3/../../../avr/lib/avr51/libc.a(eerd_byte_atmega128.o)
 .data          0x0080030b        0x0 /usr/lib/gcc/avr/4.5.3/../../../avr/lib/avr51/libc.a(eewr_byte_atmega128.o)
 .data          0x0080030b        0x0 /usr/lib/gcc/avr/4.5.3/../../../avr/lib/avr51/libc.a(calloc.o)
 .data          0x0080030b        0x6 /usr/lib/gcc/avr/4.5.3/../../../avr/lib/avr51/libc.a(malloc.o)
                0x0080030b                __malloc_margin
                0x0080030d                __malloc_heap_start
                0x0080030f                __malloc_heap_end
 .data          0x00800311        0x0 /usr/lib/gcc/avr/4.5.3/../../../avr/lib/avr51/libc.a(memset.o)
 *(.data*)
 *(.rodata)
 *(.rodata*)
 *(.gnu.linkonce.d*)
                0x00800312                . = ALIGN (0x2)
 *fill*         0x00800311        0x1 00
                0x00800312                _edata = .
                0x00800312                PROVIDE (__data_end, .)

.bss            0x00800312      0x557
                0x00800312                PROVIDE (__bss_start, .)
 *(.bss)
 .bss           0x00800312        0x0 /usr/lib/gcc/avr/4.5.3/../../../avr/lib/avr51/crtm128.o
 .bss           0x00800312        0x0 main.o
 .bss           0x00800312        0x0 ../../../src/radio/cc2420/source/hal_rf_set_channel.o
 .bss           0x00800312        0x0 ../../../src/radio/cc2420/source/hal_rf_wait_for_crystal_oscillator.o
 .bss           0x00800312        0x0 ../../../src/radio/cc2420/source/basic_rf.o
 .bss           0x00800312        0x0 ../../../src/platform/micaZ/source/ulib.o
 .bss           0x00800312        0x0 ../../../src/platform/micaZ/source/hal_wait.o
 .bss           0x00800312        0x0 ../../../src/platform/micaZ/source/nrk_eeprom.o
 .bss           0x00800312        0x0 ../../../src/kernel/source/nrk.o
 .bss           0x00800312        0x0 ../../../src/kernel/source/nrk_stats.o
 .bss           0x00800312        0x1 ../../../src/kernel/source/nrk_error.o
 .bss           0x00800313        0x0 ../../../src/kernel/source/nrk_stack_check.o
 .bss           0x00800313        0x0 ../../../src/kernel/source/nrk_events.o
 .bss           0x00800313        0x0 ../../../src/kernel/source/nrk_task.o
 .bss           0x00800313        0x0 ../../../src/kernel/source/nrk_time.o
 .bss           0x00800313        0x0 ../../../src/kernel/source/nrk_idle_task.o
 .bss           0x00800313        0x0 ../../../src/kernel/source/nrk_scheduler.o
 .bss           0x00800313        0x0 ../../../src/kernel/source/nrk_driver.o
 .bss           0x00800313        0x0 ../../../src/kernel/source/nrk_reserve.o
 .bss           0x00800313        0x0 ../../../src/kernel/source/nrk_sw_wdt.o
 .bss           0x00800313        0x0 ../../../src/kernel/hal/atmega128/nrk_timer.o
 .bss           0x00800313        0x0 ../../../src/kernel/hal/atmega128/nrk_status.o
 .bss           0x00800313        0x0 ../../../src/kernel/hal/atmega128/nrk_ext_int.o
 .bss           0x00800313        0x0 ../../../src/kernel/hal/atmega128/nrk_watchdog.o
 .bss           0x00800313        0x0 ../../../src/kernel/hal/atmega128/nrk_cpu.o
 .bss           0x00800313        0x0 ../../../src/drivers/platform/micaZ/source/ad5242.o
 .bss           0x00800313        0x0 ../../../src/drivers/platform/micaZ/source/adc_driver.o
 .bss           0x00800313        0x0 ../../../src/drivers/platform/micaZ/source/i2c_driver.o
 .bss           0x00800313        0x1 ../../../src/drivers/platform/micaZ/source/mda100_driver.o
                0x00800313                mda100_initDone
 .bss           0x00800314        0x1 ../../../src/drivers/platform/micaZ/source/mts310cb_driver.o
                0x00800314                mts310cb_initDone
 .bss           0x00800315        0x0 ../../../src/drivers/platform/micaZ/source/DS2401.o
 .bss           0x00800315        0x0 ../../../src/drivers/platform/micaZ/source/DOGM128-6_Graphicdisplay_driver.o
 .bss           0x00800315        0x0 ../../../src/drivers/platform/micaZ/source/eDIP240-7_TouchPanel_driver.o
 .bss           0x00800315        0xd ../../../src/drivers/platform/micaZ/source/TUM_LKN_Sensorboard_driver.o
                0x00800315                m_currentstep
                0x00800316                i2cData
                0x0080031e                m_lastxs
                0x0080031f                m_ledstate
                0x00800320                m_prescaler
 .bss           0x00800322        0x0 ../../../src/kernel/hal/atmega128/atmel_hw_specific.o
 .bss           0x00800322        0x0 /usr/lib/gcc/avr/4.5.3/../../../avr/lib/avr51/libprintf_flt.a(vfprintf_flt.o)
 .bss           0x00800322        0x0 /usr/lib/gcc/avr/4.5.3/../../../avr/lib/avr51/libm.a(addsf3.o)
 .bss           0x00800322        0x0 /usr/lib/gcc/avr/4.5.3/../../../avr/lib/avr51/libm.a(addsf3x.o)
 .bss           0x00800322        0x0 /usr/lib/gcc/avr/4.5.3/../../../avr/lib/avr51/libm.a(divsf3.o)
 .bss           0x00800322        0x0 /usr/lib/gcc/avr/4.5.3/../../../avr/lib/avr51/libm.a(divsf3x.o)
 .bss           0x00800322        0x0 /usr/lib/gcc/avr/4.5.3/../../../avr/lib/avr51/libm.a(fixunssfsi.o)
 .bss           0x00800322        0x0 /usr/lib/gcc/avr/4.5.3/../../../avr/lib/avr51/libm.a(floatsisf.o)
 .bss           0x00800322        0x0 /usr/lib/gcc/avr/4.5.3/../../../avr/lib/avr51/libm.a(fp_inf.o)
 .bss           0x00800322        0x0 /usr/lib/gcc/avr/4.5.3/../../../avr/lib/avr51/libm.a(fp_nan.o)
 .bss           0x00800322        0x0 /usr/lib/gcc/avr/4.5.3/../../../avr/lib/avr51/libm.a(fp_pscA.o)
 .bss           0x00800322        0x0 /usr/lib/gcc/avr/4.5.3/../../../avr/lib/avr51/libm.a(fp_pscB.o)
 .bss           0x00800322        0x0 /usr/lib/gcc/avr/4.5.3/../../../avr/lib/avr51/libm.a(fp_round.o)
 .bss           0x00800322        0x0 /usr/lib/gcc/avr/4.5.3/../../../avr/lib/avr51/libm.a(fp_split3.o)
 .bss           0x00800322        0x0 /usr/lib/gcc/avr/4.5.3/../../../avr/lib/avr51/libm.a(fp_zero.o)
 .bss           0x00800322        0x0 /usr/lib/gcc/avr/4.5.3/../../../avr/lib/avr51/libm.a(gesf2.o)
 .bss           0x00800322        0x0 /usr/lib/gcc/avr/4.5.3/../../../avr/lib/avr51/libm.a(log.o)
 .bss           0x00800322        0x0 /usr/lib/gcc/avr/4.5.3/../../../avr/lib/avr51/libm.a(mulsf3.o)
 .bss           0x00800322        0x0 /usr/lib/gcc/avr/4.5.3/../../../avr/lib/avr51/libm.a(mulsf3x.o)
 .bss           0x00800322        0x0 /usr/lib/gcc/avr/4.5.3/../../../avr/lib/avr51/libm.a(pow.o)
 .bss           0x00800322        0x0 /usr/lib/gcc/avr/4.5.3/../../../avr/lib/avr51/libm.a(exp.o)
 .bss           0x00800322        0x0 /usr/lib/gcc/avr/4.5.3/../../../avr/lib/avr51/libm.a(fp_cmp.o)
 .bss           0x00800322        0x0 /usr/lib/gcc/avr/4.5.3/../../../avr/lib/avr51/libm.a(fp_mpack.o)
 .bss           0x00800322        0x0 /usr/lib/gcc/avr/4.5.3/../../../avr/lib/avr51/libm.a(fp_powser.o)
 .bss           0x00800322        0x0 /usr/lib/gcc/avr/4.5.3/../../../avr/lib/avr51/libm.a(inverse.o)
 .bss           0x00800322        0x0 /usr/lib/gcc/avr/4.5.3/../../../avr/lib/avr51/libm.a(ldexp.o)
 .bss           0x00800322        0x0 /usr/lib/gcc/avr/4.5.3/../../../avr/lib/avr51/libm.a(modf.o)
 .bss           0x00800322        0x0 /usr/lib/gcc/avr/4.5.3/avr51/libgcc.a(_mulsi3.o)
 .bss           0x00800322        0x0 /usr/lib/gcc/avr/4.5.3/avr51/libgcc.a(_udivmodhi4.o)
 .bss           0x00800322        0x0 /usr/lib/gcc/avr/4.5.3/avr51/libgcc.a(_udivmodsi4.o)
 .bss           0x00800322        0x0 /usr/lib/gcc/avr/4.5.3/avr51/libgcc.a(_exit.o)
 .bss           0x00800322        0x0 /usr/lib/gcc/avr/4.5.3/avr51/libgcc.a(_copy_data.o)
 .bss           0x00800322        0x0 /usr/lib/gcc/avr/4.5.3/avr51/libgcc.a(_clear_bss.o)
 .bss           0x00800322        0x0 /usr/lib/gcc/avr/4.5.3/avr51/libgcc.a(_udivdi3.o)
 .bss           0x00800322        0x0 /usr/lib/gcc/avr/4.5.3/avr51/libgcc.a(_prologue.o)
 .bss           0x00800322        0x0 /usr/lib/gcc/avr/4.5.3/avr51/libgcc.a(_epilogue.o)
 .bss           0x00800322        0x0 /usr/lib/gcc/avr/4.5.3/avr51/libgcc.a(_clz.o)
 .bss           0x00800322        0x0 /usr/lib/gcc/avr/4.5.3/../../../avr/lib/avr51/libc.a(ftoa_engine.o)
 .bss           0x00800322        0x0 /usr/lib/gcc/avr/4.5.3/../../../avr/lib/avr51/libc.a(strnlen_P.o)
 .bss           0x00800322        0x0 /usr/lib/gcc/avr/4.5.3/../../../avr/lib/avr51/libc.a(strnlen.o)
 .bss           0x00800322        0x0 /usr/lib/gcc/avr/4.5.3/../../../avr/lib/avr51/libc.a(fdevopen.o)
 .bss           0x00800322        0x0 /usr/lib/gcc/avr/4.5.3/../../../avr/lib/avr51/libc.a(fgetc.o)
 .bss           0x00800322        0x0 /usr/lib/gcc/avr/4.5.3/../../../avr/lib/avr51/libc.a(fputc.o)
 .bss           0x00800322        0x0 /usr/lib/gcc/avr/4.5.3/../../../avr/lib/avr51/libc.a(iob.o)
 .bss           0x00800322        0x0 /usr/lib/gcc/avr/4.5.3/../../../avr/lib/avr51/libc.a(printf.o)
 .bss           0x00800322        0x0 /usr/lib/gcc/avr/4.5.3/../../../avr/lib/avr51/libc.a(sprintf.o)
 .bss           0x00800322        0x0 /usr/lib/gcc/avr/4.5.3/../../../avr/lib/avr51/libc.a(ultoa_invert.o)
 .bss           0x00800322        0x0 /usr/lib/gcc/avr/4.5.3/../../../avr/lib/avr51/libc.a(eerd_byte_atmega128.o)
 .bss           0x00800322        0x0 /usr/lib/gcc/avr/4.5.3/../../../avr/lib/avr51/libc.a(eewr_byte_atmega128.o)
 .bss           0x00800322        0x0 /usr/lib/gcc/avr/4.5.3/../../../avr/lib/avr51/libc.a(calloc.o)
 .bss           0x00800322        0x0 /usr/lib/gcc/avr/4.5.3/../../../avr/lib/avr51/libc.a(malloc.o)
 .bss           0x00800322        0x0 /usr/lib/gcc/avr/4.5.3/../../../avr/lib/avr51/libc.a(memset.o)
 *(.bss*)
 *(COMMON)
 COMMON         0x00800322      0x335 main.o
                0x00800322                TaskFour
                0x0080034a                app_timer0_callback
                0x0080034c                Stack3
                0x008003cc                r3
                0x008003ce                error_task
                0x008003cf                _nrk_time_trigger
                0x008003d0                TaskOne
                0x008003f8                Stack2
                0x00800478                _nrk_signal_list
                0x0080047c                TaskThree
                0x008004a4                Stack1
                0x00800524                nrk_kernel_stk_ptr
                0x00800526                r2
                0x00800528                app_timer0_prescale
                0x00800529                _nrk_prev_timer_val
                0x0080052a                error_num
                0x0080052b                nrk_idle_task_stk
                0x008005ab                nrk_system_ceiling
                0x008005ad                Stack4
                0x0080062d                TaskTwo
                0x00800655                r1
 COMMON         0x00800657       0x1b ../../../src/radio/cc2420/source/basic_rf.o
                0x00800657                rx_ctr
                0x0080065b                radio_sem
                0x0080065d                security_enable
                0x0080065e                mdmctrl0
                0x00800660                rfSettings
                0x00800669                tmp_blah
                0x0080066b                auto_ack_enable
                0x0080066c                last_pkt_encrypted
                0x0080066d                tx_ctr
                0x00800671                rx_ready
 COMMON         0x00800672      0x1df ../../../src/kernel/source/nrk.o
                0x00800672                _free_node
                0x00800674                nrk_task_TCB
                0x00800737                next_next_wakeup
                0x00800739                nrk_sem_list
                0x00800748                nrk_task_init_cnt
                0x00800749                nrk_wakeup_signal
                0x0080074a                nrk_high_ready_TCB
                0x0080074c                _nrk_stats_sleep_time
                0x00800754                nrk_cur_task_prio
                0x00800755                _nrk_cpu_state
                0x00800756                _head_node
                0x00800758                nrk_system_time
                0x00800760                _nrk_resource_cnt
                0x00800761                nrk_cur_task_TCB
                0x00800763                nrk_high_ready_prio
                0x00800764                sw_wdts
                0x0080079d                cur_task_stats
                0x00800833                _nrk_readyQ
 COMMON         0x00800851        0x1 ../../../src/kernel/source/nrk_scheduler.o
                0x00800851                t
 COMMON         0x00800852        0x8 ../../../src/kernel/hal/atmega128/nrk_ext_int.o
                0x00800852                ext_int1_callback
                0x00800854                ext_int0_callback
                0x00800856                ext_int2_callback
                0x00800858                pc_int0_callback
 COMMON         0x0080085a        0x5 ../../../src/drivers/platform/micaZ/source/TUM_LKN_Sensorboard_driver.o
                0x0080085a                i2cDataLen
                0x0080085b                i2cDataDirection
                0x0080085c                m_channel
                0x0080085d                i2cDestination
 COMMON         0x0080085f        0x6 /usr/lib/gcc/avr/4.5.3/../../../avr/lib/avr51/libc.a(iob.o)
                0x0080085f                __iob
 COMMON         0x00800865        0x4 /usr/lib/gcc/avr/4.5.3/../../../avr/lib/avr51/libc.a(malloc.o)
                0x00800865                __brkval
                0x00800867                __flp
                0x00800869                PROVIDE (__bss_end, .)
                0x00009d5c                __data_load_start = LOADADDR (.data)
                0x00009f6e                __data_load_end = (__data_load_start + SIZEOF (.data))

.noinit         0x00800869        0x0
                0x00800869                PROVIDE (__noinit_start, .)
 *(.noinit*)
                0x00800869                PROVIDE (__noinit_end, .)
                0x00800869                _end = .
                0x00800869                PROVIDE (__heap_start, .)

.eeprom         0x00810000        0x0
 *(.eeprom*)
                0x00810000                __eeprom_end = .

.fuse
 *(.fuse)
 *(.lfuse)
 *(.hfuse)
 *(.efuse)

.lock
 *(.lock*)

.signature
 *(.signature*)

.stab           0x00000000    0x1a850
 *(.stab)
 .stab          0x00000000      0x6cc /usr/lib/gcc/avr/4.5.3/../../../avr/lib/avr51/crtm128.o
 .stab          0x000006cc      0xdf8 main.o
                                0xe04 (size before relaxing)
 .stab          0x000014c4      0x294 ../../../src/radio/cc2420/source/hal_rf_set_channel.o
                                0x600 (size before relaxing)
 .stab          0x00001758      0x264 ../../../src/radio/cc2420/source/hal_rf_wait_for_crystal_oscillator.o
                                0x5d0 (size before relaxing)
 .stab          0x000019bc     0x375c ../../../src/radio/cc2420/source/basic_rf.o
                               0x3b7c (size before relaxing)
 .stab          0x00005118     0x1170 ../../../src/platform/micaZ/source/ulib.o
                               0x14f4 (size before relaxing)
 .stab          0x00006288      0x240 ../../../src/platform/micaZ/source/hal_wait.o
                                0x5ac (size before relaxing)
 .stab          0x000064c8      0x684 ../../../src/platform/micaZ/source/nrk_eeprom.o
                                0x9f0 (size before relaxing)
 .stab          0x00006b4c      0xbd0 ../../../src/kernel/source/nrk.o
                                0xfc0 (size before relaxing)
 .stab          0x0000771c      0x9e4 ../../../src/kernel/source/nrk_stats.o
                                0xe1c (size before relaxing)
 .stab          0x00008100      0xbd0 ../../../src/kernel/source/nrk_error.o
                                0xff0 (size before relaxing)
 .stab          0x00008cd0      0x4a4 ../../../src/kernel/source/nrk_stack_check.o
                                0x8b8 (size before relaxing)
 .stab          0x00009174      0xfe4 ../../../src/kernel/source/nrk_events.o
                               0x1410 (size before relaxing)
 .stab          0x0000a158     0x1014 ../../../src/kernel/source/nrk_task.o
                               0x1440 (size before relaxing)
 .stab          0x0000b16c      0x7f8 ../../../src/kernel/source/nrk_time.o
                                0xc24 (size before relaxing)
 .stab          0x0000b964      0x348 ../../../src/kernel/source/nrk_idle_task.o
                                0x774 (size before relaxing)
 .stab          0x0000bcac      0x8e8 ../../../src/kernel/source/nrk_scheduler.o
                                0xd5c (size before relaxing)
 .stab          0x0000c594       0xe4 ../../../src/kernel/source/nrk_driver.o
                                 0xf0 (size before relaxing)
 .stab          0x0000c678       0xe4 ../../../src/kernel/source/nrk_reserve.o
                                 0xf0 (size before relaxing)
 .stab          0x0000c75c      0x648 ../../../src/kernel/source/nrk_sw_wdt.o
                                0xa80 (size before relaxing)
 .stab          0x0000cda4      0xda4 ../../../src/kernel/hal/atmega128/nrk_timer.o
                               0x11c4 (size before relaxing)
 .stab          0x0000db48      0x2dc ../../../src/kernel/hal/atmega128/nrk_status.o
                                0x648 (size before relaxing)
 .stab          0x0000de24      0x36c ../../../src/kernel/hal/atmega128/nrk_ext_int.o
                                0x6f0 (size before relaxing)
 .stab          0x0000e190      0x3e4 ../../../src/kernel/hal/atmega128/nrk_watchdog.o
                                0x7ec (size before relaxing)
 .stab          0x0000e574      0x780 ../../../src/kernel/hal/atmega128/nrk_cpu.o
                                0xba0 (size before relaxing)
 .stab          0x0000ecf4      0x1f8 ../../../src/drivers/platform/micaZ/source/ad5242.o
                                0x204 (size before relaxing)
 .stab          0x0000eeec      0x318 ../../../src/drivers/platform/micaZ/source/adc_driver.o
                                0x4e0 (size before relaxing)
 .stab          0x0000f204      0x534 ../../../src/drivers/platform/micaZ/source/i2c_driver.o
                                0x6fc (size before relaxing)
 .stab          0x0000f738      0x594 ../../../src/drivers/platform/micaZ/source/mda100_driver.o
                                0x75c (size before relaxing)
 .stab          0x0000fccc      0xb10 ../../../src/drivers/platform/micaZ/source/mts310cb_driver.o
                                0xcd8 (size before relaxing)
 .stab          0x000107dc      0x8ac ../../../src/drivers/platform/micaZ/source/DS2401.o
                                0xca8 (size before relaxing)
 .stab          0x00011088      0x828 ../../../src/drivers/platform/micaZ/source/DOGM128-6_Graphicdisplay_driver.o
                                0xa98 (size before relaxing)
 .stab          0x000118b0      0xeb8 ../../../src/drivers/platform/micaZ/source/eDIP240-7_TouchPanel_driver.o
                               0x12b4 (size before relaxing)
 .stab          0x00012768     0x18a8 ../../../src/drivers/platform/micaZ/source/TUM_LKN_Sensorboard_driver.o
                               0x1cec (size before relaxing)
 .stab          0x00014010      0x204 ../../../src/kernel/hal/atmega128/atmel_hw_specific.o
                                0x210 (size before relaxing)
 .stab          0x00014214     0x12f0 /usr/lib/gcc/avr/4.5.3/../../../avr/lib/avr51/libprintf_flt.a(vfprintf_flt.o)
                               0x1350 (size before relaxing)
 .stab          0x00015504       0x78 /usr/lib/gcc/avr/4.5.3/../../../avr/lib/avr51/libm.a(addsf3.o)
                                 0x84 (size before relaxing)
 .stab          0x0001557c      0x4bc /usr/lib/gcc/avr/4.5.3/../../../avr/lib/avr51/libm.a(addsf3x.o)
                                0x4c8 (size before relaxing)
 .stab          0x00015a38       0x48 /usr/lib/gcc/avr/4.5.3/../../../avr/lib/avr51/libm.a(divsf3.o)
                                 0x54 (size before relaxing)
 .stab          0x00015a80      0x510 /usr/lib/gcc/avr/4.5.3/../../../avr/lib/avr51/libm.a(divsf3x.o)
                                0x51c (size before relaxing)
 .stab          0x00015f90      0x240 /usr/lib/gcc/avr/4.5.3/../../../avr/lib/avr51/libm.a(fixunssfsi.o)
                                0x24c (size before relaxing)
 .stab          0x000161d0      0x318 /usr/lib/gcc/avr/4.5.3/../../../avr/lib/avr51/libm.a(floatsisf.o)
                                0x324 (size before relaxing)
 .stab          0x000164e8       0x78 /usr/lib/gcc/avr/4.5.3/../../../avr/lib/avr51/libm.a(fp_inf.o)
                                 0x84 (size before relaxing)
 .stab          0x00016560       0x54 /usr/lib/gcc/avr/4.5.3/../../../avr/lib/avr51/libm.a(fp_nan.o)
                                 0x60 (size before relaxing)
 .stab          0x000165b4       0x84 /usr/lib/gcc/avr/4.5.3/../../../avr/lib/avr51/libm.a(fp_pscA.o)
                                 0x90 (size before relaxing)
 .stab          0x00016638       0x84 /usr/lib/gcc/avr/4.5.3/../../../avr/lib/avr51/libm.a(fp_pscB.o)
                                 0x90 (size before relaxing)
 .stab          0x000166bc       0xfc /usr/lib/gcc/avr/4.5.3/../../../avr/lib/avr51/libm.a(fp_round.o)
                                0x108 (size before relaxing)
 .stab          0x000167b8      0x1d4 /usr/lib/gcc/avr/4.5.3/../../../avr/lib/avr51/libm.a(fp_split3.o)
                                0x1e0 (size before relaxing)
 .stab          0x0001698c       0x90 /usr/lib/gcc/avr/4.5.3/../../../avr/lib/avr51/libm.a(fp_zero.o)
                                 0x9c (size before relaxing)
 .stab          0x00016a1c       0x6c /usr/lib/gcc/avr/4.5.3/../../../avr/lib/avr51/libm.a(gesf2.o)
                                 0x78 (size before relaxing)
 .stab          0x00016a88      0x378 /usr/lib/gcc/avr/4.5.3/../../../avr/lib/avr51/libm.a(log.o)
                                0x384 (size before relaxing)
 .stab          0x00016e00       0x48 /usr/lib/gcc/avr/4.5.3/../../../avr/lib/avr51/libm.a(mulsf3.o)
                                 0x54 (size before relaxing)
 .stab          0x00016e48      0x4d4 /usr/lib/gcc/avr/4.5.3/../../../avr/lib/avr51/libm.a(mulsf3x.o)
                                0x4e0 (size before relaxing)
 .stab          0x0001731c      0x3c0 /usr/lib/gcc/avr/4.5.3/../../../avr/lib/avr51/libm.a(pow.o)
                                0x3cc (size before relaxing)
 .stab          0x000176dc      0x288 /usr/lib/gcc/avr/4.5.3/../../../avr/lib/avr51/libm.a(exp.o)
                                0x294 (size before relaxing)
 .stab          0x00017964      0x1e0 /usr/lib/gcc/avr/4.5.3/../../../avr/lib/avr51/libm.a(fp_cmp.o)
                                0x1ec (size before relaxing)
 .stab          0x00017b44       0xe4 /usr/lib/gcc/avr/4.5.3/../../../avr/lib/avr51/libm.a(fp_mpack.o)
                                 0xf0 (size before relaxing)
 .stab          0x00017c28      0x1ec /usr/lib/gcc/avr/4.5.3/../../../avr/lib/avr51/libm.a(fp_powser.o)
                                0x1f8 (size before relaxing)
 .stab          0x00017e14       0x84 /usr/lib/gcc/avr/4.5.3/../../../avr/lib/avr51/libm.a(inverse.o)
                                 0x90 (size before relaxing)
 .stab          0x00017e98      0x2c4 /usr/lib/gcc/avr/4.5.3/../../../avr/lib/avr51/libm.a(ldexp.o)
                                0x2d0 (size before relaxing)
 .stab          0x0001815c      0x2a0 /usr/lib/gcc/avr/4.5.3/../../../avr/lib/avr51/libm.a(modf.o)
                                0x2ac (size before relaxing)
 .stab          0x000183fc      0xa38 /usr/lib/gcc/avr/4.5.3/../../../avr/lib/avr51/libc.a(ftoa_engine.o)
                                0xa44 (size before relaxing)
 .stab          0x00018e34       0x9c /usr/lib/gcc/avr/4.5.3/../../../avr/lib/avr51/libc.a(strnlen_P.o)
                                 0xa8 (size before relaxing)
 .stab          0x00018ed0       0x9c /usr/lib/gcc/avr/4.5.3/../../../avr/lib/avr51/libc.a(strnlen.o)
                                 0xa8 (size before relaxing)
 .stab          0x00018f6c      0x288 /usr/lib/gcc/avr/4.5.3/../../../avr/lib/avr51/libc.a(fdevopen.o)
                                0x4b0 (size before relaxing)
 .stab          0x000191f4      0x264 /usr/lib/gcc/avr/4.5.3/../../../avr/lib/avr51/libc.a(fgetc.o)
                                0x444 (size before relaxing)
 .stab          0x00019458      0x1e0 /usr/lib/gcc/avr/4.5.3/../../../avr/lib/avr51/libc.a(fputc.o)
                                0x3c0 (size before relaxing)
 .stab          0x00019638      0x12c /usr/lib/gcc/avr/4.5.3/../../../avr/lib/avr51/libc.a(iob.o)
                                0x30c (size before relaxing)
 .stab          0x00019764      0x18c /usr/lib/gcc/avr/4.5.3/../../../avr/lib/avr51/libc.a(printf.o)
                                0x36c (size before relaxing)
 .stab          0x000198f0      0x1f8 /usr/lib/gcc/avr/4.5.3/../../../avr/lib/avr51/libc.a(sprintf.o)
                                0x3d8 (size before relaxing)
 .stab          0x00019ae8      0x480 /usr/lib/gcc/avr/4.5.3/../../../avr/lib/avr51/libc.a(ultoa_invert.o)
                                0x48c (size before relaxing)
 .stab          0x00019f68       0x90 /usr/lib/gcc/avr/4.5.3/../../../avr/lib/avr51/libc.a(eerd_byte_atmega128.o)
                                 0x9c (size before relaxing)
 .stab          0x00019ff8       0xd8 /usr/lib/gcc/avr/4.5.3/../../../avr/lib/avr51/libc.a(eewr_byte_atmega128.o)
                                 0xe4 (size before relaxing)
 .stab          0x0001a0d0      0x198 /usr/lib/gcc/avr/4.5.3/../../../avr/lib/avr51/libc.a(calloc.o)
                                0x1d4 (size before relaxing)
 .stab          0x0001a268      0x57c /usr/lib/gcc/avr/4.5.3/../../../avr/lib/avr51/libc.a(malloc.o)
                                0x75c (size before relaxing)
 .stab          0x0001a7e4       0x6c /usr/lib/gcc/avr/4.5.3/../../../avr/lib/avr51/libc.a(memset.o)
                                 0x78 (size before relaxing)

.stabstr        0x00000000     0x736a
 *(.stabstr)
 .stabstr       0x00000000     0x736a /usr/lib/gcc/avr/4.5.3/../../../avr/lib/avr51/crtm128.o

.stab.excl
 *(.stab.excl)

.stab.exclstr
 *(.stab.exclstr)

.stab.index
 *(.stab.index)

.stab.indexstr
 *(.stab.indexstr)

.comment
 *(.comment)

.debug
 *(.debug)

.line
 *(.line)

.debug_srcinfo
 *(.debug_srcinfo)

.debug_sfnames
 *(.debug_sfnames)

.debug_aranges
 *(.debug_aranges)

.debug_pubnames
 *(.debug_pubnames)

.debug_info
 *(.debug_info)
 *(.gnu.linkonce.wi.*)

.debug_abbrev
 *(.debug_abbrev)

.debug_line
 *(.debug_line)

.debug_frame
 *(.debug_frame)

.debug_str
 *(.debug_str)

.debug_loc
 *(.debug_loc)

.debug_macinfo
 *(.debug_macinfo)
OUTPUT(main.elf elf32-avr)
LOAD linker stubs

Cross Reference Table

Symbol                                            File
DOGM128_6_LCD_print                               ../../../src/drivers/platform/micaZ/source/DOGM128-6_Graphicdisplay_driver.o
DOGM128_6_clear_display                           ../../../src/drivers/platform/micaZ/source/DOGM128-6_Graphicdisplay_driver.o
DOGM128_6_display_backlight                       ../../../src/drivers/platform/micaZ/source/DOGM128-6_Graphicdisplay_driver.o
DOGM128_6_display_init                            ../../../src/drivers/platform/micaZ/source/DOGM128-6_Graphicdisplay_driver.o
DOGM128_6_usart1_sendByte                         ../../../src/drivers/platform/micaZ/source/DOGM128-6_Graphicdisplay_driver.o
DS2401_getSerialNumber                            ../../../src/drivers/platform/micaZ/source/DS2401.o
DS2401_init                                       ../../../src/drivers/platform/micaZ/source/DS2401.o
Maxim_1Wire_CommandReadRom                        ../../../src/drivers/platform/micaZ/source/DS2401.o
Maxim_1Wire_ReadBit                               ../../../src/drivers/platform/micaZ/source/DS2401.o
Maxim_1Wire_ReadByte                              ../../../src/drivers/platform/micaZ/source/DS2401.o
Maxim_1Wire_ResetPulse                            ../../../src/drivers/platform/micaZ/source/DS2401.o
Maxim_1Wire_WriteBit                              ../../../src/drivers/platform/micaZ/source/DS2401.o
Maxim_1Wire_WriteByte                             ../../../src/drivers/platform/micaZ/source/DS2401.o
NRK_ADC_INPUT_0                                   ../../../src/platform/micaZ/source/ulib.o
NRK_ADC_INPUT_1                                   ../../../src/platform/micaZ/source/ulib.o
NRK_ADC_INPUT_2                                   ../../../src/platform/micaZ/source/ulib.o
NRK_ADC_INPUT_3                                   ../../../src/platform/micaZ/source/ulib.o
NRK_ADC_INPUT_6                                   ../../../src/platform/micaZ/source/ulib.o
NRK_ADC_INPUT_7                                   ../../../src/platform/micaZ/source/ulib.o
NRK_BLED                                          ../../../src/platform/micaZ/source/ulib.o
NRK_CCA                                           ../../../src/platform/micaZ/source/ulib.o
NRK_CSN                                           ../../../src/platform/micaZ/source/ulib.o
NRK_DEBUG_0                                       ../../../src/platform/micaZ/source/ulib.o
                                                  ../../../src/radio/cc2420/source/basic_rf.o
NRK_DEBUG_1                                       ../../../src/platform/micaZ/source/ulib.o
                                                  ../../../src/radio/cc2420/source/basic_rf.o
NRK_DEBUG_2                                       ../../../src/platform/micaZ/source/ulib.o
NRK_DEBUG_3                                       ../../../src/platform/micaZ/source/ulib.o
NRK_FIFO                                          ../../../src/platform/micaZ/source/ulib.o
NRK_FIFOP                                         ../../../src/platform/micaZ/source/ulib.o
NRK_GPIO26                                        ../../../src/platform/micaZ/source/ulib.o
NRK_GPIO28                                        ../../../src/platform/micaZ/source/ulib.o
NRK_GPIO34                                        ../../../src/platform/micaZ/source/ulib.o
NRK_LED_0                                         ../../../src/platform/micaZ/source/ulib.o
NRK_LED_1                                         ../../../src/platform/micaZ/source/ulib.o
NRK_LED_2                                         ../../../src/platform/micaZ/source/ulib.o
NRK_LED_3                                         ../../../src/platform/micaZ/source/ulib.o
NRK_MISO                                          ../../../src/platform/micaZ/source/ulib.o
NRK_MOSI                                          ../../../src/platform/micaZ/source/ulib.o
NRK_RESET_N                                       ../../../src/platform/micaZ/source/ulib.o
NRK_SCK                                           ../../../src/platform/micaZ/source/ulib.o
NRK_SFD                                           ../../../src/platform/micaZ/source/ulib.o
NRK_SPI_SS                                        ../../../src/platform/micaZ/source/ulib.o
NRK_UART0_RXD                                     ../../../src/platform/micaZ/source/ulib.o
NRK_UART0_TXD                                     ../../../src/platform/micaZ/source/ulib.o
NRK_UART1_CTS                                     ../../../src/platform/micaZ/source/ulib.o
NRK_UART1_RTS                                     ../../../src/platform/micaZ/source/ulib.o
NRK_UART1_RXD                                     ../../../src/platform/micaZ/source/ulib.o
NRK_UART1_TXD                                     ../../../src/platform/micaZ/source/ulib.o
NRK_VREG_EN                                       ../../../src/platform/micaZ/source/ulib.o
S2V                                               ../../../src/drivers/platform/micaZ/source/TUM_LKN_Sensorboard_driver.o
Stack1                                            main.o
Stack2                                            main.o
Stack3                                            main.o
Stack4                                            main.o
TUM_LKN_Sensorboard_StepperIdle                   ../../../src/drivers/platform/micaZ/source/TUM_LKN_Sensorboard_driver.o
TUM_LKN_Sensorboard_getCurrentStep                ../../../src/drivers/platform/micaZ/source/TUM_LKN_Sensorboard_driver.o
TUM_LKN_Sensorboard_greenBlink                    ../../../src/drivers/platform/micaZ/source/TUM_LKN_Sensorboard_driver.o
TUM_LKN_Sensorboard_greenOff                      ../../../src/drivers/platform/micaZ/source/TUM_LKN_Sensorboard_driver.o
TUM_LKN_Sensorboard_greenOn                       ../../../src/drivers/platform/micaZ/source/TUM_LKN_Sensorboard_driver.o
TUM_LKN_Sensorboard_greenToggle                   ../../../src/drivers/platform/micaZ/source/TUM_LKN_Sensorboard_driver.o
TUM_LKN_Sensorboard_halfStepCCW                   ../../../src/drivers/platform/micaZ/source/TUM_LKN_Sensorboard_driver.o
TUM_LKN_Sensorboard_halfStepCW                    ../../../src/drivers/platform/micaZ/source/TUM_LKN_Sensorboard_driver.o
TUM_LKN_Sensorboard_init                          ../../../src/drivers/platform/micaZ/source/TUM_LKN_Sensorboard_driver.o
TUM_LKN_Sensorboard_laserBlink                    ../../../src/drivers/platform/micaZ/source/TUM_LKN_Sensorboard_driver.o
TUM_LKN_Sensorboard_laserOff                      ../../../src/drivers/platform/micaZ/source/TUM_LKN_Sensorboard_driver.o
TUM_LKN_Sensorboard_laserOn                       ../../../src/drivers/platform/micaZ/source/TUM_LKN_Sensorboard_driver.o
TUM_LKN_Sensorboard_laserToggle                   ../../../src/drivers/platform/micaZ/source/TUM_LKN_Sensorboard_driver.o
TUM_LKN_Sensorboard_readChannel                   ../../../src/drivers/platform/micaZ/source/TUM_LKN_Sensorboard_driver.o
TUM_LKN_Sensorboard_readChannel1                  ../../../src/drivers/platform/micaZ/source/TUM_LKN_Sensorboard_driver.o
TUM_LKN_Sensorboard_readChannel2                  ../../../src/drivers/platform/micaZ/source/TUM_LKN_Sensorboard_driver.o
TUM_LKN_Sensorboard_readChannel3                  ../../../src/drivers/platform/micaZ/source/TUM_LKN_Sensorboard_driver.o
TUM_LKN_Sensorboard_readPhotoVoltage              ../../../src/drivers/platform/micaZ/source/TUM_LKN_Sensorboard_driver.o
TUM_LKN_Sensorboard_redBlink                      ../../../src/drivers/platform/micaZ/source/TUM_LKN_Sensorboard_driver.o
TUM_LKN_Sensorboard_redOff                        ../../../src/drivers/platform/micaZ/source/TUM_LKN_Sensorboard_driver.o
TUM_LKN_Sensorboard_redOn                         ../../../src/drivers/platform/micaZ/source/TUM_LKN_Sensorboard_driver.o
TUM_LKN_Sensorboard_redToggle                     ../../../src/drivers/platform/micaZ/source/TUM_LKN_Sensorboard_driver.o
TUM_LKN_Sensorboard_setBeeper                     ../../../src/drivers/platform/micaZ/source/TUM_LKN_Sensorboard_driver.o
TUM_LKN_Sensorboard_setBrightness0                ../../../src/drivers/platform/micaZ/source/TUM_LKN_Sensorboard_driver.o
TUM_LKN_Sensorboard_setBrightness1                ../../../src/drivers/platform/micaZ/source/TUM_LKN_Sensorboard_driver.o
TUM_LKN_Sensorboard_setControl0                   ../../../src/drivers/platform/micaZ/source/TUM_LKN_Sensorboard_driver.o
TUM_LKN_Sensorboard_setControl1                   ../../../src/drivers/platform/micaZ/source/TUM_LKN_Sensorboard_driver.o
TUM_LKN_Sensorboard_stepCCW                       ../../../src/drivers/platform/micaZ/source/TUM_LKN_Sensorboard_driver.o
TUM_LKN_Sensorboard_stepCW                        ../../../src/drivers/platform/micaZ/source/TUM_LKN_Sensorboard_driver.o
TUM_LKN_Sensorboard_writeIO                       ../../../src/drivers/platform/micaZ/source/TUM_LKN_Sensorboard_driver.o
TUM_LKN_Sensorboard_writeIOs                      ../../../src/drivers/platform/micaZ/source/TUM_LKN_Sensorboard_driver.o
TUM_LKN_Sensorboard_writeValue                    ../../../src/drivers/platform/micaZ/source/TUM_LKN_Sensorboard_driver.o
TUM_LKN_Sensorboard_yellowBlink                   ../../../src/drivers/platform/micaZ/source/TUM_LKN_Sensorboard_driver.o
TUM_LKN_Sensorboard_yellowOff                     ../../../src/drivers/platform/micaZ/source/TUM_LKN_Sensorboard_driver.o
TUM_LKN_Sensorboard_yellowOn                      ../../../src/drivers/platform/micaZ/source/TUM_LKN_Sensorboard_driver.o
TUM_LKN_Sensorboard_yellowToggle                  ../../../src/drivers/platform/micaZ/source/TUM_LKN_Sensorboard_driver.o
TWI_read                                          ../../../src/drivers/platform/micaZ/source/TUM_LKN_Sensorboard_driver.o
TWI_write                                         ../../../src/drivers/platform/micaZ/source/TUM_LKN_Sensorboard_driver.o
Task1                                             main.o
Task2                                             main.o
Task3                                             main.o
Task4                                             main.o
TaskFour                                          main.o
TaskOne                                           main.o
TaskThree                                         main.o
TaskTwo                                           main.o
USART0_getchar                                    ../../../src/drivers/platform/micaZ/source/eDIP240-7_TouchPanel_driver.o
USART0_putchar                                    ../../../src/drivers/platform/micaZ/source/eDIP240-7_TouchPanel_driver.o
V2S                                               ../../../src/drivers/platform/micaZ/source/TUM_LKN_Sensorboard_driver.o
__addsf3                                          /usr/lib/gcc/avr/4.5.3/../../../avr/lib/avr51/libm.a(addsf3.o)
                                                  /usr/lib/gcc/avr/4.5.3/../../../avr/lib/avr51/libm.a(log.o)
                                                  ../../../src/drivers/platform/micaZ/source/mda100_driver.o
__addsf3x                                         /usr/lib/gcc/avr/4.5.3/../../../avr/lib/avr51/libm.a(addsf3x.o)
                                                  /usr/lib/gcc/avr/4.5.3/../../../avr/lib/avr51/libm.a(fp_powser.o)
                                                  /usr/lib/gcc/avr/4.5.3/../../../avr/lib/avr51/libm.a(log.o)
                                                  /usr/lib/gcc/avr/4.5.3/../../../avr/lib/avr51/libm.a(addsf3.o)
__bad_interrupt                                   /usr/lib/gcc/avr/4.5.3/../../../avr/lib/avr51/crtm128.o
__brkval                                          /usr/lib/gcc/avr/4.5.3/../../../avr/lib/avr51/libc.a(malloc.o)
__bss_end                                         /usr/lib/gcc/avr/4.5.3/avr51/libgcc.a(_clear_bss.o)
__bss_start                                       /usr/lib/gcc/avr/4.5.3/avr51/libgcc.a(_clear_bss.o)
__clz_tab                                         /usr/lib/gcc/avr/4.5.3/avr51/libgcc.a(_clz.o)
                                                  /usr/lib/gcc/avr/4.5.3/avr51/libgcc.a(_udivdi3.o)
__data_end                                        /usr/lib/gcc/avr/4.5.3/avr51/libgcc.a(_copy_data.o)
__data_load_start                                 /usr/lib/gcc/avr/4.5.3/avr51/libgcc.a(_copy_data.o)
__data_start                                      /usr/lib/gcc/avr/4.5.3/avr51/libgcc.a(_copy_data.o)
__divsf3                                          /usr/lib/gcc/avr/4.5.3/../../../avr/lib/avr51/libm.a(divsf3.o)
                                                  /usr/lib/gcc/avr/4.5.3/../../../avr/lib/avr51/libm.a(inverse.o)
                                                  ../../../src/drivers/platform/micaZ/source/TUM_LKN_Sensorboard_driver.o